Archive member included because of file (symbol)

e:/imt/tools/sdk/imt_sdk_win_64/winavr/bin/../lib/gcc/avr/4.3.3/avr5\libgcc.a(_exit.o)
                              e:/imt/tools/sdk/imt_sdk_win_64/winavr/bin/../lib/gcc/avr/4.3.3/../../../../avr/lib/avr5/crtm32.o (exit)
e:/imt/tools/sdk/imt_sdk_win_64/winavr/bin/../lib/gcc/avr/4.3.3/avr5\libgcc.a(_copy_data.o)
                              ./main.o (__do_copy_data)
e:/imt/tools/sdk/imt_sdk_win_64/winavr/bin/../lib/gcc/avr/4.3.3/avr5\libgcc.a(_clear_bss.o)
                              ./Lcd_prg.o (__do_clear_bss)
e:/imt/tools/sdk/imt_sdk_win_64/winavr/bin/../lib/gcc/avr/4.3.3/../../../../avr/lib/avr5\libc.a(memcpy.o)
                              ./queue.o (memcpy)
e:/imt/tools/sdk/imt_sdk_win_64/winavr/bin/../lib/gcc/avr/4.3.3/../../../../avr/lib/avr5\libc.a(memset.o)
                              ./stream_buffer.o (memset)

Allocating common symbols
Common symbol       size              file

arr_State           0x32              ./Lcd_prg.o
Buffer              0x2               ./main.o
arr_Queue           0x32              ./Lcd_prg.o

Memory Configuration

Name             Origin             Length             Attributes
text             0x00000000         0x00020000         xr
data             0x00800060         0x0000ffa0         rw !x
eeprom           0x00810000         0x00010000         rw !x
fuse             0x00820000         0x00000400         rw !x
lock             0x00830000         0x00000400         rw !x
signature        0x00840000         0x00000400         rw !x
*default*        0x00000000         0xffffffff

Linker script and memory map

LOAD e:/imt/tools/sdk/imt_sdk_win_64/winavr/bin/../lib/gcc/avr/4.3.3/../../../../avr/lib/avr5/crtm32.o
LOAD ./Dio_prg.o
LOAD ./Keypad_prg.o
LOAD ./Lcd_prg.o
LOAD ./croutine.o
LOAD ./event_groups.o
LOAD ./heap_1.o
LOAD ./list.o
LOAD ./main.o
LOAD ./port.o
LOAD ./queue.o
LOAD ./stream_buffer.o
LOAD ./tasks.o
LOAD ./timers.o
LOAD e:/imt/tools/sdk/imt_sdk_win_64/winavr/bin/../lib/gcc/avr/4.3.3/avr5\libgcc.a
LOAD e:/imt/tools/sdk/imt_sdk_win_64/winavr/bin/../lib/gcc/avr/4.3.3/../../../../avr/lib/avr5\libc.a
LOAD e:/imt/tools/sdk/imt_sdk_win_64/winavr/bin/../lib/gcc/avr/4.3.3/avr5\libgcc.a

.hash
 *(.hash)

.dynsym
 *(.dynsym)

.dynstr
 *(.dynstr)

.gnu.version
 *(.gnu.version)

.gnu.version_d
 *(.gnu.version_d)

.gnu.version_r
 *(.gnu.version_r)

.rel.init
 *(.rel.init)

.rela.init
 *(.rela.init)

.rel.text
 *(.rel.text)
 *(.rel.text.*)
 *(.rel.gnu.linkonce.t*)

.rela.text
 *(.rela.text)
 *(.rela.text.*)
 *(.rela.gnu.linkonce.t*)

.rel.fini
 *(.rel.fini)

.rela.fini
 *(.rela.fini)

.rel.rodata
 *(.rel.rodata)
 *(.rel.rodata.*)
 *(.rel.gnu.linkonce.r*)

.rela.rodata
 *(.rela.rodata)
 *(.rela.rodata.*)
 *(.rela.gnu.linkonce.r*)

.rel.data
 *(.rel.data)
 *(.rel.data.*)
 *(.rel.gnu.linkonce.d*)

.rela.data
 *(.rela.data)
 *(.rela.data.*)
 *(.rela.gnu.linkonce.d*)

.rel.ctors
 *(.rel.ctors)

.rela.ctors
 *(.rela.ctors)

.rel.dtors
 *(.rel.dtors)

.rela.dtors
 *(.rela.dtors)

.rel.got
 *(.rel.got)

.rela.got
 *(.rela.got)

.rel.bss
 *(.rel.bss)

.rela.bss
 *(.rela.bss)

.rel.plt
 *(.rel.plt)

.rela.plt
 *(.rela.plt)

.text           0x00000000     0x65fc
 *(.vectors)
 .vectors       0x00000000       0x54 e:/imt/tools/sdk/imt_sdk_win_64/winavr/bin/../lib/gcc/avr/4.3.3/../../../../avr/lib/avr5/crtm32.o
                0x00000000                __vectors
                0x00000000                __vector_default
 *(.vectors)
 *(.progmem.gcc*)
 *(.progmem*)
                0x00000054                . = ALIGN (0x2)
                0x00000054                __trampolines_start = .
 *(.trampolines)
 .trampolines   0x00000054        0x0 linker stubs
 *(.trampolines*)
                0x00000054                __trampolines_end = .
 *(.jumptables)
 *(.jumptables*)
 *(.lowtext)
 *(.lowtext*)
                0x00000054                __ctors_start = .
 *(.ctors)
                0x00000054                __ctors_end = .
                0x00000054                __dtors_start = .
 *(.dtors)
                0x00000054                __dtors_end = .
 SORT(*)(.ctors)
 SORT(*)(.dtors)
 *(.init0)
 .init0         0x00000054        0x0 e:/imt/tools/sdk/imt_sdk_win_64/winavr/bin/../lib/gcc/avr/4.3.3/../../../../avr/lib/avr5/crtm32.o
                0x00000054                __init
 *(.init0)
 *(.init1)
 *(.init1)
 *(.init2)
 .init2         0x00000054        0xc e:/imt/tools/sdk/imt_sdk_win_64/winavr/bin/../lib/gcc/avr/4.3.3/../../../../avr/lib/avr5/crtm32.o
 *(.init2)
 *(.init3)
 *(.init3)
 *(.init4)
 .init4         0x00000060       0x16 e:/imt/tools/sdk/imt_sdk_win_64/winavr/bin/../lib/gcc/avr/4.3.3/avr5\libgcc.a(_copy_data.o)
                0x00000060                __do_copy_data
 .init4         0x00000076       0x10 e:/imt/tools/sdk/imt_sdk_win_64/winavr/bin/../lib/gcc/avr/4.3.3/avr5\libgcc.a(_clear_bss.o)
                0x00000076                __do_clear_bss
 *(.init4)
 *(.init5)
 *(.init5)
 *(.init6)
 *(.init6)
 *(.init7)
 *(.init7)
 *(.init8)
 *(.init8)
 *(.init9)
 .init9         0x00000086        0x8 e:/imt/tools/sdk/imt_sdk_win_64/winavr/bin/../lib/gcc/avr/4.3.3/../../../../avr/lib/avr5/crtm32.o
 *(.init9)
 *(.text)
 .text          0x0000008e        0x4 e:/imt/tools/sdk/imt_sdk_win_64/winavr/bin/../lib/gcc/avr/4.3.3/../../../../avr/lib/avr5/crtm32.o
                0x0000008e                __vector_1
                0x0000008e                __vector_12
                0x0000008e                __bad_interrupt
                0x0000008e                __vector_6
                0x0000008e                __vector_3
                0x0000008e                __vector_11
                0x0000008e                __vector_13
                0x0000008e                __vector_17
                0x0000008e                __vector_19
                0x0000008e                __vector_5
                0x0000008e                __vector_4
                0x0000008e                __vector_9
                0x0000008e                __vector_2
                0x0000008e                __vector_15
                0x0000008e                __vector_8
                0x0000008e                __vector_14
                0x0000008e                __vector_10
                0x0000008e                __vector_16
                0x0000008e                __vector_18
                0x0000008e                __vector_20
 .text          0x00000092        0x0 ./Dio_prg.o
 .text          0x00000092        0x0 ./Keypad_prg.o
 .text          0x00000092        0x0 ./Lcd_prg.o
 .text          0x00000092        0x0 ./croutine.o
 .text          0x00000092        0x0 ./event_groups.o
 .text          0x00000092        0x0 ./heap_1.o
 .text          0x00000092        0x0 ./list.o
 .text          0x00000092        0x0 ./main.o
 .text          0x00000092        0x0 ./port.o
 .text          0x00000092        0x0 ./queue.o
 .text          0x00000092        0x0 ./stream_buffer.o
 .text          0x00000092        0x0 ./tasks.o
 .text          0x00000092        0x0 ./timers.o
 .text          0x00000092        0x0 e:/imt/tools/sdk/imt_sdk_win_64/winavr/bin/../lib/gcc/avr/4.3.3/avr5\libgcc.a(_exit.o)
 .text          0x00000092        0x0 e:/imt/tools/sdk/imt_sdk_win_64/winavr/bin/../lib/gcc/avr/4.3.3/avr5\libgcc.a(_copy_data.o)
 .text          0x00000092        0x0 e:/imt/tools/sdk/imt_sdk_win_64/winavr/bin/../lib/gcc/avr/4.3.3/avr5\libgcc.a(_clear_bss.o)
 .text          0x00000092        0x0 e:/imt/tools/sdk/imt_sdk_win_64/winavr/bin/../lib/gcc/avr/4.3.3/../../../../avr/lib/avr5\libc.a(memcpy.o)
 .text          0x00000092        0x0 e:/imt/tools/sdk/imt_sdk_win_64/winavr/bin/../lib/gcc/avr/4.3.3/../../../../avr/lib/avr5\libc.a(memset.o)
                0x00000092                . = ALIGN (0x2)
 *(.text.*)
 .text.Dio_vidSetPinDir
                0x00000092      0x6cc ./Dio_prg.o
                0x00000092                Dio_vidSetPinDir
 .text.Dio_vidSetPinVal
                0x0000075e      0x6cc ./Dio_prg.o
                0x0000075e                Dio_vidSetPinVal
 .text.Dio_u8GetPinVal
                0x00000e2a      0x424 ./Dio_prg.o
                0x00000e2a                Dio_u8GetPinVal
 .text.Keypad_vidInit
                0x0000124e       0x8e ./Keypad_prg.o
                0x0000124e                Keypad_vidInit
 .text.Keypad_u8GetKey
                0x000012dc      0x44a ./Keypad_prg.o
                0x000012dc                Keypad_u8GetKey
 .text.Lcd_vidSendCommand
                0x00001726       0xbe ./Lcd_prg.o
                0x00001726                Lcd_vidSendCommand
 .text.Lcd_vidInit
                0x000017e4      0x126 ./Lcd_prg.o
                0x000017e4                Lcd_vidInit
 .text.Lcd_vidWriteChar
                0x0000190a       0xbe ./Lcd_prg.o
                0x0000190a                Lcd_vidWriteChar
 .text.Lcd_vidEnableTrigger
                0x000019c8       0x16 ./Lcd_prg.o
                0x000019c8                Lcd_vidEnableTrigger
 .text.Lcd_vidDisableTrigger
                0x000019de       0x16 ./Lcd_prg.o
                0x000019de                Lcd_vidDisableTrigger
 .text.Lcd_vidQueueChar
                0x000019f4       0x40 ./Lcd_prg.o
                0x000019f4                Lcd_vidQueueChar
 .text.Lcd_vidQueueCommand
                0x00001a34       0x42 ./Lcd_prg.o
                0x00001a34                Lcd_vidQueueCommand
 .text.Lcd_vidQueueString
                0x00001a76       0x78 ./Lcd_prg.o
                0x00001a76                Lcd_vidQueueString
 .text.Lcd_vidClearQueue
                0x00001aee       0x46 ./Lcd_prg.o
                0x00001aee                Lcd_vidClearQueue
 .text.Lcd_u8ReadQueue
                0x00001b34       0xe0 ./Lcd_prg.o
                0x00001b34                Lcd_u8ReadQueue
 .text.xEventGroupCreate
                0x00001c14       0x3e ./event_groups.o
                0x00001c14                xEventGroupCreate
 .text.xEventGroupSync
                0x00001c52      0x172 ./event_groups.o
                0x00001c52                xEventGroupSync
 .text.xEventGroupWaitBits
                0x00001dc4      0x18c ./event_groups.o
                0x00001dc4                xEventGroupWaitBits
 .text.xEventGroupClearBits
                0x00001f50       0x6c ./event_groups.o
                0x00001f50                xEventGroupClearBits
 .text.xEventGroupGetBitsFromISR
                0x00001fbc       0x44 ./event_groups.o
                0x00001fbc                xEventGroupGetBitsFromISR
 .text.xEventGroupSetBits
                0x00002000      0x164 ./event_groups.o
                0x00002000                xEventGroupSetBits
 .text.vEventGroupDelete
                0x00002164       0x62 ./event_groups.o
                0x00002164                vEventGroupDelete
 .text.vEventGroupSetBitsCallback
                0x000021c6       0x3a ./event_groups.o
                0x000021c6                vEventGroupSetBitsCallback
 .text.vEventGroupClearBitsCallback
                0x00002200       0x3a ./event_groups.o
                0x00002200                vEventGroupClearBitsCallback
 .text.prvTestWaitCondition
                0x0000223a       0x64 ./event_groups.o
 .text.pvPortMalloc
                0x0000229e       0xac ./heap_1.o
                0x0000229e                pvPortMalloc
 .text.vPortFree
                0x0000234a       0x18 ./heap_1.o
                0x0000234a                vPortFree
 .text.vPortInitialiseBlocks
                0x00002362       0x16 ./heap_1.o
                0x00002362                vPortInitialiseBlocks
 .text.xPortGetFreeHeapSize
                0x00002378       0x1e ./heap_1.o
                0x00002378                xPortGetFreeHeapSize
 .text.vListInitialise
                0x00002396       0x54 ./list.o
                0x00002396                vListInitialise
 .text.vListInitialiseItem
                0x000023ea       0x20 ./list.o
                0x000023ea                vListInitialiseItem
 .text.vListInsertEnd
                0x0000240a       0x88 ./list.o
                0x0000240a                vListInsertEnd
 .text.vListInsert
                0x00002492       0xd8 ./list.o
                0x00002492                vListInsert
 .text.uxListRemove
                0x0000256a       0x98 ./list.o
                0x0000256a                uxListRemove
 .text.main     0x00002602       0x90 ./main.o
                0x00002602                main
 .text.KeyPad_Task_Func
                0x00002692       0x68 ./main.o
                0x00002692                KeyPad_Task_Func
 .text.LCD_Task_Func
                0x000026fa       0x40 ./main.o
                0x000026fa                LCD_Task_Func
 .text.LCD_QUEU_Func
                0x0000273a       0x34 ./main.o
                0x0000273a                LCD_QUEU_Func
 .text.pxPortInitialiseStack
                0x0000276e      0x306 ./port.o
                0x0000276e                pxPortInitialiseStack
 .text.xPortStartScheduler
                0x00002a74       0x6a ./port.o
                0x00002a74                xPortStartScheduler
 .text.vPortEndScheduler
                0x00002ade        0xe ./port.o
                0x00002ade                vPortEndScheduler
 .text.vPortYield
                0x00002aec       0xb2 ./port.o
                0x00002aec                vPortYield
 .text.vPortYieldFromTick
                0x00002b9e       0xba ./port.o
                0x00002b9e                vPortYieldFromTick
 .text.prvSetupTimerInterrupt
                0x00002c58       0xb8 ./port.o
 .text.__vector_7
                0x00002d10        0x6 ./port.o
                0x00002d10                __vector_7
 .text.xQueueGenericReset
                0x00002d16      0x10c ./queue.o
                0x00002d16                xQueueGenericReset
 .text.xQueueGenericCreate
                0x00002e22       0xa2 ./queue.o
                0x00002e22                xQueueGenericCreate
 .text.prvInitialiseNewQueue
                0x00002ec4       0x76 ./queue.o
 .text.xQueueCreateCountingSemaphore
                0x00002f3a       0x40 ./queue.o
                0x00002f3a                xQueueCreateCountingSemaphore
 .text.xQueueGenericSend
                0x00002f7a      0x158 ./queue.o
                0x00002f7a                xQueueGenericSend
 .text.xQueueGenericSendFromISR
                0x000030d2       0xb0 ./queue.o
                0x000030d2                xQueueGenericSendFromISR
 .text.xQueueGiveFromISR
                0x00003182       0xa2 ./queue.o
                0x00003182                xQueueGiveFromISR
 .text.xQueueReceive
                0x00003224      0x156 ./queue.o
                0x00003224                xQueueReceive
 .text.xQueueSemaphoreTake
                0x0000337a      0x144 ./queue.o
                0x0000337a                xQueueSemaphoreTake
 .text.xQueuePeek
                0x000034be      0x164 ./queue.o
                0x000034be                xQueuePeek
 .text.xQueueReceiveFromISR
                0x00003622       0xae ./queue.o
                0x00003622                xQueueReceiveFromISR
 .text.xQueuePeekFromISR
                0x000036d0       0x72 ./queue.o
                0x000036d0                xQueuePeekFromISR
 .text.uxQueueMessagesWaiting
                0x00003742       0x30 ./queue.o
                0x00003742                uxQueueMessagesWaiting
 .text.uxQueueSpacesAvailable
                0x00003772       0x4a ./queue.o
                0x00003772                uxQueueSpacesAvailable
 .text.uxQueueMessagesWaitingFromISR
                0x000037bc       0x34 ./queue.o
                0x000037bc                uxQueueMessagesWaitingFromISR
 .text.vQueueDelete
                0x000037f0       0x2e ./queue.o
                0x000037f0                vQueueDelete
 .text.prvCopyDataToQueue
                0x0000381e      0x14c ./queue.o
 .text.prvCopyDataFromQueue
                0x0000396a       0x8e ./queue.o
 .text.prvUnlockQueue
                0x000039f8       0xa6 ./queue.o
 .text.prvIsQueueEmpty
                0x00003a9e       0x3a ./queue.o
 .text.xQueueIsQueueEmptyFromISR
                0x00003ad8       0x3e ./queue.o
                0x00003ad8                xQueueIsQueueEmptyFromISR
 .text.prvIsQueueFull
                0x00003b16       0x40 ./queue.o
 .text.xQueueIsQueueFullFromISR
                0x00003b56       0x44 ./queue.o
                0x00003b56                xQueueIsQueueFullFromISR
 .text.xStreamBufferGenericCreate
                0x00003b9a       0x98 ./stream_buffer.o
                0x00003b9a                xStreamBufferGenericCreate
 .text.vStreamBufferDelete
                0x00003c32       0x52 ./stream_buffer.o
                0x00003c32                vStreamBufferDelete
 .text.xStreamBufferReset
                0x00003c84       0x84 ./stream_buffer.o
                0x00003c84                xStreamBufferReset
 .text.xStreamBufferSetTriggerLevel
                0x00003d08       0x6e ./stream_buffer.o
                0x00003d08                xStreamBufferSetTriggerLevel
 .text.xStreamBufferSpacesAvailable
                0x00003d76       0x8c ./stream_buffer.o
                0x00003d76                xStreamBufferSpacesAvailable
 .text.xStreamBufferBytesAvailable
                0x00003e02       0x3c ./stream_buffer.o
                0x00003e02                xStreamBufferBytesAvailable
 .text.xStreamBufferSend
                0x00003e3e      0x190 ./stream_buffer.o
                0x00003e3e                xStreamBufferSend
 .text.xStreamBufferSendFromISR
                0x00003fce       0xfa ./stream_buffer.o
                0x00003fce                xStreamBufferSendFromISR
 .text.prvWriteMessageToBuffer
                0x000040c8       0xe4 ./stream_buffer.o
 .text.xStreamBufferReceive
                0x000041ac      0x174 ./stream_buffer.o
                0x000041ac                xStreamBufferReceive
 .text.xStreamBufferNextMessageLengthBytes
                0x00004320       0xa4 ./stream_buffer.o
                0x00004320                xStreamBufferNextMessageLengthBytes
 .text.xStreamBufferReceiveFromISR
                0x000043c4       0xf0 ./stream_buffer.o
                0x000043c4                xStreamBufferReceiveFromISR
 .text.prvReadMessageFromBuffer
                0x000044b4       0xd8 ./stream_buffer.o
 .text.xStreamBufferIsEmpty
                0x0000458c       0x5a ./stream_buffer.o
                0x0000458c                xStreamBufferIsEmpty
 .text.xStreamBufferIsFull
                0x000045e6       0x70 ./stream_buffer.o
                0x000045e6                xStreamBufferIsFull
 .text.xStreamBufferSendCompletedFromISR
                0x00004656       0x86 ./stream_buffer.o
                0x00004656                xStreamBufferSendCompletedFromISR
 .text.xStreamBufferReceiveCompletedFromISR
                0x000046dc       0x86 ./stream_buffer.o
                0x000046dc                xStreamBufferReceiveCompletedFromISR
 .text.prvWriteBytesToBuffer
                0x00004762      0x11a ./stream_buffer.o
 .text.prvReadBytesFromBuffer
                0x0000487c      0x15a ./stream_buffer.o
 .text.prvBytesInBuffer
                0x000049d6       0x74 ./stream_buffer.o
 .text.prvInitialiseNewStreamBuffer
                0x00004a4a       0x78 ./stream_buffer.o
 .text.xTaskCreate
                0x00004ac2       0xf0 ./tasks.o
                0x00004ac2                xTaskCreate
 .text.prvInitialiseNewTask
                0x00004bb2      0x178 ./tasks.o
 .text.prvAddNewTaskToReadyList
                0x00004d2a       0xf0 ./tasks.o
 .text.vTaskDelete
                0x00004e1a       0xe4 ./tasks.o
                0x00004e1a                vTaskDelete
 .text.vTaskDelayUntil
                0x00004efe       0xe4 ./tasks.o
                0x00004efe                vTaskDelayUntil
 .text.vTaskDelay
                0x00004fe2       0x44 ./tasks.o
                0x00004fe2                vTaskDelay
 .text.vTaskSuspend
                0x00005026       0xe8 ./tasks.o
                0x00005026                vTaskSuspend
 .text.prvTaskIsTaskSuspended
                0x0000510e       0x5e ./tasks.o
 .text.vTaskResume
                0x0000516c       0xc8 ./tasks.o
                0x0000516c                vTaskResume
 .text.xTaskResumeFromISR
                0x00005234       0xcc ./tasks.o
                0x00005234                xTaskResumeFromISR
 .text.vTaskStartScheduler
                0x00005300       0x64 ./tasks.o
                0x00005300                vTaskStartScheduler
 .text.vTaskEndScheduler
                0x00005364       0x18 ./tasks.o
                0x00005364                vTaskEndScheduler
 .text.vTaskSuspendAll
                0x0000537c       0x18 ./tasks.o
                0x0000537c                vTaskSuspendAll
 .text.xTaskResumeAll
                0x00005394      0x126 ./tasks.o
                0x00005394                xTaskResumeAll
 .text.xTaskGetTickCount
                0x000054ba       0x2e ./tasks.o
                0x000054ba                xTaskGetTickCount
 .text.xTaskGetTickCountFromISR
                0x000054e8       0x2a ./tasks.o
                0x000054e8                xTaskGetTickCountFromISR
 .text.uxTaskGetNumberOfTasks
                0x00005512       0x12 ./tasks.o
                0x00005512                uxTaskGetNumberOfTasks
 .text.pcTaskGetName
                0x00005524       0x50 ./tasks.o
                0x00005524                pcTaskGetName
 .text.xTaskIncrementTick
                0x00005574      0x1ca ./tasks.o
                0x00005574                xTaskIncrementTick
 .text.vTaskSwitchContext
                0x0000573e       0xda ./tasks.o
                0x0000573e                vTaskSwitchContext
 .text.vTaskPlaceOnEventList
                0x00005818       0x44 ./tasks.o
                0x00005818                vTaskPlaceOnEventList
 .text.vTaskPlaceOnUnorderedEventList
                0x0000585c       0x60 ./tasks.o
                0x0000585c                vTaskPlaceOnUnorderedEventList
 .text.xTaskRemoveFromEventList
                0x000058bc       0xd6 ./tasks.o
                0x000058bc                xTaskRemoveFromEventList
 .text.vTaskRemoveFromUnorderedEventList
                0x00005992       0xba ./tasks.o
                0x00005992                vTaskRemoveFromUnorderedEventList
 .text.vTaskSetTimeOutState
                0x00005a4c       0x3c ./tasks.o
                0x00005a4c                vTaskSetTimeOutState
 .text.vTaskInternalSetTimeOutState
                0x00005a88       0x32 ./tasks.o
                0x00005a88                vTaskInternalSetTimeOutState
 .text.xTaskCheckForTimeOut
                0x00005aba       0xda ./tasks.o
                0x00005aba                xTaskCheckForTimeOut
 .text.vTaskMissedYield
                0x00005b94       0x14 ./tasks.o
                0x00005b94                vTaskMissedYield
 .text.prvIdleTask
                0x00005ba8       0x14 ./tasks.o
 .text.prvInitialiseTaskLists
                0x00005bbc       0x82 ./tasks.o
 .text.prvCheckTasksWaitingTermination
                0x00005c3e       0x5e ./tasks.o
 .text.prvDeleteTCB
                0x00005c9c       0x2c ./tasks.o
 .text.prvResetNextTaskUnblockTime
                0x00005cc8       0x56 ./tasks.o
 .text.xTaskGetCurrentTaskHandle
                0x00005d1e       0x24 ./tasks.o
                0x00005d1e                xTaskGetCurrentTaskHandle
 .text.uxTaskResetEventItemValue
                0x00005d42       0x4e ./tasks.o
                0x00005d42                uxTaskResetEventItemValue
 .text.ulTaskNotifyTake
                0x00005d90       0xee ./tasks.o
                0x00005d90                ulTaskNotifyTake
 .text.xTaskNotifyWait
                0x00005e7e      0x138 ./tasks.o
                0x00005e7e                xTaskNotifyWait
 .text.xTaskGenericNotify
                0x00005fb6      0x1ba ./tasks.o
                0x00005fb6                xTaskGenericNotify
 .text.xTaskGenericNotifyFromISR
                0x00006170      0x1f0 ./tasks.o
                0x00006170                xTaskGenericNotifyFromISR
 .text.vTaskNotifyGiveFromISR
                0x00006360      0x10c ./tasks.o
                0x00006360                vTaskNotifyGiveFromISR
 .text.xTaskNotifyStateClear
                0x0000646c       0x74 ./tasks.o
                0x0000646c                xTaskNotifyStateClear
 .text.prvAddCurrentTaskToDelayedList
                0x000064e0       0xf8 ./tasks.o
 .text.libgcc   0x000065d8        0x0 e:/imt/tools/sdk/imt_sdk_win_64/winavr/bin/../lib/gcc/avr/4.3.3/avr5\libgcc.a(_exit.o)
 .text.libgcc   0x000065d8        0x0 e:/imt/tools/sdk/imt_sdk_win_64/winavr/bin/../lib/gcc/avr/4.3.3/avr5\libgcc.a(_copy_data.o)
 .text.libgcc   0x000065d8        0x0 e:/imt/tools/sdk/imt_sdk_win_64/winavr/bin/../lib/gcc/avr/4.3.3/avr5\libgcc.a(_clear_bss.o)
 .text.avr-libc
                0x000065d8       0x12 e:/imt/tools/sdk/imt_sdk_win_64/winavr/bin/../lib/gcc/avr/4.3.3/../../../../avr/lib/avr5\libc.a(memcpy.o)
                0x000065d8                memcpy
 .text.avr-libc
                0x000065ea        0xe e:/imt/tools/sdk/imt_sdk_win_64/winavr/bin/../lib/gcc/avr/4.3.3/../../../../avr/lib/avr5\libc.a(memset.o)
                0x000065ea                memset
                0x000065f8                . = ALIGN (0x2)
 *(.fini9)
 .fini9         0x000065f8        0x0 e:/imt/tools/sdk/imt_sdk_win_64/winavr/bin/../lib/gcc/avr/4.3.3/avr5\libgcc.a(_exit.o)
                0x000065f8                exit
                0x000065f8                _exit
 *(.fini9)
 *(.fini8)
 *(.fini8)
 *(.fini7)
 *(.fini7)
 *(.fini6)
 *(.fini6)
 *(.fini5)
 *(.fini5)
 *(.fini4)
 *(.fini4)
 *(.fini3)
 *(.fini3)
 *(.fini2)
 *(.fini2)
 *(.fini1)
 *(.fini1)
 *(.fini0)
 .fini0         0x000065f8        0x4 e:/imt/tools/sdk/imt_sdk_win_64/winavr/bin/../lib/gcc/avr/4.3.3/avr5\libgcc.a(_exit.o)
 *(.fini0)
                0x000065fc                _etext = .

.data           0x00800060       0x1a load address 0x000065fc
                0x00800060                PROVIDE (__data_start, .)
 *(.data)
 .data          0x00800060        0x0 e:/imt/tools/sdk/imt_sdk_win_64/winavr/bin/../lib/gcc/avr/4.3.3/../../../../avr/lib/avr5/crtm32.o
 .data          0x00800060        0x0 ./Dio_prg.o
 .data          0x00800060        0x0 ./Keypad_prg.o
 .data          0x00800060        0x0 ./Lcd_prg.o
 .data          0x00800060        0x0 ./croutine.o
 .data          0x00800060        0x0 ./event_groups.o
 .data          0x00800060        0x0 ./heap_1.o
 .data          0x00800060        0x0 ./list.o
 .data          0x00800060       0x15 ./main.o
 .data          0x00800075        0x0 ./port.o
 .data          0x00800075        0x0 ./queue.o
 .data          0x00800075        0x0 ./stream_buffer.o
 .data          0x00800075        0x5 ./tasks.o
 .data          0x0080007a        0x0 ./timers.o
 .data          0x0080007a        0x0 e:/imt/tools/sdk/imt_sdk_win_64/winavr/bin/../lib/gcc/avr/4.3.3/avr5\libgcc.a(_exit.o)
 .data          0x0080007a        0x0 e:/imt/tools/sdk/imt_sdk_win_64/winavr/bin/../lib/gcc/avr/4.3.3/avr5\libgcc.a(_copy_data.o)
 .data          0x0080007a        0x0 e:/imt/tools/sdk/imt_sdk_win_64/winavr/bin/../lib/gcc/avr/4.3.3/avr5\libgcc.a(_clear_bss.o)
 .data          0x0080007a        0x0 e:/imt/tools/sdk/imt_sdk_win_64/winavr/bin/../lib/gcc/avr/4.3.3/../../../../avr/lib/avr5\libc.a(memcpy.o)
 .data          0x0080007a        0x0 e:/imt/tools/sdk/imt_sdk_win_64/winavr/bin/../lib/gcc/avr/4.3.3/../../../../avr/lib/avr5\libc.a(memset.o)
 *(.data*)
 *(.rodata)
 *(.rodata*)
 *(.gnu.linkonce.d*)
                0x0080007a                . = ALIGN (0x2)
                0x0080007a                _edata = .
                0x0080007a                PROVIDE (__data_end, .)

.bss            0x0080007a      0x6ae
                0x0080007a                PROVIDE (__bss_start, .)
 *(.bss)
 .bss           0x0080007a        0x0 e:/imt/tools/sdk/imt_sdk_win_64/winavr/bin/../lib/gcc/avr/4.3.3/../../../../avr/lib/avr5/crtm32.o
 .bss           0x0080007a        0x0 ./Dio_prg.o
 .bss           0x0080007a        0x0 ./Keypad_prg.o
 .bss           0x0080007a        0x0 ./Lcd_prg.o
 .bss           0x0080007a        0x0 ./croutine.o
 .bss           0x0080007a        0x0 ./event_groups.o
 .bss           0x0080007a        0x0 ./heap_1.o
 .bss           0x0080007a        0x0 ./list.o
 .bss           0x0080007a        0x0 ./main.o
 .bss           0x0080007a        0x0 ./port.o
 .bss           0x0080007a        0x0 ./queue.o
 .bss           0x0080007a        0x0 ./stream_buffer.o
 .bss           0x0080007a        0x0 ./tasks.o
 .bss           0x0080007a        0x0 ./timers.o
 .bss           0x0080007a        0x0 e:/imt/tools/sdk/imt_sdk_win_64/winavr/bin/../lib/gcc/avr/4.3.3/avr5\libgcc.a(_exit.o)
 .bss           0x0080007a        0x0 e:/imt/tools/sdk/imt_sdk_win_64/winavr/bin/../lib/gcc/avr/4.3.3/avr5\libgcc.a(_copy_data.o)
 .bss           0x0080007a        0x0 e:/imt/tools/sdk/imt_sdk_win_64/winavr/bin/../lib/gcc/avr/4.3.3/avr5\libgcc.a(_clear_bss.o)
 .bss           0x0080007a        0x0 e:/imt/tools/sdk/imt_sdk_win_64/winavr/bin/../lib/gcc/avr/4.3.3/../../../../avr/lib/avr5\libc.a(memcpy.o)
 .bss           0x0080007a        0x0 e:/imt/tools/sdk/imt_sdk_win_64/winavr/bin/../lib/gcc/avr/4.3.3/../../../../avr/lib/avr5\libc.a(memset.o)
 *(.bss*)
 .bss.Queue_Write_Counter
                0x0080007a        0x1 ./Lcd_prg.o
                0x0080007a                Queue_Write_Counter
 .bss.Queue_Read_Counter
                0x0080007b        0x1 ./Lcd_prg.o
                0x0080007b                Queue_Read_Counter
 .bss.xNextFreeByte
                0x0080007c        0x2 ./heap_1.o
 .bss.pucAlignedHeap.1647
                0x0080007e        0x2 ./heap_1.o
 .bss.ucHeap    0x00800080      0x5dc ./heap_1.o
 .bss.pxCurrentTCB
                0x0080065c        0x2 ./tasks.o
                0x0080065c                pxCurrentTCB
 .bss.uxDeletedTasksWaitingCleanUp
                0x0080065e        0x1 ./tasks.o
 .bss.uxCurrentNumberOfTasks
                0x0080065f        0x1 ./tasks.o
 .bss.xTickCount
                0x00800660        0x2 ./tasks.o
 .bss.uxTopReadyPriority
                0x00800662        0x1 ./tasks.o
 .bss.xSchedulerRunning
                0x00800663        0x1 ./tasks.o
 .bss.uxPendedTicks
                0x00800664        0x1 ./tasks.o
 .bss.xYieldPending
                0x00800665        0x1 ./tasks.o
 .bss.xNumOfOverflows
                0x00800666        0x1 ./tasks.o
 .bss.uxTaskNumber
                0x00800667        0x1 ./tasks.o
 .bss.xNextTaskUnblockTime
                0x00800668        0x2 ./tasks.o
 .bss.xIdleTaskHandle
                0x0080066a        0x2 ./tasks.o
 .bss.uxSchedulerSuspended
                0x0080066c        0x1 ./tasks.o
 .bss.pxReadyTasksLists
                0x0080066d       0x24 ./tasks.o
 .bss.xDelayedTaskList1
                0x00800691        0x9 ./tasks.o
 .bss.xDelayedTaskList2
                0x0080069a        0x9 ./tasks.o
 .bss.pxDelayedTaskList
                0x008006a3        0x2 ./tasks.o
 .bss.pxOverflowDelayedTaskList
                0x008006a5        0x2 ./tasks.o
 .bss.xPendingReadyList
                0x008006a7        0x9 ./tasks.o
 .bss.xTasksWaitingTermination
                0x008006b0        0x9 ./tasks.o
 .bss.xSuspendedTaskList
                0x008006b9        0x9 ./tasks.o
 *(COMMON)
 COMMON         0x008006c2       0x64 ./Lcd_prg.o
                0x008006c2                arr_State
                0x008006f4                arr_Queue
 COMMON         0x00800726        0x2 ./main.o
                0x00800726                Buffer
                0x00800728                PROVIDE (__bss_end, .)
                0x000065fc                __data_load_start = LOADADDR (.data)
                0x00006616                __data_load_end = (__data_load_start + SIZEOF (.data))

.noinit         0x00800728        0x0
                0x00800728                PROVIDE (__noinit_start, .)
 *(.noinit*)
                0x00800728                PROVIDE (__noinit_end, .)
                0x00800728                _end = .
                0x00800728                PROVIDE (__heap_start, .)

.eeprom         0x00810000        0x0
 *(.eeprom*)
                0x00810000                __eeprom_end = .

.fuse
 *(.fuse)
 *(.lfuse)
 *(.hfuse)
 *(.efuse)

.lock
 *(.lock*)

.signature
 *(.signature*)

.stab           0x00000000     0x9630
 *(.stab)
 .stab          0x00000000      0xc18 ./Dio_prg.o
 .stab          0x00000c18      0x5ac ./Keypad_prg.o
                                0x624 (size before relaxing)
 .stab          0x000011c4      0x750 ./Lcd_prg.o
                                0x7c8 (size before relaxing)
 .stab          0x00001914      0x5ac ./croutine.o
                                0x624 (size before relaxing)
 .stab          0x00001ec0      0xdbc ./event_groups.o
                               0x1110 (size before relaxing)
 .stab          0x00002c7c      0x2e8 ./heap_1.o
                                0x7b0 (size before relaxing)
 .stab          0x00002f64      0x450 ./list.o
                                0x84c (size before relaxing)
 .stab          0x000033b4      0x42c ./main.o
                                0x840 (size before relaxing)
 .stab          0x000037e0      0x804 ./port.o
                                0xcc0 (size before relaxing)
 .stab          0x00003fe4     0x1ac4 ./queue.o
                               0x1fbc (size before relaxing)
 .stab          0x00005aa8     0x15e4 ./stream_buffer.o
                               0x1a40 (size before relaxing)
 .stab          0x0000708c     0x2424 ./tasks.o
                               0x291c (size before relaxing)
 .stab          0x000094b0      0x180 ./timers.o
                                0x6a8 (size before relaxing)

.stabstr        0x00000000     0x47a6
 *(.stabstr)
 .stabstr       0x00000000     0x47a6 ./Dio_prg.o

.stab.excl
 *(.stab.excl)

.stab.exclstr
 *(.stab.exclstr)

.stab.index
 *(.stab.index)

.stab.indexstr
 *(.stab.indexstr)

.comment
 *(.comment)

.debug
 *(.debug)

.line
 *(.line)

.debug_srcinfo
 *(.debug_srcinfo)

.debug_sfnames
 *(.debug_sfnames)

.debug_aranges
 *(.debug_aranges)

.debug_pubnames
 *(.debug_pubnames)

.debug_info
 *(.debug_info)
 *(.gnu.linkonce.wi.*)

.debug_abbrev
 *(.debug_abbrev)

.debug_line
 *(.debug_line)

.debug_frame
 *(.debug_frame)

.debug_str
 *(.debug_str)

.debug_loc
 *(.debug_loc)

.debug_macinfo
 *(.debug_macinfo)
OUTPUT(FreeRTOS_CreateQueue.elf elf32-avr)
LOAD linker stubs
