Archive member included because of file (symbol)

e:/imt/tools/sdk/imt_sdk_win_64/winavr/bin/../lib/gcc/avr/4.3.3/avr5\libgcc.a(_exit.o)
                              e:/imt/tools/sdk/imt_sdk_win_64/winavr/bin/../lib/gcc/avr/4.3.3/../../../../avr/lib/avr5/crtm32.o (exit)
e:/imt/tools/sdk/imt_sdk_win_64/winavr/bin/../lib/gcc/avr/4.3.3/avr5\libgcc.a(_copy_data.o)
                              ./tasks.o (__do_copy_data)
e:/imt/tools/sdk/imt_sdk_win_64/winavr/bin/../lib/gcc/avr/4.3.3/avr5\libgcc.a(_clear_bss.o)
                              ./croutine.o (__do_clear_bss)
e:/imt/tools/sdk/imt_sdk_win_64/winavr/bin/../lib/gcc/avr/4.3.3/../../../../avr/lib/avr5\libc.a(memcpy.o)
                              ./queue.o (memcpy)
e:/imt/tools/sdk/imt_sdk_win_64/winavr/bin/../lib/gcc/avr/4.3.3/../../../../avr/lib/avr5\libc.a(memset.o)
                              ./stream_buffer.o (memset)

Memory Configuration

Name             Origin             Length             Attributes
text             0x00000000         0x00020000         xr
data             0x00800060         0x0000ffa0         rw !x
eeprom           0x00810000         0x00010000         rw !x
fuse             0x00820000         0x00000400         rw !x
lock             0x00830000         0x00000400         rw !x
signature        0x00840000         0x00000400         rw !x
*default*        0x00000000         0xffffffff

Linker script and memory map

LOAD e:/imt/tools/sdk/imt_sdk_win_64/winavr/bin/../lib/gcc/avr/4.3.3/../../../../avr/lib/avr5/crtm32.o
LOAD ./croutine.o
LOAD ./event_groups.o
LOAD ./list.o
LOAD ./port.o
LOAD ./queue.o
LOAD ./stream_buffer.o
LOAD ./tasks.o
LOAD ./timers.o
LOAD e:/imt/tools/sdk/imt_sdk_win_64/winavr/bin/../lib/gcc/avr/4.3.3/avr5\libgcc.a
LOAD e:/imt/tools/sdk/imt_sdk_win_64/winavr/bin/../lib/gcc/avr/4.3.3/../../../../avr/lib/avr5\libc.a
LOAD e:/imt/tools/sdk/imt_sdk_win_64/winavr/bin/../lib/gcc/avr/4.3.3/avr5\libgcc.a

.hash
 *(.hash)

.dynsym
 *(.dynsym)

.dynstr
 *(.dynstr)

.gnu.version
 *(.gnu.version)

.gnu.version_d
 *(.gnu.version_d)

.gnu.version_r
 *(.gnu.version_r)

.rel.init
 *(.rel.init)

.rela.init
 *(.rela.init)

.rel.text
 *(.rel.text)
 *(.rel.text.*)
 *(.rel.gnu.linkonce.t*)

.rela.text
 *(.rela.text)
 *(.rela.text.*)
 *(.rela.gnu.linkonce.t*)

.rel.fini
 *(.rel.fini)

.rela.fini
 *(.rela.fini)

.rel.rodata
 *(.rel.rodata)
 *(.rel.rodata.*)
 *(.rel.gnu.linkonce.r*)

.rela.rodata
 *(.rela.rodata)
 *(.rela.rodata.*)
 *(.rela.gnu.linkonce.r*)

.rel.data
 *(.rel.data)
 *(.rel.data.*)
 *(.rel.gnu.linkonce.d*)

.rela.data
 *(.rela.data)
 *(.rela.data.*)
 *(.rela.gnu.linkonce.d*)

.rel.ctors
 *(.rel.ctors)

.rela.ctors
 *(.rela.ctors)

.rel.dtors
 *(.rel.dtors)

.rela.dtors
 *(.rela.dtors)

.rel.got
 *(.rel.got)

.rela.got
 *(.rela.got)

.rel.bss
 *(.rel.bss)

.rela.bss
 *(.rela.bss)

.rel.plt
 *(.rel.plt)

.rela.plt
 *(.rela.plt)

.text           0x00000000     0x4eac
 *(.vectors)
 .vectors       0x00000000       0x54 e:/imt/tools/sdk/imt_sdk_win_64/winavr/bin/../lib/gcc/avr/4.3.3/../../../../avr/lib/avr5/crtm32.o
                0x00000000                __vectors
                0x00000000                __vector_default
 *(.vectors)
 *(.progmem.gcc*)
 *(.progmem*)
                0x00000054                . = ALIGN (0x2)
                0x00000054                __trampolines_start = .
 *(.trampolines)
 .trampolines   0x00000054        0x0 linker stubs
 *(.trampolines*)
                0x00000054                __trampolines_end = .
 *(.jumptables)
 *(.jumptables*)
 *(.lowtext)
 *(.lowtext*)
                0x00000054                __ctors_start = .
 *(.ctors)
                0x00000054                __ctors_end = .
                0x00000054                __dtors_start = .
 *(.dtors)
                0x00000054                __dtors_end = .
 SORT(*)(.ctors)
 SORT(*)(.dtors)
 *(.init0)
 .init0         0x00000054        0x0 e:/imt/tools/sdk/imt_sdk_win_64/winavr/bin/../lib/gcc/avr/4.3.3/../../../../avr/lib/avr5/crtm32.o
                0x00000054                __init
 *(.init0)
 *(.init1)
 *(.init1)
 *(.init2)
 .init2         0x00000054        0xc e:/imt/tools/sdk/imt_sdk_win_64/winavr/bin/../lib/gcc/avr/4.3.3/../../../../avr/lib/avr5/crtm32.o
 *(.init2)
 *(.init3)
 *(.init3)
 *(.init4)
 .init4         0x00000060       0x16 e:/imt/tools/sdk/imt_sdk_win_64/winavr/bin/../lib/gcc/avr/4.3.3/avr5\libgcc.a(_copy_data.o)
                0x00000060                __do_copy_data
 .init4         0x00000076       0x10 e:/imt/tools/sdk/imt_sdk_win_64/winavr/bin/../lib/gcc/avr/4.3.3/avr5\libgcc.a(_clear_bss.o)
                0x00000076                __do_clear_bss
 *(.init4)
 *(.init5)
 *(.init5)
 *(.init6)
 *(.init6)
 *(.init7)
 *(.init7)
 *(.init8)
 *(.init8)
 *(.init9)
 .init9         0x00000086        0x8 e:/imt/tools/sdk/imt_sdk_win_64/winavr/bin/../lib/gcc/avr/4.3.3/../../../../avr/lib/avr5/crtm32.o
 *(.init9)
 *(.text)
 .text          0x0000008e        0x4 e:/imt/tools/sdk/imt_sdk_win_64/winavr/bin/../lib/gcc/avr/4.3.3/../../../../avr/lib/avr5/crtm32.o
                0x0000008e                __vector_1
                0x0000008e                __vector_12
                0x0000008e                __bad_interrupt
                0x0000008e                __vector_6
                0x0000008e                __vector_3
                0x0000008e                __vector_11
                0x0000008e                __vector_13
                0x0000008e                __vector_17
                0x0000008e                __vector_19
                0x0000008e                __vector_5
                0x0000008e                __vector_4
                0x0000008e                __vector_9
                0x0000008e                __vector_2
                0x0000008e                __vector_15
                0x0000008e                __vector_8
                0x0000008e                __vector_14
                0x0000008e                __vector_10
                0x0000008e                __vector_16
                0x0000008e                __vector_18
                0x0000008e                __vector_20
 .text          0x00000092        0x0 ./croutine.o
 .text          0x00000092        0x0 ./event_groups.o
 .text          0x00000092        0x0 ./list.o
 .text          0x00000092        0x0 ./port.o
 .text          0x00000092        0x0 ./queue.o
 .text          0x00000092        0x0 ./stream_buffer.o
 .text          0x00000092        0x0 ./tasks.o
 .text          0x00000092        0x0 ./timers.o
 .text          0x00000092        0x0 e:/imt/tools/sdk/imt_sdk_win_64/winavr/bin/../lib/gcc/avr/4.3.3/avr5\libgcc.a(_exit.o)
 .text          0x00000092        0x0 e:/imt/tools/sdk/imt_sdk_win_64/winavr/bin/../lib/gcc/avr/4.3.3/avr5\libgcc.a(_copy_data.o)
 .text          0x00000092        0x0 e:/imt/tools/sdk/imt_sdk_win_64/winavr/bin/../lib/gcc/avr/4.3.3/avr5\libgcc.a(_clear_bss.o)
 .text          0x00000092        0x0 e:/imt/tools/sdk/imt_sdk_win_64/winavr/bin/../lib/gcc/avr/4.3.3/../../../../avr/lib/avr5\libc.a(memcpy.o)
 .text          0x00000092        0x0 e:/imt/tools/sdk/imt_sdk_win_64/winavr/bin/../lib/gcc/avr/4.3.3/../../../../avr/lib/avr5\libc.a(memset.o)
                0x00000092                . = ALIGN (0x2)
 *(.text.*)
 .text.xCoRoutineCreate
                0x00000092      0x128 ./croutine.o
                0x00000092                xCoRoutineCreate
 .text.vCoRoutineAddToDelayedList
                0x000001ba       0xc2 ./croutine.o
                0x000001ba                vCoRoutineAddToDelayedList
 .text.prvCheckPendingReadyList
                0x0000027c       0x94 ./croutine.o
 .text.prvCheckDelayedList
                0x00000310      0x15c ./croutine.o
 .text.vCoRoutineSchedule
                0x0000046c       0xf4 ./croutine.o
                0x0000046c                vCoRoutineSchedule
 .text.prvInitialiseCoRoutineLists
                0x00000560       0x72 ./croutine.o
 .text.xCoRoutineRemoveFromEventList
                0x000005d2       0x70 ./croutine.o
                0x000005d2                xCoRoutineRemoveFromEventList
 .text.xEventGroupCreate
                0x00000642       0x3e ./event_groups.o
                0x00000642                xEventGroupCreate
 .text.xEventGroupSync
                0x00000680      0x172 ./event_groups.o
                0x00000680                xEventGroupSync
 .text.xEventGroupWaitBits
                0x000007f2      0x18c ./event_groups.o
                0x000007f2                xEventGroupWaitBits
 .text.xEventGroupClearBits
                0x0000097e       0x6c ./event_groups.o
                0x0000097e                xEventGroupClearBits
 .text.xEventGroupGetBitsFromISR
                0x000009ea       0x44 ./event_groups.o
                0x000009ea                xEventGroupGetBitsFromISR
 .text.xEventGroupSetBits
                0x00000a2e      0x164 ./event_groups.o
                0x00000a2e                xEventGroupSetBits
 .text.vEventGroupDelete
                0x00000b92       0x62 ./event_groups.o
                0x00000b92                vEventGroupDelete
 .text.vEventGroupSetBitsCallback
                0x00000bf4       0x3a ./event_groups.o
                0x00000bf4                vEventGroupSetBitsCallback
 .text.vEventGroupClearBitsCallback
                0x00000c2e       0x3a ./event_groups.o
                0x00000c2e                vEventGroupClearBitsCallback
 .text.prvTestWaitCondition
                0x00000c68       0x64 ./event_groups.o
 .text.vListInitialise
                0x00000ccc       0x54 ./list.o
                0x00000ccc                vListInitialise
 .text.vListInitialiseItem
                0x00000d20       0x20 ./list.o
                0x00000d20                vListInitialiseItem
 .text.vListInsertEnd
                0x00000d40       0x88 ./list.o
                0x00000d40                vListInsertEnd
 .text.vListInsert
                0x00000dc8       0xd8 ./list.o
                0x00000dc8                vListInsert
 .text.uxListRemove
                0x00000ea0       0x98 ./list.o
                0x00000ea0                uxListRemove
 .text.pxPortInitialiseStack
                0x00000f38      0x306 ./port.o
                0x00000f38                pxPortInitialiseStack
 .text.xPortStartScheduler
                0x0000123e       0x6a ./port.o
                0x0000123e                xPortStartScheduler
 .text.vPortEndScheduler
                0x000012a8        0xe ./port.o
                0x000012a8                vPortEndScheduler
 .text.vPortYield
                0x000012b6       0xb2 ./port.o
                0x000012b6                vPortYield
 .text.vPortYieldFromTick
                0x00001368       0xba ./port.o
                0x00001368                vPortYieldFromTick
 .text.prvSetupTimerInterrupt
                0x00001422       0xb8 ./port.o
 .text.__vector_7
                0x000014da        0x6 ./port.o
                0x000014da                __vector_7
 .text.xQueueGenericReset
                0x000014e0      0x10c ./queue.o
                0x000014e0                xQueueGenericReset
 .text.xQueueGenericCreate
                0x000015ec       0x96 ./queue.o
                0x000015ec                xQueueGenericCreate
 .text.prvInitialiseNewQueue
                0x00001682       0x76 ./queue.o
 .text.xQueueGenericSend
                0x000016f8      0x158 ./queue.o
                0x000016f8                xQueueGenericSend
 .text.xQueueGenericSendFromISR
                0x00001850       0xb8 ./queue.o
                0x00001850                xQueueGenericSendFromISR
 .text.xQueueGiveFromISR
                0x00001908       0xa2 ./queue.o
                0x00001908                xQueueGiveFromISR
 .text.xQueueReceive
                0x000019aa      0x156 ./queue.o
                0x000019aa                xQueueReceive
 .text.xQueueSemaphoreTake
                0x00001b00      0x144 ./queue.o
                0x00001b00                xQueueSemaphoreTake
 .text.xQueuePeek
                0x00001c44      0x164 ./queue.o
                0x00001c44                xQueuePeek
 .text.xQueueReceiveFromISR
                0x00001da8       0xae ./queue.o
                0x00001da8                xQueueReceiveFromISR
 .text.xQueuePeekFromISR
                0x00001e56       0x72 ./queue.o
                0x00001e56                xQueuePeekFromISR
 .text.uxQueueMessagesWaiting
                0x00001ec8       0x30 ./queue.o
                0x00001ec8                uxQueueMessagesWaiting
 .text.uxQueueSpacesAvailable
                0x00001ef8       0x4a ./queue.o
                0x00001ef8                uxQueueSpacesAvailable
 .text.uxQueueMessagesWaitingFromISR
                0x00001f42       0x34 ./queue.o
                0x00001f42                uxQueueMessagesWaitingFromISR
 .text.vQueueDelete
                0x00001f76       0x2e ./queue.o
                0x00001f76                vQueueDelete
 .text.prvCopyDataToQueue
                0x00001fa4      0x14c ./queue.o
 .text.prvCopyDataFromQueue
                0x000020f0       0x8e ./queue.o
 .text.prvUnlockQueue
                0x0000217e       0xa6 ./queue.o
 .text.prvIsQueueEmpty
                0x00002224       0x3a ./queue.o
 .text.xQueueIsQueueEmptyFromISR
                0x0000225e       0x3e ./queue.o
                0x0000225e                xQueueIsQueueEmptyFromISR
 .text.prvIsQueueFull
                0x0000229c       0x40 ./queue.o
 .text.xQueueIsQueueFullFromISR
                0x000022dc       0x44 ./queue.o
                0x000022dc                xQueueIsQueueFullFromISR
 .text.xQueueCRSend
                0x00002320       0xc2 ./queue.o
                0x00002320                xQueueCRSend
 .text.xQueueCRReceive
                0x000023e2      0x11c ./queue.o
                0x000023e2                xQueueCRReceive
 .text.xQueueCRSendFromISR
                0x000024fe       0x82 ./queue.o
                0x000024fe                xQueueCRSendFromISR
 .text.xQueueCRReceiveFromISR
                0x00002580       0xea ./queue.o
                0x00002580                xQueueCRReceiveFromISR
 .text.xStreamBufferGenericCreate
                0x0000266a       0x98 ./stream_buffer.o
                0x0000266a                xStreamBufferGenericCreate
 .text.vStreamBufferDelete
                0x00002702       0x52 ./stream_buffer.o
                0x00002702                vStreamBufferDelete
 .text.xStreamBufferReset
                0x00002754       0x84 ./stream_buffer.o
                0x00002754                xStreamBufferReset
 .text.xStreamBufferSetTriggerLevel
                0x000027d8       0x6e ./stream_buffer.o
                0x000027d8                xStreamBufferSetTriggerLevel
 .text.xStreamBufferSpacesAvailable
                0x00002846       0x8c ./stream_buffer.o
                0x00002846                xStreamBufferSpacesAvailable
 .text.xStreamBufferBytesAvailable
                0x000028d2       0x3c ./stream_buffer.o
                0x000028d2                xStreamBufferBytesAvailable
 .text.xStreamBufferSend
                0x0000290e      0x190 ./stream_buffer.o
                0x0000290e                xStreamBufferSend
 .text.xStreamBufferSendFromISR
                0x00002a9e       0xfa ./stream_buffer.o
                0x00002a9e                xStreamBufferSendFromISR
 .text.prvWriteMessageToBuffer
                0x00002b98       0xe4 ./stream_buffer.o
 .text.xStreamBufferReceive
                0x00002c7c      0x174 ./stream_buffer.o
                0x00002c7c                xStreamBufferReceive
 .text.xStreamBufferNextMessageLengthBytes
                0x00002df0       0xa4 ./stream_buffer.o
                0x00002df0                xStreamBufferNextMessageLengthBytes
 .text.xStreamBufferReceiveFromISR
                0x00002e94       0xf0 ./stream_buffer.o
                0x00002e94                xStreamBufferReceiveFromISR
 .text.prvReadMessageFromBuffer
                0x00002f84       0xd8 ./stream_buffer.o
 .text.xStreamBufferIsEmpty
                0x0000305c       0x5a ./stream_buffer.o
                0x0000305c                xStreamBufferIsEmpty
 .text.xStreamBufferIsFull
                0x000030b6       0x70 ./stream_buffer.o
                0x000030b6                xStreamBufferIsFull
 .text.xStreamBufferSendCompletedFromISR
                0x00003126       0x86 ./stream_buffer.o
                0x00003126                xStreamBufferSendCompletedFromISR
 .text.xStreamBufferReceiveCompletedFromISR
                0x000031ac       0x86 ./stream_buffer.o
                0x000031ac                xStreamBufferReceiveCompletedFromISR
 .text.prvWriteBytesToBuffer
                0x00003232      0x11a ./stream_buffer.o
 .text.prvReadBytesFromBuffer
                0x0000334c      0x15a ./stream_buffer.o
 .text.prvBytesInBuffer
                0x000034a6       0x74 ./stream_buffer.o
 .text.prvInitialiseNewStreamBuffer
                0x0000351a       0x78 ./stream_buffer.o
 .text.xTaskCreate
                0x00003592       0xf0 ./tasks.o
                0x00003592                xTaskCreate
 .text.prvInitialiseNewTask
                0x00003682      0x178 ./tasks.o
 .text.prvAddNewTaskToReadyList
                0x000037fa       0xf0 ./tasks.o
 .text.vTaskDelete
                0x000038ea       0xe4 ./tasks.o
                0x000038ea                vTaskDelete
 .text.vTaskDelayUntil
                0x000039ce       0xe4 ./tasks.o
                0x000039ce                vTaskDelayUntil
 .text.vTaskDelay
                0x00003ab2       0x44 ./tasks.o
                0x00003ab2                vTaskDelay
 .text.vTaskStartScheduler
                0x00003af6       0x64 ./tasks.o
                0x00003af6                vTaskStartScheduler
 .text.vTaskEndScheduler
                0x00003b5a       0x18 ./tasks.o
                0x00003b5a                vTaskEndScheduler
 .text.vTaskSuspendAll
                0x00003b72       0x18 ./tasks.o
                0x00003b72                vTaskSuspendAll
 .text.xTaskResumeAll
                0x00003b8a      0x13c ./tasks.o
                0x00003b8a                xTaskResumeAll
 .text.xTaskGetTickCount
                0x00003cc6       0x2e ./tasks.o
                0x00003cc6                xTaskGetTickCount
 .text.xTaskGetTickCountFromISR
                0x00003cf4       0x2a ./tasks.o
                0x00003cf4                xTaskGetTickCountFromISR
 .text.uxTaskGetNumberOfTasks
                0x00003d1e       0x12 ./tasks.o
                0x00003d1e                uxTaskGetNumberOfTasks
 .text.pcTaskGetName
                0x00003d30       0x50 ./tasks.o
                0x00003d30                pcTaskGetName
 .text.xTaskCatchUpTicks
                0x00003d80       0x42 ./tasks.o
                0x00003d80                xTaskCatchUpTicks
 .text.xTaskIncrementTick
                0x00003dc2      0x1d2 ./tasks.o
                0x00003dc2                xTaskIncrementTick
 .text.vTaskSwitchContext
                0x00003f94       0xda ./tasks.o
                0x00003f94                vTaskSwitchContext
 .text.vTaskPlaceOnEventList
                0x0000406e       0x44 ./tasks.o
                0x0000406e                vTaskPlaceOnEventList
 .text.vTaskPlaceOnUnorderedEventList
                0x000040b2       0x60 ./tasks.o
                0x000040b2                vTaskPlaceOnUnorderedEventList
 .text.xTaskRemoveFromEventList
                0x00004112       0xd6 ./tasks.o
                0x00004112                xTaskRemoveFromEventList
 .text.vTaskRemoveFromUnorderedEventList
                0x000041e8       0xba ./tasks.o
                0x000041e8                vTaskRemoveFromUnorderedEventList
 .text.vTaskSetTimeOutState
                0x000042a2       0x3c ./tasks.o
                0x000042a2                vTaskSetTimeOutState
 .text.vTaskInternalSetTimeOutState
                0x000042de       0x32 ./tasks.o
                0x000042de                vTaskInternalSetTimeOutState
 .text.xTaskCheckForTimeOut
                0x00004310       0xc6 ./tasks.o
                0x00004310                xTaskCheckForTimeOut
 .text.vTaskMissedYield
                0x000043d6       0x14 ./tasks.o
                0x000043d6                vTaskMissedYield
 .text.prvIdleTask
                0x000043ea       0x24 ./tasks.o
 .text.prvInitialiseTaskLists
                0x0000440e       0x7a ./tasks.o
 .text.prvCheckTasksWaitingTermination
                0x00004488       0x5e ./tasks.o
 .text.prvDeleteTCB
                0x000044e6       0x2c ./tasks.o
 .text.prvResetNextTaskUnblockTime
                0x00004512       0x56 ./tasks.o
 .text.uxTaskResetEventItemValue
                0x00004568       0x4e ./tasks.o
                0x00004568                uxTaskResetEventItemValue
 .text.ulTaskNotifyTake
                0x000045b6       0xee ./tasks.o
                0x000045b6                ulTaskNotifyTake
 .text.xTaskNotifyWait
                0x000046a4      0x138 ./tasks.o
                0x000046a4                xTaskNotifyWait
 .text.xTaskGenericNotify
                0x000047dc      0x1ba ./tasks.o
                0x000047dc                xTaskGenericNotify
 .text.xTaskGenericNotifyFromISR
                0x00004996      0x1f0 ./tasks.o
                0x00004996                xTaskGenericNotifyFromISR
 .text.vTaskNotifyGiveFromISR
                0x00004b86      0x10c ./tasks.o
                0x00004b86                vTaskNotifyGiveFromISR
 .text.xTaskNotifyStateClear
                0x00004c92       0x74 ./tasks.o
                0x00004c92                xTaskNotifyStateClear
 .text.ulTaskNotifyValueClear
                0x00004d06       0xb6 ./tasks.o
                0x00004d06                ulTaskNotifyValueClear
 .text.prvAddCurrentTaskToDelayedList
                0x00004dbc       0xcc ./tasks.o
 .text.libgcc   0x00004e88        0x0 e:/imt/tools/sdk/imt_sdk_win_64/winavr/bin/../lib/gcc/avr/4.3.3/avr5\libgcc.a(_exit.o)
 .text.libgcc   0x00004e88        0x0 e:/imt/tools/sdk/imt_sdk_win_64/winavr/bin/../lib/gcc/avr/4.3.3/avr5\libgcc.a(_copy_data.o)
 .text.libgcc   0x00004e88        0x0 e:/imt/tools/sdk/imt_sdk_win_64/winavr/bin/../lib/gcc/avr/4.3.3/avr5\libgcc.a(_clear_bss.o)
 .text.avr-libc
                0x00004e88       0x12 e:/imt/tools/sdk/imt_sdk_win_64/winavr/bin/../lib/gcc/avr/4.3.3/../../../../avr/lib/avr5\libc.a(memcpy.o)
                0x00004e88                memcpy
 .text.avr-libc
                0x00004e9a        0xe e:/imt/tools/sdk/imt_sdk_win_64/winavr/bin/../lib/gcc/avr/4.3.3/../../../../avr/lib/avr5\libc.a(memset.o)
                0x00004e9a                memset
                0x00004ea8                . = ALIGN (0x2)
 *(.fini9)
 .fini9         0x00004ea8        0x0 e:/imt/tools/sdk/imt_sdk_win_64/winavr/bin/../lib/gcc/avr/4.3.3/avr5\libgcc.a(_exit.o)
                0x00004ea8                exit
                0x00004ea8                _exit
 *(.fini9)
 *(.fini8)
 *(.fini8)
 *(.fini7)
 *(.fini7)
 *(.fini6)
 *(.fini6)
 *(.fini5)
 *(.fini5)
 *(.fini4)
 *(.fini4)
 *(.fini3)
 *(.fini3)
 *(.fini2)
 *(.fini2)
 *(.fini1)
 *(.fini1)
 *(.fini0)
 .fini0         0x00004ea8        0x4 e:/imt/tools/sdk/imt_sdk_win_64/winavr/bin/../lib/gcc/avr/4.3.3/avr5\libgcc.a(_exit.o)
 *(.fini0)
                0x00004eac                _etext = .

.data           0x00800060        0x6 load address 0x00004eac
                0x00800060                PROVIDE (__data_start, .)
 *(.data)
 .data          0x00800060        0x0 e:/imt/tools/sdk/imt_sdk_win_64/winavr/bin/../lib/gcc/avr/4.3.3/../../../../avr/lib/avr5/crtm32.o
 .data          0x00800060        0x0 ./croutine.o
 .data          0x00800060        0x0 ./event_groups.o
 .data          0x00800060        0x0 ./list.o
 .data          0x00800060        0x0 ./port.o
 .data          0x00800060        0x0 ./queue.o
 .data          0x00800060        0x0 ./stream_buffer.o
 .data          0x00800060        0x5 ./tasks.o
 .data          0x00800065        0x0 ./timers.o
 .data          0x00800065        0x0 e:/imt/tools/sdk/imt_sdk_win_64/winavr/bin/../lib/gcc/avr/4.3.3/avr5\libgcc.a(_exit.o)
 .data          0x00800065        0x0 e:/imt/tools/sdk/imt_sdk_win_64/winavr/bin/../lib/gcc/avr/4.3.3/avr5\libgcc.a(_copy_data.o)
 .data          0x00800065        0x0 e:/imt/tools/sdk/imt_sdk_win_64/winavr/bin/../lib/gcc/avr/4.3.3/avr5\libgcc.a(_clear_bss.o)
 .data          0x00800065        0x0 e:/imt/tools/sdk/imt_sdk_win_64/winavr/bin/../lib/gcc/avr/4.3.3/../../../../avr/lib/avr5\libc.a(memcpy.o)
 .data          0x00800065        0x0 e:/imt/tools/sdk/imt_sdk_win_64/winavr/bin/../lib/gcc/avr/4.3.3/../../../../avr/lib/avr5\libc.a(memset.o)
 *(.data*)
 *(.rodata)
 *(.rodata*)
 *(.gnu.linkonce.d*)
                0x00800066                . = ALIGN (0x2)
 *fill*         0x00800065        0x1 00
                0x00800066                _edata = .
                0x00800066                PROVIDE (__data_end, .)

.bss            0x00800066       0x98
                0x00800066                PROVIDE (__bss_start, .)
 *(.bss)
 .bss           0x00800066        0x0 e:/imt/tools/sdk/imt_sdk_win_64/winavr/bin/../lib/gcc/avr/4.3.3/../../../../avr/lib/avr5/crtm32.o
 .bss           0x00800066        0x0 ./croutine.o
 .bss           0x00800066        0x0 ./event_groups.o
 .bss           0x00800066        0x0 ./list.o
 .bss           0x00800066        0x0 ./port.o
 .bss           0x00800066        0x0 ./queue.o
 .bss           0x00800066        0x0 ./stream_buffer.o
 .bss           0x00800066        0x0 ./tasks.o
 .bss           0x00800066        0x0 ./timers.o
 .bss           0x00800066        0x0 e:/imt/tools/sdk/imt_sdk_win_64/winavr/bin/../lib/gcc/avr/4.3.3/avr5\libgcc.a(_exit.o)
 .bss           0x00800066        0x0 e:/imt/tools/sdk/imt_sdk_win_64/winavr/bin/../lib/gcc/avr/4.3.3/avr5\libgcc.a(_copy_data.o)
 .bss           0x00800066        0x0 e:/imt/tools/sdk/imt_sdk_win_64/winavr/bin/../lib/gcc/avr/4.3.3/avr5\libgcc.a(_clear_bss.o)
 .bss           0x00800066        0x0 e:/imt/tools/sdk/imt_sdk_win_64/winavr/bin/../lib/gcc/avr/4.3.3/../../../../avr/lib/avr5\libc.a(memcpy.o)
 .bss           0x00800066        0x0 e:/imt/tools/sdk/imt_sdk_win_64/winavr/bin/../lib/gcc/avr/4.3.3/../../../../avr/lib/avr5\libc.a(memset.o)
 *(.bss*)
 .bss.pxCurrentCoRoutine
                0x00800066        0x2 ./croutine.o
                0x00800066                pxCurrentCoRoutine
 .bss.uxTopCoRoutineReadyPriority
                0x00800068        0x1 ./croutine.o
 .bss.xCoRoutineTickCount
                0x00800069        0x2 ./croutine.o
 .bss.xLastTickCount
                0x0080006b        0x2 ./croutine.o
 .bss.xPassedTicks
                0x0080006d        0x2 ./croutine.o
 .bss.pxReadyCoRoutineLists
                0x0080006f       0x12 ./croutine.o
 .bss.xDelayedCoRoutineList1
                0x00800081        0x9 ./croutine.o
 .bss.xDelayedCoRoutineList2
                0x0080008a        0x9 ./croutine.o
 .bss.pxDelayedCoRoutineList
                0x00800093        0x2 ./croutine.o
 .bss.pxOverflowDelayedCoRoutineList
                0x00800095        0x2 ./croutine.o
 .bss.xPendingReadyCoRoutineList
                0x00800097        0x9 ./croutine.o
 .bss.pxCurrentTCB
                0x008000a0        0x2 ./tasks.o
                0x008000a0                pxCurrentTCB
 .bss.uxDeletedTasksWaitingCleanUp
                0x008000a2        0x1 ./tasks.o
 .bss.uxCurrentNumberOfTasks
                0x008000a3        0x1 ./tasks.o
 .bss.xTickCount
                0x008000a4        0x2 ./tasks.o
 .bss.uxTopReadyPriority
                0x008000a6        0x1 ./tasks.o
 .bss.xSchedulerRunning
                0x008000a7        0x1 ./tasks.o
 .bss.xPendedTicks
                0x008000a8        0x2 ./tasks.o
 .bss.xYieldPending
                0x008000aa        0x1 ./tasks.o
 .bss.xNumOfOverflows
                0x008000ab        0x1 ./tasks.o
 .bss.uxTaskNumber
                0x008000ac        0x1 ./tasks.o
 .bss.xNextTaskUnblockTime
                0x008000ad        0x2 ./tasks.o
 .bss.xIdleTaskHandle
                0x008000af        0x2 ./tasks.o
 .bss.uxSchedulerSuspended
                0x008000b1        0x1 ./tasks.o
 .bss.pxReadyTasksLists
                0x008000b2       0x24 ./tasks.o
 .bss.xDelayedTaskList1
                0x008000d6        0x9 ./tasks.o
 .bss.xDelayedTaskList2
                0x008000df        0x9 ./tasks.o
 .bss.pxDelayedTaskList
                0x008000e8        0x2 ./tasks.o
 .bss.pxOverflowDelayedTaskList
                0x008000ea        0x2 ./tasks.o
 .bss.xPendingReadyList
                0x008000ec        0x9 ./tasks.o
 .bss.xTasksWaitingTermination
                0x008000f5        0x9 ./tasks.o
 *(COMMON)
                0x008000fe                PROVIDE (__bss_end, .)
                0x00004eac                __data_load_start = LOADADDR (.data)
                0x00004eb2                __data_load_end = (__data_load_start + SIZEOF (.data))

.noinit         0x008000fe        0x0
                0x008000fe                PROVIDE (__noinit_start, .)
 *(.noinit*)
                0x008000fe                PROVIDE (__noinit_end, .)
                0x008000fe                _end = .
                0x008000fe                PROVIDE (__heap_start, .)

.eeprom         0x00810000        0x0
 *(.eeprom*)
                0x00810000                __eeprom_end = .

.fuse
 *(.fuse)
 *(.lfuse)
 *(.hfuse)
 *(.efuse)

.lock
 *(.lock*)

.signature
 *(.signature*)

.stab           0x00000000     0x7fb0
 *(.stab)
 .stab          0x00000000      0xccc ./croutine.o
 .stab          0x00000ccc      0xdf8 ./event_groups.o
                               0x1134 (size before relaxing)
 .stab          0x00001ac4      0x474 ./list.o
                                0x870 (size before relaxing)
 .stab          0x00001f38      0x840 ./port.o
                                0xcfc (size before relaxing)
 .stab          0x00002778     0x1f80 ./queue.o
                               0x2484 (size before relaxing)
 .stab          0x000046f8     0x15a8 ./stream_buffer.o
                               0x1a34 (size before relaxing)
 .stab          0x00005ca0     0x216c ./tasks.o
                               0x2664 (size before relaxing)
 .stab          0x00007e0c      0x1a4 ./timers.o
                                0x6cc (size before relaxing)

.stabstr        0x00000000     0x4917
 *(.stabstr)
 .stabstr       0x00000000     0x4917 ./croutine.o

.stab.excl
 *(.stab.excl)

.stab.exclstr
 *(.stab.exclstr)

.stab.index
 *(.stab.index)

.stab.indexstr
 *(.stab.indexstr)

.comment
 *(.comment)

.debug
 *(.debug)

.line
 *(.line)

.debug_srcinfo
 *(.debug_srcinfo)

.debug_sfnames
 *(.debug_sfnames)

.debug_aranges
 *(.debug_aranges)

.debug_pubnames
 *(.debug_pubnames)

.debug_info
 *(.debug_info)
 *(.gnu.linkonce.wi.*)

.debug_abbrev
 *(.debug_abbrev)

.debug_line
 *(.debug_line)

.debug_frame
 *(.debug_frame)

.debug_str
 *(.debug_str)

.debug_loc
 *(.debug_loc)

.debug_macinfo
 *(.debug_macinfo)
OUTPUT(FreeRTOS_Template_Atmega32.elf elf32-avr)
LOAD linker stubs
