Archive member included because of file (symbol)

e:/imt/tools/sdk/imt_sdk_win_64/winavr/bin/../lib/gcc/avr/4.3.3/avr5\libgcc.a(_exit.o)
                              e:/imt/tools/sdk/imt_sdk_win_64/winavr/bin/../lib/gcc/avr/4.3.3/../../../../avr/lib/avr5/crtm32.o (exit)
e:/imt/tools/sdk/imt_sdk_win_64/winavr/bin/../lib/gcc/avr/4.3.3/avr5\libgcc.a(_copy_data.o)
                              ./tasks.o (__do_copy_data)
e:/imt/tools/sdk/imt_sdk_win_64/winavr/bin/../lib/gcc/avr/4.3.3/avr5\libgcc.a(_clear_bss.o)
                              ./heap_1.o (__do_clear_bss)
e:/imt/tools/sdk/imt_sdk_win_64/winavr/bin/../lib/gcc/avr/4.3.3/../../../../avr/lib/avr5\libc.a(memcpy.o)
                              ./queue.o (memcpy)
e:/imt/tools/sdk/imt_sdk_win_64/winavr/bin/../lib/gcc/avr/4.3.3/../../../../avr/lib/avr5\libc.a(memset.o)
                              ./stream_buffer.o (memset)

Memory Configuration

Name             Origin             Length             Attributes
text             0x00000000         0x00020000         xr
data             0x00800060         0x0000ffa0         rw !x
eeprom           0x00810000         0x00010000         rw !x
fuse             0x00820000         0x00000400         rw !x
lock             0x00830000         0x00000400         rw !x
signature        0x00840000         0x00000400         rw !x
*default*        0x00000000         0xffffffff

Linker script and memory map

LOAD e:/imt/tools/sdk/imt_sdk_win_64/winavr/bin/../lib/gcc/avr/4.3.3/../../../../avr/lib/avr5/crtm32.o
LOAD ./croutine.o
LOAD ./event_groups.o
LOAD ./heap_1.o
LOAD ./list.o
LOAD ./port.o
LOAD ./queue.o
LOAD ./stream_buffer.o
LOAD ./tasks.o
LOAD ./timers.o
LOAD e:/imt/tools/sdk/imt_sdk_win_64/winavr/bin/../lib/gcc/avr/4.3.3/avr5\libgcc.a
LOAD e:/imt/tools/sdk/imt_sdk_win_64/winavr/bin/../lib/gcc/avr/4.3.3/../../../../avr/lib/avr5\libc.a
LOAD e:/imt/tools/sdk/imt_sdk_win_64/winavr/bin/../lib/gcc/avr/4.3.3/avr5\libgcc.a

.hash
 *(.hash)

.dynsym
 *(.dynsym)

.dynstr
 *(.dynstr)

.gnu.version
 *(.gnu.version)

.gnu.version_d
 *(.gnu.version_d)

.gnu.version_r
 *(.gnu.version_r)

.rel.init
 *(.rel.init)

.rela.init
 *(.rela.init)

.rel.text
 *(.rel.text)
 *(.rel.text.*)
 *(.rel.gnu.linkonce.t*)

.rela.text
 *(.rela.text)
 *(.rela.text.*)
 *(.rela.gnu.linkonce.t*)

.rel.fini
 *(.rel.fini)

.rela.fini
 *(.rela.fini)

.rel.rodata
 *(.rel.rodata)
 *(.rel.rodata.*)
 *(.rel.gnu.linkonce.r*)

.rela.rodata
 *(.rela.rodata)
 *(.rela.rodata.*)
 *(.rela.gnu.linkonce.r*)

.rel.data
 *(.rel.data)
 *(.rel.data.*)
 *(.rel.gnu.linkonce.d*)

.rela.data
 *(.rela.data)
 *(.rela.data.*)
 *(.rela.gnu.linkonce.d*)

.rel.ctors
 *(.rel.ctors)

.rela.ctors
 *(.rela.ctors)

.rel.dtors
 *(.rel.dtors)

.rela.dtors
 *(.rela.dtors)

.rel.got
 *(.rel.got)

.rela.got
 *(.rela.got)

.rel.bss
 *(.rel.bss)

.rela.bss
 *(.rela.bss)

.rel.plt
 *(.rel.plt)

.rela.plt
 *(.rela.plt)

.text           0x00000000     0x48ce
 *(.vectors)
 .vectors       0x00000000       0x54 e:/imt/tools/sdk/imt_sdk_win_64/winavr/bin/../lib/gcc/avr/4.3.3/../../../../avr/lib/avr5/crtm32.o
                0x00000000                __vectors
                0x00000000                __vector_default
 *(.vectors)
 *(.progmem.gcc*)
 *(.progmem*)
                0x00000054                . = ALIGN (0x2)
                0x00000054                __trampolines_start = .
 *(.trampolines)
 .trampolines   0x00000054        0x0 linker stubs
 *(.trampolines*)
                0x00000054                __trampolines_end = .
 *(.jumptables)
 *(.jumptables*)
 *(.lowtext)
 *(.lowtext*)
                0x00000054                __ctors_start = .
 *(.ctors)
                0x00000054                __ctors_end = .
                0x00000054                __dtors_start = .
 *(.dtors)
                0x00000054                __dtors_end = .
 SORT(*)(.ctors)
 SORT(*)(.dtors)
 *(.init0)
 .init0         0x00000054        0x0 e:/imt/tools/sdk/imt_sdk_win_64/winavr/bin/../lib/gcc/avr/4.3.3/../../../../avr/lib/avr5/crtm32.o
                0x00000054                __init
 *(.init0)
 *(.init1)
 *(.init1)
 *(.init2)
 .init2         0x00000054        0xc e:/imt/tools/sdk/imt_sdk_win_64/winavr/bin/../lib/gcc/avr/4.3.3/../../../../avr/lib/avr5/crtm32.o
 *(.init2)
 *(.init3)
 *(.init3)
 *(.init4)
 .init4         0x00000060       0x16 e:/imt/tools/sdk/imt_sdk_win_64/winavr/bin/../lib/gcc/avr/4.3.3/avr5\libgcc.a(_copy_data.o)
                0x00000060                __do_copy_data
 .init4         0x00000076       0x10 e:/imt/tools/sdk/imt_sdk_win_64/winavr/bin/../lib/gcc/avr/4.3.3/avr5\libgcc.a(_clear_bss.o)
                0x00000076                __do_clear_bss
 *(.init4)
 *(.init5)
 *(.init5)
 *(.init6)
 *(.init6)
 *(.init7)
 *(.init7)
 *(.init8)
 *(.init8)
 *(.init9)
 .init9         0x00000086        0x8 e:/imt/tools/sdk/imt_sdk_win_64/winavr/bin/../lib/gcc/avr/4.3.3/../../../../avr/lib/avr5/crtm32.o
 *(.init9)
 *(.text)
 .text          0x0000008e        0x4 e:/imt/tools/sdk/imt_sdk_win_64/winavr/bin/../lib/gcc/avr/4.3.3/../../../../avr/lib/avr5/crtm32.o
                0x0000008e                __vector_1
                0x0000008e                __vector_12
                0x0000008e                __bad_interrupt
                0x0000008e                __vector_6
                0x0000008e                __vector_3
                0x0000008e                __vector_11
                0x0000008e                __vector_13
                0x0000008e                __vector_17
                0x0000008e                __vector_19
                0x0000008e                __vector_5
                0x0000008e                __vector_4
                0x0000008e                __vector_9
                0x0000008e                __vector_2
                0x0000008e                __vector_15
                0x0000008e                __vector_8
                0x0000008e                __vector_14
                0x0000008e                __vector_10
                0x0000008e                __vector_16
                0x0000008e                __vector_18
                0x0000008e                __vector_20
 .text          0x00000092        0x0 ./croutine.o
 .text          0x00000092        0x0 ./event_groups.o
 .text          0x00000092        0x0 ./heap_1.o
 .text          0x00000092        0x0 ./list.o
 .text          0x00000092        0x0 ./port.o
 .text          0x00000092        0x0 ./queue.o
 .text          0x00000092        0x0 ./stream_buffer.o
 .text          0x00000092        0x0 ./tasks.o
 .text          0x00000092        0x0 ./timers.o
 .text          0x00000092        0x0 e:/imt/tools/sdk/imt_sdk_win_64/winavr/bin/../lib/gcc/avr/4.3.3/avr5\libgcc.a(_exit.o)
 .text          0x00000092        0x0 e:/imt/tools/sdk/imt_sdk_win_64/winavr/bin/../lib/gcc/avr/4.3.3/avr5\libgcc.a(_copy_data.o)
 .text          0x00000092        0x0 e:/imt/tools/sdk/imt_sdk_win_64/winavr/bin/../lib/gcc/avr/4.3.3/avr5\libgcc.a(_clear_bss.o)
 .text          0x00000092        0x0 e:/imt/tools/sdk/imt_sdk_win_64/winavr/bin/../lib/gcc/avr/4.3.3/../../../../avr/lib/avr5\libc.a(memcpy.o)
 .text          0x00000092        0x0 e:/imt/tools/sdk/imt_sdk_win_64/winavr/bin/../lib/gcc/avr/4.3.3/../../../../avr/lib/avr5\libc.a(memset.o)
                0x00000092                . = ALIGN (0x2)
 *(.text.*)
 .text.xEventGroupCreate
                0x00000092       0x3e ./event_groups.o
                0x00000092                xEventGroupCreate
 .text.xEventGroupSync
                0x000000d0      0x172 ./event_groups.o
                0x000000d0                xEventGroupSync
 .text.xEventGroupWaitBits
                0x00000242      0x18c ./event_groups.o
                0x00000242                xEventGroupWaitBits
 .text.xEventGroupClearBits
                0x000003ce       0x6c ./event_groups.o
                0x000003ce                xEventGroupClearBits
 .text.xEventGroupGetBitsFromISR
                0x0000043a       0x44 ./event_groups.o
                0x0000043a                xEventGroupGetBitsFromISR
 .text.xEventGroupSetBits
                0x0000047e      0x164 ./event_groups.o
                0x0000047e                xEventGroupSetBits
 .text.vEventGroupDelete
                0x000005e2       0x62 ./event_groups.o
                0x000005e2                vEventGroupDelete
 .text.vEventGroupSetBitsCallback
                0x00000644       0x3a ./event_groups.o
                0x00000644                vEventGroupSetBitsCallback
 .text.vEventGroupClearBitsCallback
                0x0000067e       0x3a ./event_groups.o
                0x0000067e                vEventGroupClearBitsCallback
 .text.prvTestWaitCondition
                0x000006b8       0x64 ./event_groups.o
 .text.pvPortMalloc
                0x0000071c       0xac ./heap_1.o
                0x0000071c                pvPortMalloc
 .text.vPortFree
                0x000007c8       0x18 ./heap_1.o
                0x000007c8                vPortFree
 .text.vPortInitialiseBlocks
                0x000007e0       0x16 ./heap_1.o
                0x000007e0                vPortInitialiseBlocks
 .text.xPortGetFreeHeapSize
                0x000007f6       0x1e ./heap_1.o
                0x000007f6                xPortGetFreeHeapSize
 .text.vListInitialise
                0x00000814       0x54 ./list.o
                0x00000814                vListInitialise
 .text.vListInitialiseItem
                0x00000868       0x20 ./list.o
                0x00000868                vListInitialiseItem
 .text.vListInsertEnd
                0x00000888       0x88 ./list.o
                0x00000888                vListInsertEnd
 .text.vListInsert
                0x00000910       0xd8 ./list.o
                0x00000910                vListInsert
 .text.uxListRemove
                0x000009e8       0x98 ./list.o
                0x000009e8                uxListRemove
 .text.pxPortInitialiseStack
                0x00000a80      0x306 ./port.o
                0x00000a80                pxPortInitialiseStack
 .text.xPortStartScheduler
                0x00000d86       0x6a ./port.o
                0x00000d86                xPortStartScheduler
 .text.vPortEndScheduler
                0x00000df0        0xe ./port.o
                0x00000df0                vPortEndScheduler
 .text.vPortYield
                0x00000dfe       0xb2 ./port.o
                0x00000dfe                vPortYield
 .text.vPortYieldFromTick
                0x00000eb0       0xba ./port.o
                0x00000eb0                vPortYieldFromTick
 .text.prvSetupTimerInterrupt
                0x00000f6a       0xb8 ./port.o
 .text.__vector_7
                0x00001022        0x6 ./port.o
                0x00001022                __vector_7
 .text.xQueueGenericReset
                0x00001028      0x10c ./queue.o
                0x00001028                xQueueGenericReset
 .text.xQueueGenericCreate
                0x00001134       0xa2 ./queue.o
                0x00001134                xQueueGenericCreate
 .text.prvInitialiseNewQueue
                0x000011d6       0x76 ./queue.o
 .text.xQueueGenericSend
                0x0000124c      0x158 ./queue.o
                0x0000124c                xQueueGenericSend
 .text.xQueueGenericSendFromISR
                0x000013a4       0xb0 ./queue.o
                0x000013a4                xQueueGenericSendFromISR
 .text.xQueueGiveFromISR
                0x00001454       0xa2 ./queue.o
                0x00001454                xQueueGiveFromISR
 .text.xQueueReceive
                0x000014f6      0x156 ./queue.o
                0x000014f6                xQueueReceive
 .text.xQueueSemaphoreTake
                0x0000164c      0x144 ./queue.o
                0x0000164c                xQueueSemaphoreTake
 .text.xQueuePeek
                0x00001790      0x164 ./queue.o
                0x00001790                xQueuePeek
 .text.xQueueReceiveFromISR
                0x000018f4       0xae ./queue.o
                0x000018f4                xQueueReceiveFromISR
 .text.xQueuePeekFromISR
                0x000019a2       0x72 ./queue.o
                0x000019a2                xQueuePeekFromISR
 .text.uxQueueMessagesWaiting
                0x00001a14       0x30 ./queue.o
                0x00001a14                uxQueueMessagesWaiting
 .text.uxQueueSpacesAvailable
                0x00001a44       0x4a ./queue.o
                0x00001a44                uxQueueSpacesAvailable
 .text.uxQueueMessagesWaitingFromISR
                0x00001a8e       0x34 ./queue.o
                0x00001a8e                uxQueueMessagesWaitingFromISR
 .text.vQueueDelete
                0x00001ac2       0x2e ./queue.o
                0x00001ac2                vQueueDelete
 .text.prvCopyDataToQueue
                0x00001af0      0x14c ./queue.o
 .text.prvCopyDataFromQueue
                0x00001c3c       0x8e ./queue.o
 .text.prvUnlockQueue
                0x00001cca       0xa6 ./queue.o
 .text.prvIsQueueEmpty
                0x00001d70       0x3a ./queue.o
 .text.xQueueIsQueueEmptyFromISR
                0x00001daa       0x3e ./queue.o
                0x00001daa                xQueueIsQueueEmptyFromISR
 .text.prvIsQueueFull
                0x00001de8       0x40 ./queue.o
 .text.xQueueIsQueueFullFromISR
                0x00001e28       0x44 ./queue.o
                0x00001e28                xQueueIsQueueFullFromISR
 .text.xStreamBufferGenericCreate
                0x00001e6c       0x98 ./stream_buffer.o
                0x00001e6c                xStreamBufferGenericCreate
 .text.vStreamBufferDelete
                0x00001f04       0x52 ./stream_buffer.o
                0x00001f04                vStreamBufferDelete
 .text.xStreamBufferReset
                0x00001f56       0x84 ./stream_buffer.o
                0x00001f56                xStreamBufferReset
 .text.xStreamBufferSetTriggerLevel
                0x00001fda       0x6e ./stream_buffer.o
                0x00001fda                xStreamBufferSetTriggerLevel
 .text.xStreamBufferSpacesAvailable
                0x00002048       0x8c ./stream_buffer.o
                0x00002048                xStreamBufferSpacesAvailable
 .text.xStreamBufferBytesAvailable
                0x000020d4       0x3c ./stream_buffer.o
                0x000020d4                xStreamBufferBytesAvailable
 .text.xStreamBufferSend
                0x00002110      0x190 ./stream_buffer.o
                0x00002110                xStreamBufferSend
 .text.xStreamBufferSendFromISR
                0x000022a0       0xfa ./stream_buffer.o
                0x000022a0                xStreamBufferSendFromISR
 .text.prvWriteMessageToBuffer
                0x0000239a       0xe4 ./stream_buffer.o
 .text.xStreamBufferReceive
                0x0000247e      0x174 ./stream_buffer.o
                0x0000247e                xStreamBufferReceive
 .text.xStreamBufferNextMessageLengthBytes
                0x000025f2       0xa4 ./stream_buffer.o
                0x000025f2                xStreamBufferNextMessageLengthBytes
 .text.xStreamBufferReceiveFromISR
                0x00002696       0xf0 ./stream_buffer.o
                0x00002696                xStreamBufferReceiveFromISR
 .text.prvReadMessageFromBuffer
                0x00002786       0xd8 ./stream_buffer.o
 .text.xStreamBufferIsEmpty
                0x0000285e       0x5a ./stream_buffer.o
                0x0000285e                xStreamBufferIsEmpty
 .text.xStreamBufferIsFull
                0x000028b8       0x70 ./stream_buffer.o
                0x000028b8                xStreamBufferIsFull
 .text.xStreamBufferSendCompletedFromISR
                0x00002928       0x86 ./stream_buffer.o
                0x00002928                xStreamBufferSendCompletedFromISR
 .text.xStreamBufferReceiveCompletedFromISR
                0x000029ae       0x86 ./stream_buffer.o
                0x000029ae                xStreamBufferReceiveCompletedFromISR
 .text.prvWriteBytesToBuffer
                0x00002a34      0x11a ./stream_buffer.o
 .text.prvReadBytesFromBuffer
                0x00002b4e      0x15a ./stream_buffer.o
 .text.prvBytesInBuffer
                0x00002ca8       0x74 ./stream_buffer.o
 .text.prvInitialiseNewStreamBuffer
                0x00002d1c       0x78 ./stream_buffer.o
 .text.xTaskCreate
                0x00002d94       0xf0 ./tasks.o
                0x00002d94                xTaskCreate
 .text.prvInitialiseNewTask
                0x00002e84      0x178 ./tasks.o
 .text.prvAddNewTaskToReadyList
                0x00002ffc       0xf0 ./tasks.o
 .text.vTaskDelete
                0x000030ec       0xe4 ./tasks.o
                0x000030ec                vTaskDelete
 .text.vTaskDelayUntil
                0x000031d0       0xe4 ./tasks.o
                0x000031d0                vTaskDelayUntil
 .text.vTaskDelay
                0x000032b4       0x44 ./tasks.o
                0x000032b4                vTaskDelay
 .text.vTaskSuspend
                0x000032f8       0xe8 ./tasks.o
                0x000032f8                vTaskSuspend
 .text.prvTaskIsTaskSuspended
                0x000033e0       0x5e ./tasks.o
 .text.vTaskResume
                0x0000343e       0xc8 ./tasks.o
                0x0000343e                vTaskResume
 .text.xTaskResumeFromISR
                0x00003506       0xcc ./tasks.o
                0x00003506                xTaskResumeFromISR
 .text.vTaskStartScheduler
                0x000035d2       0x64 ./tasks.o
                0x000035d2                vTaskStartScheduler
 .text.vTaskEndScheduler
                0x00003636       0x18 ./tasks.o
                0x00003636                vTaskEndScheduler
 .text.vTaskSuspendAll
                0x0000364e       0x18 ./tasks.o
                0x0000364e                vTaskSuspendAll
 .text.xTaskResumeAll
                0x00003666      0x126 ./tasks.o
                0x00003666                xTaskResumeAll
 .text.xTaskGetTickCount
                0x0000378c       0x2e ./tasks.o
                0x0000378c                xTaskGetTickCount
 .text.xTaskGetTickCountFromISR
                0x000037ba       0x2a ./tasks.o
                0x000037ba                xTaskGetTickCountFromISR
 .text.uxTaskGetNumberOfTasks
                0x000037e4       0x12 ./tasks.o
                0x000037e4                uxTaskGetNumberOfTasks
 .text.pcTaskGetName
                0x000037f6       0x50 ./tasks.o
                0x000037f6                pcTaskGetName
 .text.xTaskIncrementTick
                0x00003846      0x1ca ./tasks.o
                0x00003846                xTaskIncrementTick
 .text.vTaskSwitchContext
                0x00003a10       0xda ./tasks.o
                0x00003a10                vTaskSwitchContext
 .text.vTaskPlaceOnEventList
                0x00003aea       0x44 ./tasks.o
                0x00003aea                vTaskPlaceOnEventList
 .text.vTaskPlaceOnUnorderedEventList
                0x00003b2e       0x60 ./tasks.o
                0x00003b2e                vTaskPlaceOnUnorderedEventList
 .text.xTaskRemoveFromEventList
                0x00003b8e       0xd6 ./tasks.o
                0x00003b8e                xTaskRemoveFromEventList
 .text.vTaskRemoveFromUnorderedEventList
                0x00003c64       0xba ./tasks.o
                0x00003c64                vTaskRemoveFromUnorderedEventList
 .text.vTaskSetTimeOutState
                0x00003d1e       0x3c ./tasks.o
                0x00003d1e                vTaskSetTimeOutState
 .text.vTaskInternalSetTimeOutState
                0x00003d5a       0x32 ./tasks.o
                0x00003d5a                vTaskInternalSetTimeOutState
 .text.xTaskCheckForTimeOut
                0x00003d8c       0xda ./tasks.o
                0x00003d8c                xTaskCheckForTimeOut
 .text.vTaskMissedYield
                0x00003e66       0x14 ./tasks.o
                0x00003e66                vTaskMissedYield
 .text.prvIdleTask
                0x00003e7a       0x14 ./tasks.o
 .text.prvInitialiseTaskLists
                0x00003e8e       0x82 ./tasks.o
 .text.prvCheckTasksWaitingTermination
                0x00003f10       0x5e ./tasks.o
 .text.prvDeleteTCB
                0x00003f6e       0x2c ./tasks.o
 .text.prvResetNextTaskUnblockTime
                0x00003f9a       0x56 ./tasks.o
 .text.xTaskGetCurrentTaskHandle
                0x00003ff0       0x24 ./tasks.o
                0x00003ff0                xTaskGetCurrentTaskHandle
 .text.uxTaskResetEventItemValue
                0x00004014       0x4e ./tasks.o
                0x00004014                uxTaskResetEventItemValue
 .text.ulTaskNotifyTake
                0x00004062       0xee ./tasks.o
                0x00004062                ulTaskNotifyTake
 .text.xTaskNotifyWait
                0x00004150      0x138 ./tasks.o
                0x00004150                xTaskNotifyWait
 .text.xTaskGenericNotify
                0x00004288      0x1ba ./tasks.o
                0x00004288                xTaskGenericNotify
 .text.xTaskGenericNotifyFromISR
                0x00004442      0x1f0 ./tasks.o
                0x00004442                xTaskGenericNotifyFromISR
 .text.vTaskNotifyGiveFromISR
                0x00004632      0x10c ./tasks.o
                0x00004632                vTaskNotifyGiveFromISR
 .text.xTaskNotifyStateClear
                0x0000473e       0x74 ./tasks.o
                0x0000473e                xTaskNotifyStateClear
 .text.prvAddCurrentTaskToDelayedList
                0x000047b2       0xf8 ./tasks.o
 .text.libgcc   0x000048aa        0x0 e:/imt/tools/sdk/imt_sdk_win_64/winavr/bin/../lib/gcc/avr/4.3.3/avr5\libgcc.a(_exit.o)
 .text.libgcc   0x000048aa        0x0 e:/imt/tools/sdk/imt_sdk_win_64/winavr/bin/../lib/gcc/avr/4.3.3/avr5\libgcc.a(_copy_data.o)
 .text.libgcc   0x000048aa        0x0 e:/imt/tools/sdk/imt_sdk_win_64/winavr/bin/../lib/gcc/avr/4.3.3/avr5\libgcc.a(_clear_bss.o)
 .text.avr-libc
                0x000048aa       0x12 e:/imt/tools/sdk/imt_sdk_win_64/winavr/bin/../lib/gcc/avr/4.3.3/../../../../avr/lib/avr5\libc.a(memcpy.o)
                0x000048aa                memcpy
 .text.avr-libc
                0x000048bc        0xe e:/imt/tools/sdk/imt_sdk_win_64/winavr/bin/../lib/gcc/avr/4.3.3/../../../../avr/lib/avr5\libc.a(memset.o)
                0x000048bc                memset
                0x000048ca                . = ALIGN (0x2)
 *(.fini9)
 .fini9         0x000048ca        0x0 e:/imt/tools/sdk/imt_sdk_win_64/winavr/bin/../lib/gcc/avr/4.3.3/avr5\libgcc.a(_exit.o)
                0x000048ca                exit
                0x000048ca                _exit
 *(.fini9)
 *(.fini8)
 *(.fini8)
 *(.fini7)
 *(.fini7)
 *(.fini6)
 *(.fini6)
 *(.fini5)
 *(.fini5)
 *(.fini4)
 *(.fini4)
 *(.fini3)
 *(.fini3)
 *(.fini2)
 *(.fini2)
 *(.fini1)
 *(.fini1)
 *(.fini0)
 .fini0         0x000048ca        0x4 e:/imt/tools/sdk/imt_sdk_win_64/winavr/bin/../lib/gcc/avr/4.3.3/avr5\libgcc.a(_exit.o)
 *(.fini0)
                0x000048ce                _etext = .

.data           0x00800060        0x6 load address 0x000048ce
                0x00800060                PROVIDE (__data_start, .)
 *(.data)
 .data          0x00800060        0x0 e:/imt/tools/sdk/imt_sdk_win_64/winavr/bin/../lib/gcc/avr/4.3.3/../../../../avr/lib/avr5/crtm32.o
 .data          0x00800060        0x0 ./croutine.o
 .data          0x00800060        0x0 ./event_groups.o
 .data          0x00800060        0x0 ./heap_1.o
 .data          0x00800060        0x0 ./list.o
 .data          0x00800060        0x0 ./port.o
 .data          0x00800060        0x0 ./queue.o
 .data          0x00800060        0x0 ./stream_buffer.o
 .data          0x00800060        0x5 ./tasks.o
 .data          0x00800065        0x0 ./timers.o
 .data          0x00800065        0x0 e:/imt/tools/sdk/imt_sdk_win_64/winavr/bin/../lib/gcc/avr/4.3.3/avr5\libgcc.a(_exit.o)
 .data          0x00800065        0x0 e:/imt/tools/sdk/imt_sdk_win_64/winavr/bin/../lib/gcc/avr/4.3.3/avr5\libgcc.a(_copy_data.o)
 .data          0x00800065        0x0 e:/imt/tools/sdk/imt_sdk_win_64/winavr/bin/../lib/gcc/avr/4.3.3/avr5\libgcc.a(_clear_bss.o)
 .data          0x00800065        0x0 e:/imt/tools/sdk/imt_sdk_win_64/winavr/bin/../lib/gcc/avr/4.3.3/../../../../avr/lib/avr5\libc.a(memcpy.o)
 .data          0x00800065        0x0 e:/imt/tools/sdk/imt_sdk_win_64/winavr/bin/../lib/gcc/avr/4.3.3/../../../../avr/lib/avr5\libc.a(memset.o)
 *(.data*)
 *(.rodata)
 *(.rodata*)
 *(.gnu.linkonce.d*)
                0x00800066                . = ALIGN (0x2)
 *fill*         0x00800065        0x1 00
                0x00800066                _edata = .
                0x00800066                PROVIDE (__data_end, .)

.bss            0x00800066      0x646
                0x00800066                PROVIDE (__bss_start, .)
 *(.bss)
 .bss           0x00800066        0x0 e:/imt/tools/sdk/imt_sdk_win_64/winavr/bin/../lib/gcc/avr/4.3.3/../../../../avr/lib/avr5/crtm32.o
 .bss           0x00800066        0x0 ./croutine.o
 .bss           0x00800066        0x0 ./event_groups.o
 .bss           0x00800066        0x0 ./heap_1.o
 .bss           0x00800066        0x0 ./list.o
 .bss           0x00800066        0x0 ./port.o
 .bss           0x00800066        0x0 ./queue.o
 .bss           0x00800066        0x0 ./stream_buffer.o
 .bss           0x00800066        0x0 ./tasks.o
 .bss           0x00800066        0x0 ./timers.o
 .bss           0x00800066        0x0 e:/imt/tools/sdk/imt_sdk_win_64/winavr/bin/../lib/gcc/avr/4.3.3/avr5\libgcc.a(_exit.o)
 .bss           0x00800066        0x0 e:/imt/tools/sdk/imt_sdk_win_64/winavr/bin/../lib/gcc/avr/4.3.3/avr5\libgcc.a(_copy_data.o)
 .bss           0x00800066        0x0 e:/imt/tools/sdk/imt_sdk_win_64/winavr/bin/../lib/gcc/avr/4.3.3/avr5\libgcc.a(_clear_bss.o)
 .bss           0x00800066        0x0 e:/imt/tools/sdk/imt_sdk_win_64/winavr/bin/../lib/gcc/avr/4.3.3/../../../../avr/lib/avr5\libc.a(memcpy.o)
 .bss           0x00800066        0x0 e:/imt/tools/sdk/imt_sdk_win_64/winavr/bin/../lib/gcc/avr/4.3.3/../../../../avr/lib/avr5\libc.a(memset.o)
 *(.bss*)
 .bss.xNextFreeByte
                0x00800066        0x2 ./heap_1.o
 .bss.pucAlignedHeap.1647
                0x00800068        0x2 ./heap_1.o
 .bss.ucHeap    0x0080006a      0x5dc ./heap_1.o
 .bss.pxCurrentTCB
                0x00800646        0x2 ./tasks.o
                0x00800646                pxCurrentTCB
 .bss.uxDeletedTasksWaitingCleanUp
                0x00800648        0x1 ./tasks.o
 .bss.uxCurrentNumberOfTasks
                0x00800649        0x1 ./tasks.o
 .bss.xTickCount
                0x0080064a        0x2 ./tasks.o
 .bss.uxTopReadyPriority
                0x0080064c        0x1 ./tasks.o
 .bss.xSchedulerRunning
                0x0080064d        0x1 ./tasks.o
 .bss.uxPendedTicks
                0x0080064e        0x1 ./tasks.o
 .bss.xYieldPending
                0x0080064f        0x1 ./tasks.o
 .bss.xNumOfOverflows
                0x00800650        0x1 ./tasks.o
 .bss.uxTaskNumber
                0x00800651        0x1 ./tasks.o
 .bss.xNextTaskUnblockTime
                0x00800652        0x2 ./tasks.o
 .bss.xIdleTaskHandle
                0x00800654        0x2 ./tasks.o
 .bss.uxSchedulerSuspended
                0x00800656        0x1 ./tasks.o
 .bss.pxReadyTasksLists
                0x00800657       0x24 ./tasks.o
 .bss.xDelayedTaskList1
                0x0080067b        0x9 ./tasks.o
 .bss.xDelayedTaskList2
                0x00800684        0x9 ./tasks.o
 .bss.pxDelayedTaskList
                0x0080068d        0x2 ./tasks.o
 .bss.pxOverflowDelayedTaskList
                0x0080068f        0x2 ./tasks.o
 .bss.xPendingReadyList
                0x00800691        0x9 ./tasks.o
 .bss.xTasksWaitingTermination
                0x0080069a        0x9 ./tasks.o
 .bss.xSuspendedTaskList
                0x008006a3        0x9 ./tasks.o
 *(COMMON)
                0x008006ac                PROVIDE (__bss_end, .)
                0x000048ce                __data_load_start = LOADADDR (.data)
                0x000048d4                __data_load_end = (__data_load_start + SIZEOF (.data))

.noinit         0x008006ac        0x0
                0x008006ac                PROVIDE (__noinit_start, .)
 *(.noinit*)
                0x008006ac                PROVIDE (__noinit_end, .)
                0x008006ac                _end = .
                0x008006ac                PROVIDE (__heap_start, .)

.eeprom         0x00810000        0x0
 *(.eeprom*)
                0x00810000                __eeprom_end = .

.fuse
 *(.fuse)
 *(.lfuse)
 *(.hfuse)
 *(.efuse)

.lock
 *(.lock*)

.signature
 *(.signature*)

.stab           0x00000000     0x7908
 *(.stab)
 .stab          0x00000000      0x624 ./croutine.o
 .stab          0x00000624      0xdbc ./event_groups.o
                               0x1110 (size before relaxing)
 .stab          0x000013e0      0x2e8 ./heap_1.o
                                0x7b0 (size before relaxing)
 .stab          0x000016c8      0x450 ./list.o
                                0x84c (size before relaxing)
 .stab          0x00001b18      0x804 ./port.o
                                0xcc0 (size before relaxing)
 .stab          0x0000231c     0x1a64 ./queue.o
                               0x1f2c (size before relaxing)
 .stab          0x00003d80     0x15e4 ./stream_buffer.o
                               0x1a40 (size before relaxing)
 .stab          0x00005364     0x2424 ./tasks.o
                               0x291c (size before relaxing)
 .stab          0x00007788      0x180 ./timers.o
                                0x6a8 (size before relaxing)

.stabstr        0x00000000     0x4293
 *(.stabstr)
 .stabstr       0x00000000     0x4293 ./croutine.o

.stab.excl
 *(.stab.excl)

.stab.exclstr
 *(.stab.exclstr)

.stab.index
 *(.stab.index)

.stab.indexstr
 *(.stab.indexstr)

.comment
 *(.comment)

.debug
 *(.debug)

.line
 *(.line)

.debug_srcinfo
 *(.debug_srcinfo)

.debug_sfnames
 *(.debug_sfnames)

.debug_aranges
 *(.debug_aranges)

.debug_pubnames
 *(.debug_pubnames)

.debug_info
 *(.debug_info)
 *(.gnu.linkonce.wi.*)

.debug_abbrev
 *(.debug_abbrev)

.debug_line
 *(.debug_line)

.debug_frame
 *(.debug_frame)

.debug_str
 *(.debug_str)

.debug_loc
 *(.debug_loc)

.debug_macinfo
 *(.debug_macinfo)
OUTPUT(FreeRTOS.elf elf32-avr)
LOAD linker stubs
