Archive member included because of file (symbol)

e:/imt/tools/sdk/imt_sdk_win_64/winavr/bin/../lib/gcc/avr/4.3.3/avr5\libgcc.a(_exit.o)
                              e:/imt/tools/sdk/imt_sdk_win_64/winavr/bin/../lib/gcc/avr/4.3.3/../../../../avr/lib/avr5/crtm32.o (exit)
e:/imt/tools/sdk/imt_sdk_win_64/winavr/bin/../lib/gcc/avr/4.3.3/avr5\libgcc.a(_copy_data.o)
                              ./main.o (__do_copy_data)
e:/imt/tools/sdk/imt_sdk_win_64/winavr/bin/../lib/gcc/avr/4.3.3/avr5\libgcc.a(_clear_bss.o)
                              ./Lcd_prg.o (__do_clear_bss)
e:/imt/tools/sdk/imt_sdk_win_64/winavr/bin/../lib/gcc/avr/4.3.3/avr5\libgcc.a(_fixunssfsi.o)
                              ./Servo_prg.o (__fixunssfsi)
e:/imt/tools/sdk/imt_sdk_win_64/winavr/bin/../lib/gcc/avr/4.3.3/avr5\libgcc.a(_addsub_sf.o)
                              e:/imt/tools/sdk/imt_sdk_win_64/winavr/bin/../lib/gcc/avr/4.3.3/avr5\libgcc.a(_fixunssfsi.o) (__subsf3)
e:/imt/tools/sdk/imt_sdk_win_64/winavr/bin/../lib/gcc/avr/4.3.3/avr5\libgcc.a(_mul_sf.o)
                              ./Servo_prg.o (__mulsf3)
e:/imt/tools/sdk/imt_sdk_win_64/winavr/bin/../lib/gcc/avr/4.3.3/avr5\libgcc.a(_div_sf.o)
                              ./Servo_prg.o (__divsf3)
e:/imt/tools/sdk/imt_sdk_win_64/winavr/bin/../lib/gcc/avr/4.3.3/avr5\libgcc.a(_ge_sf.o)
                              e:/imt/tools/sdk/imt_sdk_win_64/winavr/bin/../lib/gcc/avr/4.3.3/avr5\libgcc.a(_fixunssfsi.o) (__gesf2)
e:/imt/tools/sdk/imt_sdk_win_64/winavr/bin/../lib/gcc/avr/4.3.3/avr5\libgcc.a(_si_to_sf.o)
                              ./Servo_prg.o (__floatsisf)
e:/imt/tools/sdk/imt_sdk_win_64/winavr/bin/../lib/gcc/avr/4.3.3/avr5\libgcc.a(_sf_to_si.o)
                              e:/imt/tools/sdk/imt_sdk_win_64/winavr/bin/../lib/gcc/avr/4.3.3/avr5\libgcc.a(_fixunssfsi.o) (__fixsfsi)
e:/imt/tools/sdk/imt_sdk_win_64/winavr/bin/../lib/gcc/avr/4.3.3/avr5\libgcc.a(_thenan_sf.o)
                              e:/imt/tools/sdk/imt_sdk_win_64/winavr/bin/../lib/gcc/avr/4.3.3/avr5\libgcc.a(_addsub_sf.o) (__thenan_sf)
e:/imt/tools/sdk/imt_sdk_win_64/winavr/bin/../lib/gcc/avr/4.3.3/avr5\libgcc.a(_prologue.o)
                              e:/imt/tools/sdk/imt_sdk_win_64/winavr/bin/../lib/gcc/avr/4.3.3/avr5\libgcc.a(_addsub_sf.o) (__prologue_saves__)
e:/imt/tools/sdk/imt_sdk_win_64/winavr/bin/../lib/gcc/avr/4.3.3/avr5\libgcc.a(_epilogue.o)
                              e:/imt/tools/sdk/imt_sdk_win_64/winavr/bin/../lib/gcc/avr/4.3.3/avr5\libgcc.a(_addsub_sf.o) (__epilogue_restores__)
e:/imt/tools/sdk/imt_sdk_win_64/winavr/bin/../lib/gcc/avr/4.3.3/avr5\libgcc.a(_clzsi2.o)
                              e:/imt/tools/sdk/imt_sdk_win_64/winavr/bin/../lib/gcc/avr/4.3.3/avr5\libgcc.a(_si_to_sf.o) (__clzsi2)
e:/imt/tools/sdk/imt_sdk_win_64/winavr/bin/../lib/gcc/avr/4.3.3/avr5\libgcc.a(_pack_sf.o)
                              e:/imt/tools/sdk/imt_sdk_win_64/winavr/bin/../lib/gcc/avr/4.3.3/avr5\libgcc.a(_addsub_sf.o) (__pack_f)
e:/imt/tools/sdk/imt_sdk_win_64/winavr/bin/../lib/gcc/avr/4.3.3/avr5\libgcc.a(_unpack_sf.o)
                              e:/imt/tools/sdk/imt_sdk_win_64/winavr/bin/../lib/gcc/avr/4.3.3/avr5\libgcc.a(_addsub_sf.o) (__unpack_f)
e:/imt/tools/sdk/imt_sdk_win_64/winavr/bin/../lib/gcc/avr/4.3.3/avr5\libgcc.a(_fpcmp_parts_sf.o)
                              e:/imt/tools/sdk/imt_sdk_win_64/winavr/bin/../lib/gcc/avr/4.3.3/avr5\libgcc.a(_ge_sf.o) (__fpcmp_parts_f)
e:/imt/tools/sdk/imt_sdk_win_64/winavr/bin/../lib/gcc/avr/4.3.3/avr5\libgcc.a(_clz.o)
                              e:/imt/tools/sdk/imt_sdk_win_64/winavr/bin/../lib/gcc/avr/4.3.3/avr5\libgcc.a(_clzsi2.o) (__clz_tab)

Allocating common symbols
Common symbol       size              file

Alarm_Task          0xb               ./main.o
KeyPad_Task         0xb               ./main.o
arr_State           0x32              ./Lcd_prg.o
Exit_Task           0xb               ./main.o
LCD_Trigger_Task    0xb               ./main.o
Door_Task           0xb               ./main.o
Light_Task          0xb               ./main.o
Pfun_CAPT           0x2               ./Timer1_prg.o
Window_Task         0xb               ./main.o
Control_Task        0xb               ./main.o
apstrTaskArray      0x3c              ./RTO_prg.o
Fan_Task            0xb               ./main.o
arr_Queue           0x32              ./Lcd_prg.o
LCD_Task            0xb               ./main.o
Pfun_CMPB           0x2               ./Timer1_prg.o
SaveVal             0x3               ./main.o
Pfun_CMP            0x2               ./Timer0_prg.o
Password_Task       0xb               ./main.o
Pfun_OVF            0x2               ./Timer0_prg.o
Pfun_CMPA           0x2               ./Timer1_prg.o

Memory Configuration

Name             Origin             Length             Attributes
text             0x00000000         0x00020000         xr
data             0x00800060         0x0000ffa0         rw !x
eeprom           0x00810000         0x00010000         rw !x
fuse             0x00820000         0x00000400         rw !x
lock             0x00830000         0x00000400         rw !x
signature        0x00840000         0x00000400         rw !x
*default*        0x00000000         0xffffffff

Linker script and memory map

LOAD e:/imt/tools/sdk/imt_sdk_win_64/winavr/bin/../lib/gcc/avr/4.3.3/../../../../avr/lib/avr5/crtm32.o
LOAD ./Buzzer_prg.o
LOAD ./DC_Motor_prg.o
LOAD ./Dio_prg.o
LOAD ./Keypad_prg.o
LOAD ./Lcd_prg.o
LOAD ./Led_prg.o
LOAD ./PWM_prg.o
LOAD ./RTO_prg.o
LOAD ./Servo_prg.o
LOAD ./Stepper_prg.o
LOAD ./Timer0_prg.o
LOAD ./Timer1_prg.o
LOAD ./Timer2_prg.o
LOAD ./main.o
LOAD e:/imt/tools/sdk/imt_sdk_win_64/winavr/bin/../lib/gcc/avr/4.3.3/avr5\libgcc.a
LOAD e:/imt/tools/sdk/imt_sdk_win_64/winavr/bin/../lib/gcc/avr/4.3.3/../../../../avr/lib/avr5\libc.a
LOAD e:/imt/tools/sdk/imt_sdk_win_64/winavr/bin/../lib/gcc/avr/4.3.3/avr5\libgcc.a

.hash
 *(.hash)

.dynsym
 *(.dynsym)

.dynstr
 *(.dynstr)

.gnu.version
 *(.gnu.version)

.gnu.version_d
 *(.gnu.version_d)

.gnu.version_r
 *(.gnu.version_r)

.rel.init
 *(.rel.init)

.rela.init
 *(.rela.init)

.rel.text
 *(.rel.text)
 *(.rel.text.*)
 *(.rel.gnu.linkonce.t*)

.rela.text
 *(.rela.text)
 *(.rela.text.*)
 *(.rela.gnu.linkonce.t*)

.rel.fini
 *(.rel.fini)

.rela.fini
 *(.rela.fini)

.rel.rodata
 *(.rel.rodata)
 *(.rel.rodata.*)
 *(.rel.gnu.linkonce.r*)

.rela.rodata
 *(.rela.rodata)
 *(.rela.rodata.*)
 *(.rela.gnu.linkonce.r*)

.rel.data
 *(.rel.data)
 *(.rel.data.*)
 *(.rel.gnu.linkonce.d*)

.rela.data
 *(.rela.data)
 *(.rela.data.*)
 *(.rela.gnu.linkonce.d*)

.rel.ctors
 *(.rel.ctors)

.rela.ctors
 *(.rela.ctors)

.rel.dtors
 *(.rel.dtors)

.rela.dtors
 *(.rela.dtors)

.rel.got
 *(.rel.got)

.rela.got
 *(.rela.got)

.rel.bss
 *(.rel.bss)

.rela.bss
 *(.rela.bss)

.rel.plt
 *(.rel.plt)

.rela.plt
 *(.rela.plt)

.text           0x00000000     0x36b4
 *(.vectors)
 .vectors       0x00000000       0x54 e:/imt/tools/sdk/imt_sdk_win_64/winavr/bin/../lib/gcc/avr/4.3.3/../../../../avr/lib/avr5/crtm32.o
                0x00000000                __vectors
                0x00000000                __vector_default
 *(.vectors)
 *(.progmem.gcc*)
 *(.progmem*)
                0x00000054                . = ALIGN (0x2)
                0x00000054                __trampolines_start = .
 *(.trampolines)
 .trampolines   0x00000054        0x0 linker stubs
 *(.trampolines*)
                0x00000054                __trampolines_end = .
 *(.jumptables)
 *(.jumptables*)
 *(.lowtext)
 *(.lowtext*)
                0x00000054                __ctors_start = .
 *(.ctors)
                0x00000054                __ctors_end = .
                0x00000054                __dtors_start = .
 *(.dtors)
                0x00000054                __dtors_end = .
 SORT(*)(.ctors)
 SORT(*)(.dtors)
 *(.init0)
 .init0         0x00000054        0x0 e:/imt/tools/sdk/imt_sdk_win_64/winavr/bin/../lib/gcc/avr/4.3.3/../../../../avr/lib/avr5/crtm32.o
                0x00000054                __init
 *(.init0)
 *(.init1)
 *(.init1)
 *(.init2)
 .init2         0x00000054        0xc e:/imt/tools/sdk/imt_sdk_win_64/winavr/bin/../lib/gcc/avr/4.3.3/../../../../avr/lib/avr5/crtm32.o
 *(.init2)
 *(.init3)
 *(.init3)
 *(.init4)
 .init4         0x00000060       0x16 e:/imt/tools/sdk/imt_sdk_win_64/winavr/bin/../lib/gcc/avr/4.3.3/avr5\libgcc.a(_copy_data.o)
                0x00000060                __do_copy_data
 .init4         0x00000076       0x10 e:/imt/tools/sdk/imt_sdk_win_64/winavr/bin/../lib/gcc/avr/4.3.3/avr5\libgcc.a(_clear_bss.o)
                0x00000076                __do_clear_bss
 *(.init4)
 *(.init5)
 *(.init5)
 *(.init6)
 *(.init6)
 *(.init7)
 *(.init7)
 *(.init8)
 *(.init8)
 *(.init9)
 .init9         0x00000086        0x8 e:/imt/tools/sdk/imt_sdk_win_64/winavr/bin/../lib/gcc/avr/4.3.3/../../../../avr/lib/avr5/crtm32.o
 *(.init9)
 *(.text)
 .text          0x0000008e        0x4 e:/imt/tools/sdk/imt_sdk_win_64/winavr/bin/../lib/gcc/avr/4.3.3/../../../../avr/lib/avr5/crtm32.o
                0x0000008e                __vector_1
                0x0000008e                __vector_12
                0x0000008e                __bad_interrupt
                0x0000008e                __vector_3
                0x0000008e                __vector_13
                0x0000008e                __vector_17
                0x0000008e                __vector_19
                0x0000008e                __vector_2
                0x0000008e                __vector_15
                0x0000008e                __vector_14
                0x0000008e                __vector_16
                0x0000008e                __vector_18
                0x0000008e                __vector_20
 .text          0x00000092        0x0 ./Buzzer_prg.o
 .text          0x00000092        0x0 ./DC_Motor_prg.o
 .text          0x00000092        0x0 ./Dio_prg.o
 .text          0x00000092        0x0 ./Keypad_prg.o
 .text          0x00000092        0x0 ./Lcd_prg.o
 .text          0x00000092        0x0 ./Led_prg.o
 .text          0x00000092        0x0 ./PWM_prg.o
 .text          0x00000092        0x0 ./RTO_prg.o
 .text          0x00000092        0x0 ./Servo_prg.o
 .text          0x00000092        0x0 ./Stepper_prg.o
 .text          0x00000092        0x0 ./Timer0_prg.o
 .text          0x00000092        0x0 ./Timer1_prg.o
 .text          0x00000092        0x0 ./Timer2_prg.o
 .text          0x00000092        0x0 ./main.o
 .text          0x00000092        0x0 e:/imt/tools/sdk/imt_sdk_win_64/winavr/bin/../lib/gcc/avr/4.3.3/avr5\libgcc.a(_exit.o)
 .text          0x00000092        0x0 e:/imt/tools/sdk/imt_sdk_win_64/winavr/bin/../lib/gcc/avr/4.3.3/avr5\libgcc.a(_copy_data.o)
 .text          0x00000092        0x0 e:/imt/tools/sdk/imt_sdk_win_64/winavr/bin/../lib/gcc/avr/4.3.3/avr5\libgcc.a(_clear_bss.o)
 .text          0x00000092       0x58 e:/imt/tools/sdk/imt_sdk_win_64/winavr/bin/../lib/gcc/avr/4.3.3/avr5\libgcc.a(_fixunssfsi.o)
                0x00000092                __fixunssfsi
 .text          0x000000ea      0x354 e:/imt/tools/sdk/imt_sdk_win_64/winavr/bin/../lib/gcc/avr/4.3.3/avr5\libgcc.a(_addsub_sf.o)
                0x00000382                __subsf3
                0x000003e4                __addsf3
 .text          0x0000043e      0x1f4 e:/imt/tools/sdk/imt_sdk_win_64/winavr/bin/../lib/gcc/avr/4.3.3/avr5\libgcc.a(_mul_sf.o)
                0x0000043e                __mulsf3
 .text          0x00000632      0x158 e:/imt/tools/sdk/imt_sdk_win_64/winavr/bin/../lib/gcc/avr/4.3.3/avr5\libgcc.a(_div_sf.o)
                0x00000632                __divsf3
 .text          0x0000078a       0x60 e:/imt/tools/sdk/imt_sdk_win_64/winavr/bin/../lib/gcc/avr/4.3.3/avr5\libgcc.a(_ge_sf.o)
                0x0000078a                __gesf2
 .text          0x000007ea       0xbc e:/imt/tools/sdk/imt_sdk_win_64/winavr/bin/../lib/gcc/avr/4.3.3/avr5\libgcc.a(_si_to_sf.o)
                0x000007ea                __floatsisf
 .text          0x000008a6       0xa8 e:/imt/tools/sdk/imt_sdk_win_64/winavr/bin/../lib/gcc/avr/4.3.3/avr5\libgcc.a(_sf_to_si.o)
                0x000008a6                __fixsfsi
 .text          0x0000094e        0x0 e:/imt/tools/sdk/imt_sdk_win_64/winavr/bin/../lib/gcc/avr/4.3.3/avr5\libgcc.a(_thenan_sf.o)
 .text          0x0000094e        0x0 e:/imt/tools/sdk/imt_sdk_win_64/winavr/bin/../lib/gcc/avr/4.3.3/avr5\libgcc.a(_prologue.o)
 .text          0x0000094e        0x0 e:/imt/tools/sdk/imt_sdk_win_64/winavr/bin/../lib/gcc/avr/4.3.3/avr5\libgcc.a(_epilogue.o)
 .text          0x0000094e       0x9e e:/imt/tools/sdk/imt_sdk_win_64/winavr/bin/../lib/gcc/avr/4.3.3/avr5\libgcc.a(_clzsi2.o)
                0x0000094e                __clzsi2
 .text          0x000009ec      0x1aa e:/imt/tools/sdk/imt_sdk_win_64/winavr/bin/../lib/gcc/avr/4.3.3/avr5\libgcc.a(_pack_sf.o)
                0x000009ec                __pack_f
 .text          0x00000b96       0xf0 e:/imt/tools/sdk/imt_sdk_win_64/winavr/bin/../lib/gcc/avr/4.3.3/avr5\libgcc.a(_unpack_sf.o)
                0x00000b96                __unpack_f
 .text          0x00000c86       0xb2 e:/imt/tools/sdk/imt_sdk_win_64/winavr/bin/../lib/gcc/avr/4.3.3/avr5\libgcc.a(_fpcmp_parts_sf.o)
                0x00000c86                __fpcmp_parts_f
 .text          0x00000d38        0x0 e:/imt/tools/sdk/imt_sdk_win_64/winavr/bin/../lib/gcc/avr/4.3.3/avr5\libgcc.a(_clz.o)
                0x00000d38                . = ALIGN (0x2)
 *(.text.*)
 .text.Buzzer_vidInit
                0x00000d38       0x16 ./Buzzer_prg.o
                0x00000d38                Buzzer_vidInit
 .text.Buzzer_vidTurnOn
                0x00000d4e       0x16 ./Buzzer_prg.o
                0x00000d4e                Buzzer_vidTurnOn
 .text.Buzzer_vidTurnOff
                0x00000d64       0x16 ./Buzzer_prg.o
                0x00000d64                Buzzer_vidTurnOff
 .text.DC_vidInit
                0x00000d7a       0x16 ./DC_Motor_prg.o
                0x00000d7a                DC_vidInit
 .text.DC_vidTurnOn
                0x00000d90       0x16 ./DC_Motor_prg.o
                0x00000d90                DC_vidTurnOn
 .text.DC_vidTurnOff
                0x00000da6       0x16 ./DC_Motor_prg.o
                0x00000da6                DC_vidTurnOff
 .text.Dio_vidSetPinDir
                0x00000dbc      0x1d6 ./Dio_prg.o
                0x00000dbc                Dio_vidSetPinDir
 .text.Dio_vidSetPinVal
                0x00000f92      0x1d6 ./Dio_prg.o
                0x00000f92                Dio_vidSetPinVal
 .text.Dio_u8GetPinVal
                0x00001168      0x110 ./Dio_prg.o
                0x00001168                Dio_u8GetPinVal
 .text.Keypad_vidInit
                0x00001278       0x8e ./Keypad_prg.o
                0x00001278                Keypad_vidInit
 .text.Keypad_u8GetKey
                0x00001306      0x44a ./Keypad_prg.o
                0x00001306                Keypad_u8GetKey
 .text.Lcd_vidSendCommand
                0x00001750       0xbe ./Lcd_prg.o
                0x00001750                Lcd_vidSendCommand
 .text.Lcd_vidInit
                0x0000180e      0x126 ./Lcd_prg.o
                0x0000180e                Lcd_vidInit
 .text.Lcd_vidWriteChar
                0x00001934       0xbe ./Lcd_prg.o
                0x00001934                Lcd_vidWriteChar
 .text.Lcd_vidEnableTrigger
                0x000019f2       0x16 ./Lcd_prg.o
                0x000019f2                Lcd_vidEnableTrigger
 .text.Lcd_vidDisableTrigger
                0x00001a08       0x16 ./Lcd_prg.o
                0x00001a08                Lcd_vidDisableTrigger
 .text.Lcd_vidQueueChar
                0x00001a1e       0x40 ./Lcd_prg.o
                0x00001a1e                Lcd_vidQueueChar
 .text.Lcd_vidQueueCommand
                0x00001a5e       0x42 ./Lcd_prg.o
                0x00001a5e                Lcd_vidQueueCommand
 .text.Lcd_vidQueueString
                0x00001aa0       0x78 ./Lcd_prg.o
                0x00001aa0                Lcd_vidQueueString
 .text.Lcd_vidClearQueue
                0x00001b18       0x46 ./Lcd_prg.o
                0x00001b18                Lcd_vidClearQueue
 .text.Lcd_u8ReadQueue
                0x00001b5e       0xe0 ./Lcd_prg.o
                0x00001b5e                Lcd_u8ReadQueue
 .text.Led_vidInit
                0x00001c3e       0xd0 ./Led_prg.o
                0x00001c3e                Led_vidInit
 .text.Led_vidTurnOn
                0x00001d0e       0xd0 ./Led_prg.o
                0x00001d0e                Led_vidTurnOn
 .text.Led_vidTurnOff
                0x00001dde       0xd0 ./Led_prg.o
                0x00001dde                Led_vidTurnOff
 .text.PWM_vidInit
                0x00001eae       0x1a ./PWM_prg.o
                0x00001eae                PWM_vidInit
 .text.PWM_vidSetDutyCycle
                0x00001ec8       0x28 ./PWM_prg.o
                0x00001ec8                PWM_vidSetDutyCycle
 .text.RTO_vidInit
                0x00001ef0       0x48 ./RTO_prg.o
                0x00001ef0                RTO_vidInit
 .text.RTO_vidCreateQueueOfTasks
                0x00001f38       0x36 ./RTO_prg.o
                0x00001f38                RTO_vidCreateQueueOfTasks
 .text.RTO_vidScheduler
                0x00001f6e      0x110 ./RTO_prg.o
                0x00001f6e                RTO_vidScheduler
 .text.TimerTick
                0x0000207e       0x68 ./RTO_prg.o
                0x0000207e                TimerTick
 .text.Servo_vidInit
                0x000020e6       0x22 ./Servo_prg.o
                0x000020e6                Servo_vidInit
 .text.Servo_vidSetDegree
                0x00002108       0xb6 ./Servo_prg.o
                0x00002108                Servo_vidSetDegree
 .text.Stepper_vidInit
                0x000021be       0x2e ./Stepper_prg.o
                0x000021be                Stepper_vidInit
 .text.Stepper_vidPattern_1
                0x000021ec       0x2e ./Stepper_prg.o
                0x000021ec                Stepper_vidPattern_1
 .text.Stepper_vidPattern_2
                0x0000221a       0x2e ./Stepper_prg.o
                0x0000221a                Stepper_vidPattern_2
 .text.Stepper_vidPattern_3
                0x00002248       0x2e ./Stepper_prg.o
                0x00002248                Stepper_vidPattern_3
 .text.Stepper_vidPattern_4
                0x00002276       0x2e ./Stepper_prg.o
                0x00002276                Stepper_vidPattern_4
 .text.Stepper_vidStopMotor
                0x000022a4       0x2e ./Stepper_prg.o
                0x000022a4                Stepper_vidStopMotor
 .text.Timer0_vidInit
                0x000022d2       0x56 ./Timer0_prg.o
                0x000022d2                Timer0_vidInit
 .text.Timer0_vidStopTimer
                0x00002328       0x18 ./Timer0_prg.o
                0x00002328                Timer0_vidStopTimer
 .text.Timer0_vidSetCounterRegisterValue
                0x00002340       0x1c ./Timer0_prg.o
                0x00002340                Timer0_vidSetCounterRegisterValue
 .text.Timer0_vidSetCompareRegisterValue
                0x0000235c       0x1c ./Timer0_prg.o
                0x0000235c                Timer0_vidSetCompareRegisterValue
 .text.CMP_vidSetCB
                0x00002378       0x24 ./Timer0_prg.o
                0x00002378                CMP_vidSetCB
 .text.OVF_vidSetCB
                0x0000239c       0x24 ./Timer0_prg.o
                0x0000239c                OVF_vidSetCB
 .text.__vector_10
                0x000023c0       0x5a ./Timer0_prg.o
                0x000023c0                __vector_10
 .text.__vector_11
                0x0000241a       0x5a ./Timer0_prg.o
                0x0000241a                __vector_11
 .text.Timer1_vidInit
                0x00002474       0x76 ./Timer1_prg.o
                0x00002474                Timer1_vidInit
 .text.Timer1_vidSetTCNT1Val
                0x000024ea       0x24 ./Timer1_prg.o
                0x000024ea                Timer1_vidSetTCNT1Val
 .text.Timer1_vidSetICR1Val
                0x0000250e       0x24 ./Timer1_prg.o
                0x0000250e                Timer1_vidSetICR1Val
 .text.Timer1_u16GetICR1Val
                0x00002532       0x24 ./Timer1_prg.o
                0x00002532                Timer1_u16GetICR1Val
 .text.Timer1_vidSetOCR1AVal
                0x00002556       0x24 ./Timer1_prg.o
                0x00002556                Timer1_vidSetOCR1AVal
 .text.Timer1_vidSetOCR1BVal
                0x0000257a       0x24 ./Timer1_prg.o
                0x0000257a                Timer1_vidSetOCR1BVal
 .text.Timer1_vidInputCapRisingEdge
                0x0000259e       0x18 ./Timer1_prg.o
                0x0000259e                Timer1_vidInputCapRisingEdge
 .text.Timer1_vidInputCapFallingEdge
                0x000025b6       0x18 ./Timer1_prg.o
                0x000025b6                Timer1_vidInputCapFallingEdge
 .text.Timer1_vidStopTimer
                0x000025ce       0x18 ./Timer1_prg.o
                0x000025ce                Timer1_vidStopTimer
 .text.Timer1_vidSetCallBackOVF
                0x000025e6       0x24 ./Timer1_prg.o
                0x000025e6                Timer1_vidSetCallBackOVF
 .text.Timer1_vidSetCallBackCMP_A
                0x0000260a       0x24 ./Timer1_prg.o
                0x0000260a                Timer1_vidSetCallBackCMP_A
 .text.Timer1_vidSetCallBackCMP_B
                0x0000262e       0x24 ./Timer1_prg.o
                0x0000262e                Timer1_vidSetCallBackCMP_B
 .text.Timer1_vidSetCallBackInputCAP
                0x00002652       0x24 ./Timer1_prg.o
                0x00002652                Timer1_vidSetCallBackInputCAP
 .text.__vector_9
                0x00002676       0x5a ./Timer1_prg.o
                0x00002676                __vector_9
 .text.__vector_8
                0x000026d0       0x5a ./Timer1_prg.o
                0x000026d0                __vector_8
 .text.__vector_7
                0x0000272a       0x5a ./Timer1_prg.o
                0x0000272a                __vector_7
 .text.__vector_6
                0x00002784       0x5a ./Timer1_prg.o
                0x00002784                __vector_6
 .text.Timer2_vidInit
                0x000027de       0x4e ./Timer2_prg.o
                0x000027de                Timer2_vidInit
 .text.Timer2_vidStopTimer
                0x0000282c       0x18 ./Timer2_prg.o
                0x0000282c                Timer2_vidStopTimer
 .text.Timer2_vidSetCounterRegisterValue
                0x00002844       0x1c ./Timer2_prg.o
                0x00002844                Timer2_vidSetCounterRegisterValue
 .text.Timer2_vidSetCompareRegisterValue
                0x00002860       0x1c ./Timer2_prg.o
                0x00002860                Timer2_vidSetCompareRegisterValue
 .text.CMP_vidTimer2SetCB
                0x0000287c       0x24 ./Timer2_prg.o
                0x0000287c                CMP_vidTimer2SetCB
 .text.OVF_vidTimer2SetCB
                0x000028a0       0x24 ./Timer2_prg.o
                0x000028a0                OVF_vidTimer2SetCB
 .text.__vector_4
                0x000028c4       0x5a ./Timer2_prg.o
                0x000028c4                __vector_4
 .text.__vector_5
                0x0000291e       0x5a ./Timer2_prg.o
                0x0000291e                __vector_5
 .text.main     0x00002978      0x30c ./main.o
                0x00002978                main
 .text.KeyPad_Task_Fun
                0x00002c84       0x42 ./main.o
                0x00002c84                KeyPad_Task_Fun
 .text.Password_Task_Func
                0x00002cc6      0x142 ./main.o
                0x00002cc6                Password_Task_Func
 .text.Door_Task_Func
                0x00002e08      0x1e2 ./main.o
                0x00002e08                Door_Task_Func
 .text.Control_Task_Func
                0x00002fea      0x132 ./main.o
                0x00002fea                Control_Task_Func
 .text.Window_Task_Func
                0x0000311c      0x1be ./main.o
                0x0000311c                Window_Task_Func
 .text.Light_Task_Func
                0x000032da      0x1be ./main.o
                0x000032da                Light_Task_Func
 .text.Fan_Task_Func
                0x00003498       0xe8 ./main.o
                0x00003498                Fan_Task_Func
 .text.Exit_Task_Func
                0x00003580       0x66 ./main.o
                0x00003580                Exit_Task_Func
 .text.Alarm_Task_Func
                0x000035e6       0x18 ./main.o
                0x000035e6                Alarm_Task_Func
 .text.LCD_Task_Fun
                0x000035fe       0x2e ./main.o
                0x000035fe                LCD_Task_Fun
 .text.LCD_Trigger_Task_Fun
                0x0000362c       0x16 ./main.o
                0x0000362c                LCD_Trigger_Task_Fun
 .text.libgcc   0x00003642        0x0 e:/imt/tools/sdk/imt_sdk_win_64/winavr/bin/../lib/gcc/avr/4.3.3/avr5\libgcc.a(_exit.o)
 .text.libgcc   0x00003642        0x0 e:/imt/tools/sdk/imt_sdk_win_64/winavr/bin/../lib/gcc/avr/4.3.3/avr5\libgcc.a(_copy_data.o)
 .text.libgcc   0x00003642        0x0 e:/imt/tools/sdk/imt_sdk_win_64/winavr/bin/../lib/gcc/avr/4.3.3/avr5\libgcc.a(_clear_bss.o)
 .text.libgcc   0x00003642       0x38 e:/imt/tools/sdk/imt_sdk_win_64/winavr/bin/../lib/gcc/avr/4.3.3/avr5\libgcc.a(_prologue.o)
                0x00003642                __prologue_saves__
 .text.libgcc   0x0000367a       0x36 e:/imt/tools/sdk/imt_sdk_win_64/winavr/bin/../lib/gcc/avr/4.3.3/avr5\libgcc.a(_epilogue.o)
                0x0000367a                __epilogue_restores__
                0x000036b0                . = ALIGN (0x2)
 *(.fini9)
 .fini9         0x000036b0        0x0 e:/imt/tools/sdk/imt_sdk_win_64/winavr/bin/../lib/gcc/avr/4.3.3/avr5\libgcc.a(_exit.o)
                0x000036b0                exit
                0x000036b0                _exit
 *(.fini9)
 *(.fini8)
 *(.fini8)
 *(.fini7)
 *(.fini7)
 *(.fini6)
 *(.fini6)
 *(.fini5)
 *(.fini5)
 *(.fini4)
 *(.fini4)
 *(.fini3)
 *(.fini3)
 *(.fini2)
 *(.fini2)
 *(.fini1)
 *(.fini1)
 *(.fini0)
 .fini0         0x000036b0        0x4 e:/imt/tools/sdk/imt_sdk_win_64/winavr/bin/../lib/gcc/avr/4.3.3/avr5\libgcc.a(_exit.o)
 *(.fini0)
                0x000036b4                _etext = .

.data           0x00800060      0x1e8 load address 0x000036b4
                0x00800060                PROVIDE (__data_start, .)
 *(.data)
 .data          0x00800060        0x0 e:/imt/tools/sdk/imt_sdk_win_64/winavr/bin/../lib/gcc/avr/4.3.3/../../../../avr/lib/avr5/crtm32.o
 .data          0x00800060        0x0 ./Buzzer_prg.o
 .data          0x00800060        0x0 ./DC_Motor_prg.o
 .data          0x00800060        0x0 ./Dio_prg.o
 .data          0x00800060        0x0 ./Keypad_prg.o
 .data          0x00800060        0x0 ./Lcd_prg.o
 .data          0x00800060        0x0 ./Led_prg.o
 .data          0x00800060        0x0 ./PWM_prg.o
 .data          0x00800060        0x0 ./RTO_prg.o
 .data          0x00800060        0x0 ./Servo_prg.o
 .data          0x00800060        0x0 ./Stepper_prg.o
 .data          0x00800060        0x0 ./Timer0_prg.o
 .data          0x00800060        0x0 ./Timer1_prg.o
 .data          0x00800060        0x0 ./Timer2_prg.o
 .data          0x00800060       0xda ./main.o
 .data          0x0080013a        0x0 e:/imt/tools/sdk/imt_sdk_win_64/winavr/bin/../lib/gcc/avr/4.3.3/avr5\libgcc.a(_exit.o)
 .data          0x0080013a        0x0 e:/imt/tools/sdk/imt_sdk_win_64/winavr/bin/../lib/gcc/avr/4.3.3/avr5\libgcc.a(_copy_data.o)
 .data          0x0080013a        0x0 e:/imt/tools/sdk/imt_sdk_win_64/winavr/bin/../lib/gcc/avr/4.3.3/avr5\libgcc.a(_clear_bss.o)
 .data          0x0080013a        0x0 e:/imt/tools/sdk/imt_sdk_win_64/winavr/bin/../lib/gcc/avr/4.3.3/avr5\libgcc.a(_fixunssfsi.o)
 .data          0x0080013a        0x0 e:/imt/tools/sdk/imt_sdk_win_64/winavr/bin/../lib/gcc/avr/4.3.3/avr5\libgcc.a(_addsub_sf.o)
 .data          0x0080013a        0x0 e:/imt/tools/sdk/imt_sdk_win_64/winavr/bin/../lib/gcc/avr/4.3.3/avr5\libgcc.a(_mul_sf.o)
 .data          0x0080013a        0x0 e:/imt/tools/sdk/imt_sdk_win_64/winavr/bin/../lib/gcc/avr/4.3.3/avr5\libgcc.a(_div_sf.o)
 .data          0x0080013a        0x0 e:/imt/tools/sdk/imt_sdk_win_64/winavr/bin/../lib/gcc/avr/4.3.3/avr5\libgcc.a(_ge_sf.o)
 .data          0x0080013a        0x0 e:/imt/tools/sdk/imt_sdk_win_64/winavr/bin/../lib/gcc/avr/4.3.3/avr5\libgcc.a(_si_to_sf.o)
 .data          0x0080013a        0x0 e:/imt/tools/sdk/imt_sdk_win_64/winavr/bin/../lib/gcc/avr/4.3.3/avr5\libgcc.a(_sf_to_si.o)
 .data          0x0080013a        0x8 e:/imt/tools/sdk/imt_sdk_win_64/winavr/bin/../lib/gcc/avr/4.3.3/avr5\libgcc.a(_thenan_sf.o)
                0x0080013a                __thenan_sf
 .data          0x00800142        0x0 e:/imt/tools/sdk/imt_sdk_win_64/winavr/bin/../lib/gcc/avr/4.3.3/avr5\libgcc.a(_prologue.o)
 .data          0x00800142        0x0 e:/imt/tools/sdk/imt_sdk_win_64/winavr/bin/../lib/gcc/avr/4.3.3/avr5\libgcc.a(_epilogue.o)
 .data          0x00800142        0x0 e:/imt/tools/sdk/imt_sdk_win_64/winavr/bin/../lib/gcc/avr/4.3.3/avr5\libgcc.a(_clzsi2.o)
 .data          0x00800142        0x0 e:/imt/tools/sdk/imt_sdk_win_64/winavr/bin/../lib/gcc/avr/4.3.3/avr5\libgcc.a(_pack_sf.o)
 .data          0x00800142        0x0 e:/imt/tools/sdk/imt_sdk_win_64/winavr/bin/../lib/gcc/avr/4.3.3/avr5\libgcc.a(_unpack_sf.o)
 .data          0x00800142        0x0 e:/imt/tools/sdk/imt_sdk_win_64/winavr/bin/../lib/gcc/avr/4.3.3/avr5\libgcc.a(_fpcmp_parts_sf.o)
 .data          0x00800142      0x100 e:/imt/tools/sdk/imt_sdk_win_64/winavr/bin/../lib/gcc/avr/4.3.3/avr5\libgcc.a(_clz.o)
                0x00800142                __clz_tab
 *(.data*)
 .data.Pass_Arr
                0x00800242        0x4 ./main.o
                0x00800242                Pass_Arr
 .data.Save_Key
                0x00800246        0x1 ./main.o
                0x00800246                Save_Key
 *(.rodata)
 *(.rodata*)
 *(.gnu.linkonce.d*)
                0x00800248                . = ALIGN (0x2)
 *fill*         0x00800247        0x1 00
                0x00800248                _edata = .
                0x00800248                PROVIDE (__data_end, .)

.bss            0x00800248      0x13d
                0x00800248                PROVIDE (__bss_start, .)
 *(.bss)
 .bss           0x00800248        0x0 e:/imt/tools/sdk/imt_sdk_win_64/winavr/bin/../lib/gcc/avr/4.3.3/../../../../avr/lib/avr5/crtm32.o
 .bss           0x00800248        0x0 ./Buzzer_prg.o
 .bss           0x00800248        0x0 ./DC_Motor_prg.o
 .bss           0x00800248        0x0 ./Dio_prg.o
 .bss           0x00800248        0x0 ./Keypad_prg.o
 .bss           0x00800248        0x0 ./Lcd_prg.o
 .bss           0x00800248        0x0 ./Led_prg.o
 .bss           0x00800248        0x0 ./PWM_prg.o
 .bss           0x00800248        0x0 ./RTO_prg.o
 .bss           0x00800248        0x0 ./Servo_prg.o
 .bss           0x00800248        0x0 ./Stepper_prg.o
 .bss           0x00800248        0x0 ./Timer0_prg.o
 .bss           0x00800248        0x0 ./Timer1_prg.o
 .bss           0x00800248        0x0 ./Timer2_prg.o
 .bss           0x00800248        0x0 ./main.o
 .bss           0x00800248        0x0 e:/imt/tools/sdk/imt_sdk_win_64/winavr/bin/../lib/gcc/avr/4.3.3/avr5\libgcc.a(_exit.o)
 .bss           0x00800248        0x0 e:/imt/tools/sdk/imt_sdk_win_64/winavr/bin/../lib/gcc/avr/4.3.3/avr5\libgcc.a(_copy_data.o)
 .bss           0x00800248        0x0 e:/imt/tools/sdk/imt_sdk_win_64/winavr/bin/../lib/gcc/avr/4.3.3/avr5\libgcc.a(_clear_bss.o)
 .bss           0x00800248        0x0 e:/imt/tools/sdk/imt_sdk_win_64/winavr/bin/../lib/gcc/avr/4.3.3/avr5\libgcc.a(_fixunssfsi.o)
 .bss           0x00800248        0x0 e:/imt/tools/sdk/imt_sdk_win_64/winavr/bin/../lib/gcc/avr/4.3.3/avr5\libgcc.a(_addsub_sf.o)
 .bss           0x00800248        0x0 e:/imt/tools/sdk/imt_sdk_win_64/winavr/bin/../lib/gcc/avr/4.3.3/avr5\libgcc.a(_mul_sf.o)
 .bss           0x00800248        0x0 e:/imt/tools/sdk/imt_sdk_win_64/winavr/bin/../lib/gcc/avr/4.3.3/avr5\libgcc.a(_div_sf.o)
 .bss           0x00800248        0x0 e:/imt/tools/sdk/imt_sdk_win_64/winavr/bin/../lib/gcc/avr/4.3.3/avr5\libgcc.a(_ge_sf.o)
 .bss           0x00800248        0x0 e:/imt/tools/sdk/imt_sdk_win_64/winavr/bin/../lib/gcc/avr/4.3.3/avr5\libgcc.a(_si_to_sf.o)
 .bss           0x00800248        0x0 e:/imt/tools/sdk/imt_sdk_win_64/winavr/bin/../lib/gcc/avr/4.3.3/avr5\libgcc.a(_sf_to_si.o)
 .bss           0x00800248        0x0 e:/imt/tools/sdk/imt_sdk_win_64/winavr/bin/../lib/gcc/avr/4.3.3/avr5\libgcc.a(_thenan_sf.o)
 .bss           0x00800248        0x0 e:/imt/tools/sdk/imt_sdk_win_64/winavr/bin/../lib/gcc/avr/4.3.3/avr5\libgcc.a(_prologue.o)
 .bss           0x00800248        0x0 e:/imt/tools/sdk/imt_sdk_win_64/winavr/bin/../lib/gcc/avr/4.3.3/avr5\libgcc.a(_epilogue.o)
 .bss           0x00800248        0x0 e:/imt/tools/sdk/imt_sdk_win_64/winavr/bin/../lib/gcc/avr/4.3.3/avr5\libgcc.a(_clzsi2.o)
 .bss           0x00800248        0x0 e:/imt/tools/sdk/imt_sdk_win_64/winavr/bin/../lib/gcc/avr/4.3.3/avr5\libgcc.a(_pack_sf.o)
 .bss           0x00800248        0x0 e:/imt/tools/sdk/imt_sdk_win_64/winavr/bin/../lib/gcc/avr/4.3.3/avr5\libgcc.a(_unpack_sf.o)
 .bss           0x00800248        0x0 e:/imt/tools/sdk/imt_sdk_win_64/winavr/bin/../lib/gcc/avr/4.3.3/avr5\libgcc.a(_fpcmp_parts_sf.o)
 .bss           0x00800248        0x0 e:/imt/tools/sdk/imt_sdk_win_64/winavr/bin/../lib/gcc/avr/4.3.3/avr5\libgcc.a(_clz.o)
 *(.bss*)
 .bss.Queue_Write_Counter
                0x00800248        0x1 ./Lcd_prg.o
                0x00800248                Queue_Write_Counter
 .bss.Queue_Read_Counter
                0x00800249        0x1 ./Lcd_prg.o
                0x00800249                Queue_Read_Counter
 .bss.Ovf_Count
                0x0080024a        0x4 ./RTO_prg.o
                0x0080024a                Ovf_Count
 .bss.Exit_Door_Flag
                0x0080024e        0x1 ./main.o
                0x0080024e                Exit_Door_Flag
 .bss.Key_Counter.1310
                0x0080024f        0x1 ./main.o
 .bss.flag.1329
                0x00800250        0x1 ./main.o
 .bss.Error_Flag.1328
                0x00800251        0x1 ./main.o
 .bss.Enter_Error_Pass.1327
                0x00800252        0x1 ./main.o
 .bss.PassArray_Counter.1326
                0x00800253        0x1 ./main.o
 .bss.StepFlag.1371
                0x00800254        0x1 ./main.o
 .bss.Pattern.1370
                0x00800255        0x1 ./main.o
 .bss.Num_Of_Iteration.1369
                0x00800256        0x2 ./main.o
 .bss.ControlFlag.1429
                0x00800258        0x1 ./main.o
 .bss.Arr_Counter.1451
                0x00800259        0x1 ./main.o
 .bss.ServoFlag.1450
                0x0080025a        0x1 ./main.o
 .bss.Arr_Counter.1515
                0x0080025b        0x1 ./main.o
 .bss.LightFlag.1514
                0x0080025c        0x1 ./main.o
 .bss.FanFlag.1578
                0x0080025d        0x1 ./main.o
 .bss.ExitFlag.1596
                0x0080025e        0x1 ./main.o
 *(COMMON)
 COMMON         0x0080025f       0x64 ./Lcd_prg.o
                0x0080025f                arr_State
                0x00800291                arr_Queue
 COMMON         0x008002c3       0x3c ./RTO_prg.o
                0x008002c3                apstrTaskArray
 COMMON         0x008002ff        0x4 ./Timer0_prg.o
                0x008002ff                Pfun_CMP
                0x00800301                Pfun_OVF
 COMMON         0x00800303        0x6 ./Timer1_prg.o
                0x00800303                Pfun_CAPT
                0x00800305                Pfun_CMPB
                0x00800307                Pfun_CMPA
 COMMON         0x00800309       0x7c ./main.o
                0x00800309                Alarm_Task
                0x00800314                KeyPad_Task
                0x0080031f                Exit_Task
                0x0080032a                LCD_Trigger_Task
                0x00800335                Door_Task
                0x00800340                Light_Task
                0x0080034b                Window_Task
                0x00800356                Control_Task
                0x00800361                Fan_Task
                0x0080036c                LCD_Task
                0x00800377                SaveVal
                0x0080037a                Password_Task
                0x00800385                PROVIDE (__bss_end, .)
                0x000036b4                __data_load_start = LOADADDR (.data)
                0x0000389c                __data_load_end = (__data_load_start + SIZEOF (.data))

.noinit         0x00800385        0x0
                0x00800385                PROVIDE (__noinit_start, .)
 *(.noinit*)
                0x00800385                PROVIDE (__noinit_end, .)
                0x00800385                _end = .
                0x00800385                PROVIDE (__heap_start, .)

.eeprom         0x00810000        0x0
 *(.eeprom*)
                0x00810000                __eeprom_end = .

.fuse
 *(.fuse)
 *(.lfuse)
 *(.hfuse)
 *(.efuse)

.lock
 *(.lock*)

.signature
 *(.signature*)

.stab           0x00000000     0x4164
 *(.stab)
 .stab          0x00000000      0x1ec ./Buzzer_prg.o
 .stab          0x000001ec      0x174 ./DC_Motor_prg.o
                                0x1ec (size before relaxing)
 .stab          0x00000360      0x4b0 ./Dio_prg.o
                                0x4bc (size before relaxing)
 .stab          0x00000810      0x5ac ./Keypad_prg.o
                                0x624 (size before relaxing)
 .stab          0x00000dbc      0x750 ./Lcd_prg.o
                                0x7c8 (size before relaxing)
 .stab          0x0000150c      0x2b8 ./Led_prg.o
                                0x330 (size before relaxing)
 .stab          0x000017c4      0x18c ./PWM_prg.o
                                0x204 (size before relaxing)
 .stab          0x00001950      0x300 ./RTO_prg.o
                                0x378 (size before relaxing)
 .stab          0x00001c50      0x1b0 ./Servo_prg.o
                                0x228 (size before relaxing)
 .stab          0x00001e00      0x2dc ./Stepper_prg.o
                                0x354 (size before relaxing)
 .stab          0x000020dc      0x384 ./Timer0_prg.o
                                0x3fc (size before relaxing)
 .stab          0x00002460      0x618 ./Timer1_prg.o
                                0x690 (size before relaxing)
 .stab          0x00002a78      0x378 ./Timer2_prg.o
                                0x3f0 (size before relaxing)
 .stab          0x00002df0     0x1374 ./main.o
                               0x1404 (size before relaxing)

.stabstr        0x00000000     0x1dcb
 *(.stabstr)
 .stabstr       0x00000000     0x1dcb ./Buzzer_prg.o

.stab.excl
 *(.stab.excl)

.stab.exclstr
 *(.stab.exclstr)

.stab.index
 *(.stab.index)

.stab.indexstr
 *(.stab.indexstr)

.comment
 *(.comment)

.debug
 *(.debug)

.line
 *(.line)

.debug_srcinfo
 *(.debug_srcinfo)

.debug_sfnames
 *(.debug_sfnames)

.debug_aranges  0x00000000      0x160
 *(.debug_aranges)
 .debug_aranges
                0x00000000       0x20 e:/imt/tools/sdk/imt_sdk_win_64/winavr/bin/../lib/gcc/avr/4.3.3/avr5\libgcc.a(_fixunssfsi.o)
 .debug_aranges
                0x00000020       0x20 e:/imt/tools/sdk/imt_sdk_win_64/winavr/bin/../lib/gcc/avr/4.3.3/avr5\libgcc.a(_addsub_sf.o)
 .debug_aranges
                0x00000040       0x20 e:/imt/tools/sdk/imt_sdk_win_64/winavr/bin/../lib/gcc/avr/4.3.3/avr5\libgcc.a(_mul_sf.o)
 .debug_aranges
                0x00000060       0x20 e:/imt/tools/sdk/imt_sdk_win_64/winavr/bin/../lib/gcc/avr/4.3.3/avr5\libgcc.a(_div_sf.o)
 .debug_aranges
                0x00000080       0x20 e:/imt/tools/sdk/imt_sdk_win_64/winavr/bin/../lib/gcc/avr/4.3.3/avr5\libgcc.a(_ge_sf.o)
 .debug_aranges
                0x000000a0       0x20 e:/imt/tools/sdk/imt_sdk_win_64/winavr/bin/../lib/gcc/avr/4.3.3/avr5\libgcc.a(_si_to_sf.o)
 .debug_aranges
                0x000000c0       0x20 e:/imt/tools/sdk/imt_sdk_win_64/winavr/bin/../lib/gcc/avr/4.3.3/avr5\libgcc.a(_sf_to_si.o)
 .debug_aranges
                0x000000e0       0x20 e:/imt/tools/sdk/imt_sdk_win_64/winavr/bin/../lib/gcc/avr/4.3.3/avr5\libgcc.a(_clzsi2.o)
 .debug_aranges
                0x00000100       0x20 e:/imt/tools/sdk/imt_sdk_win_64/winavr/bin/../lib/gcc/avr/4.3.3/avr5\libgcc.a(_pack_sf.o)
 .debug_aranges
                0x00000120       0x20 e:/imt/tools/sdk/imt_sdk_win_64/winavr/bin/../lib/gcc/avr/4.3.3/avr5\libgcc.a(_unpack_sf.o)
 .debug_aranges
                0x00000140       0x20 e:/imt/tools/sdk/imt_sdk_win_64/winavr/bin/../lib/gcc/avr/4.3.3/avr5\libgcc.a(_fpcmp_parts_sf.o)

.debug_pubnames
                0x00000000      0x1b4
 *(.debug_pubnames)
 .debug_pubnames
                0x00000000       0x23 e:/imt/tools/sdk/imt_sdk_win_64/winavr/bin/../lib/gcc/avr/4.3.3/avr5\libgcc.a(_fixunssfsi.o)
 .debug_pubnames
                0x00000023       0x2c e:/imt/tools/sdk/imt_sdk_win_64/winavr/bin/../lib/gcc/avr/4.3.3/avr5\libgcc.a(_addsub_sf.o)
 .debug_pubnames
                0x0000004f       0x1f e:/imt/tools/sdk/imt_sdk_win_64/winavr/bin/../lib/gcc/avr/4.3.3/avr5\libgcc.a(_mul_sf.o)
 .debug_pubnames
                0x0000006e       0x1f e:/imt/tools/sdk/imt_sdk_win_64/winavr/bin/../lib/gcc/avr/4.3.3/avr5\libgcc.a(_div_sf.o)
 .debug_pubnames
                0x0000008d       0x1e e:/imt/tools/sdk/imt_sdk_win_64/winavr/bin/../lib/gcc/avr/4.3.3/avr5\libgcc.a(_ge_sf.o)
 .debug_pubnames
                0x000000ab       0x22 e:/imt/tools/sdk/imt_sdk_win_64/winavr/bin/../lib/gcc/avr/4.3.3/avr5\libgcc.a(_si_to_sf.o)
 .debug_pubnames
                0x000000cd       0x20 e:/imt/tools/sdk/imt_sdk_win_64/winavr/bin/../lib/gcc/avr/4.3.3/avr5\libgcc.a(_sf_to_si.o)
 .debug_pubnames
                0x000000ed       0x22 e:/imt/tools/sdk/imt_sdk_win_64/winavr/bin/../lib/gcc/avr/4.3.3/avr5\libgcc.a(_thenan_sf.o)
 .debug_pubnames
                0x0000010f       0x1f e:/imt/tools/sdk/imt_sdk_win_64/winavr/bin/../lib/gcc/avr/4.3.3/avr5\libgcc.a(_clzsi2.o)
 .debug_pubnames
                0x0000012e       0x1f e:/imt/tools/sdk/imt_sdk_win_64/winavr/bin/../lib/gcc/avr/4.3.3/avr5\libgcc.a(_pack_sf.o)
 .debug_pubnames
                0x0000014d       0x21 e:/imt/tools/sdk/imt_sdk_win_64/winavr/bin/../lib/gcc/avr/4.3.3/avr5\libgcc.a(_unpack_sf.o)
 .debug_pubnames
                0x0000016e       0x26 e:/imt/tools/sdk/imt_sdk_win_64/winavr/bin/../lib/gcc/avr/4.3.3/avr5\libgcc.a(_fpcmp_parts_sf.o)
 .debug_pubnames
                0x00000194       0x20 e:/imt/tools/sdk/imt_sdk_win_64/winavr/bin/../lib/gcc/avr/4.3.3/avr5\libgcc.a(_clz.o)

.debug_info     0x00000000     0x1f0e
 *(.debug_info)
 .debug_info    0x00000000       0xb1 e:/imt/tools/sdk/imt_sdk_win_64/winavr/bin/../lib/gcc/avr/4.3.3/avr5\libgcc.a(_fixunssfsi.o)
 .debug_info    0x000000b1      0x47a e:/imt/tools/sdk/imt_sdk_win_64/winavr/bin/../lib/gcc/avr/4.3.3/avr5\libgcc.a(_addsub_sf.o)
 .debug_info    0x0000052b      0x485 e:/imt/tools/sdk/imt_sdk_win_64/winavr/bin/../lib/gcc/avr/4.3.3/avr5\libgcc.a(_mul_sf.o)
 .debug_info    0x000009b0      0x3fc e:/imt/tools/sdk/imt_sdk_win_64/winavr/bin/../lib/gcc/avr/4.3.3/avr5\libgcc.a(_div_sf.o)
 .debug_info    0x00000dac      0x27f e:/imt/tools/sdk/imt_sdk_win_64/winavr/bin/../lib/gcc/avr/4.3.3/avr5\libgcc.a(_ge_sf.o)
 .debug_info    0x0000102b      0x207 e:/imt/tools/sdk/imt_sdk_win_64/winavr/bin/../lib/gcc/avr/4.3.3/avr5\libgcc.a(_si_to_sf.o)
 .debug_info    0x00001232      0x2b0 e:/imt/tools/sdk/imt_sdk_win_64/winavr/bin/../lib/gcc/avr/4.3.3/avr5\libgcc.a(_sf_to_si.o)
 .debug_info    0x000014e2      0x12c e:/imt/tools/sdk/imt_sdk_win_64/winavr/bin/../lib/gcc/avr/4.3.3/avr5\libgcc.a(_thenan_sf.o)
 .debug_info    0x0000160e      0x117 e:/imt/tools/sdk/imt_sdk_win_64/winavr/bin/../lib/gcc/avr/4.3.3/avr5\libgcc.a(_clzsi2.o)
 .debug_info    0x00001725      0x2df e:/imt/tools/sdk/imt_sdk_win_64/winavr/bin/../lib/gcc/avr/4.3.3/avr5\libgcc.a(_pack_sf.o)
 .debug_info    0x00001a04      0x251 e:/imt/tools/sdk/imt_sdk_win_64/winavr/bin/../lib/gcc/avr/4.3.3/avr5\libgcc.a(_unpack_sf.o)
 .debug_info    0x00001c55      0x210 e:/imt/tools/sdk/imt_sdk_win_64/winavr/bin/../lib/gcc/avr/4.3.3/avr5\libgcc.a(_fpcmp_parts_sf.o)
 .debug_info    0x00001e65       0xa9 e:/imt/tools/sdk/imt_sdk_win_64/winavr/bin/../lib/gcc/avr/4.3.3/avr5\libgcc.a(_clz.o)
 *(.gnu.linkonce.wi.*)

.debug_abbrev   0x00000000     0x10c3
 *(.debug_abbrev)
 .debug_abbrev  0x00000000       0x5d e:/imt/tools/sdk/imt_sdk_win_64/winavr/bin/../lib/gcc/avr/4.3.3/avr5\libgcc.a(_fixunssfsi.o)
 .debug_abbrev  0x0000005d      0x1ea e:/imt/tools/sdk/imt_sdk_win_64/winavr/bin/../lib/gcc/avr/4.3.3/avr5\libgcc.a(_addsub_sf.o)
 .debug_abbrev  0x00000247      0x21b e:/imt/tools/sdk/imt_sdk_win_64/winavr/bin/../lib/gcc/avr/4.3.3/avr5\libgcc.a(_mul_sf.o)
 .debug_abbrev  0x00000462      0x216 e:/imt/tools/sdk/imt_sdk_win_64/winavr/bin/../lib/gcc/avr/4.3.3/avr5\libgcc.a(_div_sf.o)
 .debug_abbrev  0x00000678      0x15a e:/imt/tools/sdk/imt_sdk_win_64/winavr/bin/../lib/gcc/avr/4.3.3/avr5\libgcc.a(_ge_sf.o)
 .debug_abbrev  0x000007d2      0x148 e:/imt/tools/sdk/imt_sdk_win_64/winavr/bin/../lib/gcc/avr/4.3.3/avr5\libgcc.a(_si_to_sf.o)
 .debug_abbrev  0x0000091a      0x17f e:/imt/tools/sdk/imt_sdk_win_64/winavr/bin/../lib/gcc/avr/4.3.3/avr5\libgcc.a(_sf_to_si.o)
 .debug_abbrev  0x00000a99       0xad e:/imt/tools/sdk/imt_sdk_win_64/winavr/bin/../lib/gcc/avr/4.3.3/avr5\libgcc.a(_thenan_sf.o)
 .debug_abbrev  0x00000b46       0xc4 e:/imt/tools/sdk/imt_sdk_win_64/winavr/bin/../lib/gcc/avr/4.3.3/avr5\libgcc.a(_clzsi2.o)
 .debug_abbrev  0x00000c0a      0x1c0 e:/imt/tools/sdk/imt_sdk_win_64/winavr/bin/../lib/gcc/avr/4.3.3/avr5\libgcc.a(_pack_sf.o)
 .debug_abbrev  0x00000dca      0x154 e:/imt/tools/sdk/imt_sdk_win_64/winavr/bin/../lib/gcc/avr/4.3.3/avr5\libgcc.a(_unpack_sf.o)
 .debug_abbrev  0x00000f1e      0x13b e:/imt/tools/sdk/imt_sdk_win_64/winavr/bin/../lib/gcc/avr/4.3.3/avr5\libgcc.a(_fpcmp_parts_sf.o)
 .debug_abbrev  0x00001059       0x6a e:/imt/tools/sdk/imt_sdk_win_64/winavr/bin/../lib/gcc/avr/4.3.3/avr5\libgcc.a(_clz.o)

.debug_line     0x00000000     0x1032
 *(.debug_line)
 .debug_line    0x00000000       0xa7 e:/imt/tools/sdk/imt_sdk_win_64/winavr/bin/../lib/gcc/avr/4.3.3/avr5\libgcc.a(_fixunssfsi.o)
 .debug_line    0x000000a7      0x2af e:/imt/tools/sdk/imt_sdk_win_64/winavr/bin/../lib/gcc/avr/4.3.3/avr5\libgcc.a(_addsub_sf.o)
 .debug_line    0x00000356      0x239 e:/imt/tools/sdk/imt_sdk_win_64/winavr/bin/../lib/gcc/avr/4.3.3/avr5\libgcc.a(_mul_sf.o)
 .debug_line    0x0000058f      0x1d5 e:/imt/tools/sdk/imt_sdk_win_64/winavr/bin/../lib/gcc/avr/4.3.3/avr5\libgcc.a(_div_sf.o)
 .debug_line    0x00000764       0xd3 e:/imt/tools/sdk/imt_sdk_win_64/winavr/bin/../lib/gcc/avr/4.3.3/avr5\libgcc.a(_ge_sf.o)
 .debug_line    0x00000837      0x135 e:/imt/tools/sdk/imt_sdk_win_64/winavr/bin/../lib/gcc/avr/4.3.3/avr5\libgcc.a(_si_to_sf.o)
 .debug_line    0x0000096c      0x109 e:/imt/tools/sdk/imt_sdk_win_64/winavr/bin/../lib/gcc/avr/4.3.3/avr5\libgcc.a(_sf_to_si.o)
 .debug_line    0x00000a75       0x90 e:/imt/tools/sdk/imt_sdk_win_64/winavr/bin/../lib/gcc/avr/4.3.3/avr5\libgcc.a(_thenan_sf.o)
 .debug_line    0x00000b05       0xa5 e:/imt/tools/sdk/imt_sdk_win_64/winavr/bin/../lib/gcc/avr/4.3.3/avr5\libgcc.a(_clzsi2.o)
 .debug_line    0x00000baa      0x18a e:/imt/tools/sdk/imt_sdk_win_64/winavr/bin/../lib/gcc/avr/4.3.3/avr5\libgcc.a(_pack_sf.o)
 .debug_line    0x00000d34      0x14b e:/imt/tools/sdk/imt_sdk_win_64/winavr/bin/../lib/gcc/avr/4.3.3/avr5\libgcc.a(_unpack_sf.o)
 .debug_line    0x00000e7f      0x137 e:/imt/tools/sdk/imt_sdk_win_64/winavr/bin/../lib/gcc/avr/4.3.3/avr5\libgcc.a(_fpcmp_parts_sf.o)
 .debug_line    0x00000fb6       0x7c e:/imt/tools/sdk/imt_sdk_win_64/winavr/bin/../lib/gcc/avr/4.3.3/avr5\libgcc.a(_clz.o)

.debug_frame    0x00000000      0x180
 *(.debug_frame)
 .debug_frame   0x00000000       0x20 e:/imt/tools/sdk/imt_sdk_win_64/winavr/bin/../lib/gcc/avr/4.3.3/avr5\libgcc.a(_fixunssfsi.o)
 .debug_frame   0x00000020       0x40 e:/imt/tools/sdk/imt_sdk_win_64/winavr/bin/../lib/gcc/avr/4.3.3/avr5\libgcc.a(_addsub_sf.o)
 .debug_frame   0x00000060       0x20 e:/imt/tools/sdk/imt_sdk_win_64/winavr/bin/../lib/gcc/avr/4.3.3/avr5\libgcc.a(_mul_sf.o)
 .debug_frame   0x00000080       0x20 e:/imt/tools/sdk/imt_sdk_win_64/winavr/bin/../lib/gcc/avr/4.3.3/avr5\libgcc.a(_div_sf.o)
 .debug_frame   0x000000a0       0x20 e:/imt/tools/sdk/imt_sdk_win_64/winavr/bin/../lib/gcc/avr/4.3.3/avr5\libgcc.a(_ge_sf.o)
 .debug_frame   0x000000c0       0x20 e:/imt/tools/sdk/imt_sdk_win_64/winavr/bin/../lib/gcc/avr/4.3.3/avr5\libgcc.a(_si_to_sf.o)
 .debug_frame   0x000000e0       0x20 e:/imt/tools/sdk/imt_sdk_win_64/winavr/bin/../lib/gcc/avr/4.3.3/avr5\libgcc.a(_sf_to_si.o)
 .debug_frame   0x00000100       0x20 e:/imt/tools/sdk/imt_sdk_win_64/winavr/bin/../lib/gcc/avr/4.3.3/avr5\libgcc.a(_clzsi2.o)
 .debug_frame   0x00000120       0x20 e:/imt/tools/sdk/imt_sdk_win_64/winavr/bin/../lib/gcc/avr/4.3.3/avr5\libgcc.a(_pack_sf.o)
 .debug_frame   0x00000140       0x20 e:/imt/tools/sdk/imt_sdk_win_64/winavr/bin/../lib/gcc/avr/4.3.3/avr5\libgcc.a(_unpack_sf.o)
 .debug_frame   0x00000160       0x20 e:/imt/tools/sdk/imt_sdk_win_64/winavr/bin/../lib/gcc/avr/4.3.3/avr5\libgcc.a(_fpcmp_parts_sf.o)

.debug_str      0x00000000      0x2e3
 *(.debug_str)
 .debug_str     0x00000000       0xbf e:/imt/tools/sdk/imt_sdk_win_64/winavr/bin/../lib/gcc/avr/4.3.3/avr5\libgcc.a(_fixunssfsi.o)
                                 0xfe (size before relaxing)
 .debug_str     0x000000bf      0x14d e:/imt/tools/sdk/imt_sdk_win_64/winavr/bin/../lib/gcc/avr/4.3.3/avr5\libgcc.a(_addsub_sf.o)
                                0x206 (size before relaxing)
 .debug_str     0x0000020c       0x27 e:/imt/tools/sdk/imt_sdk_win_64/winavr/bin/../lib/gcc/avr/4.3.3/avr5\libgcc.a(_mul_sf.o)
                                0x1bf (size before relaxing)
 .debug_str     0x00000233       0x35 e:/imt/tools/sdk/imt_sdk_win_64/winavr/bin/../lib/gcc/avr/4.3.3/avr5\libgcc.a(_div_sf.o)
                                0x1c8 (size before relaxing)
 .debug_str     0x00000268        0x8 e:/imt/tools/sdk/imt_sdk_win_64/winavr/bin/../lib/gcc/avr/4.3.3/avr5\libgcc.a(_ge_sf.o)
                                0x195 (size before relaxing)
 .debug_str     0x00000270       0x1e e:/imt/tools/sdk/imt_sdk_win_64/winavr/bin/../lib/gcc/avr/4.3.3/avr5\libgcc.a(_si_to_sf.o)
                                0x17b (size before relaxing)
 .debug_str     0x0000028e        0xa e:/imt/tools/sdk/imt_sdk_win_64/winavr/bin/../lib/gcc/avr/4.3.3/avr5\libgcc.a(_sf_to_si.o)
                                0x19e (size before relaxing)
 .debug_str     0x00000000      0x103 e:/imt/tools/sdk/imt_sdk_win_64/winavr/bin/../lib/gcc/avr/4.3.3/avr5\libgcc.a(_thenan_sf.o)
 .debug_str     0x00000298       0x20 e:/imt/tools/sdk/imt_sdk_win_64/winavr/bin/../lib/gcc/avr/4.3.3/avr5\libgcc.a(_clzsi2.o)
                                0x111 (size before relaxing)
 .debug_str     0x000002b8       0x10 e:/imt/tools/sdk/imt_sdk_win_64/winavr/bin/../lib/gcc/avr/4.3.3/avr5\libgcc.a(_pack_sf.o)
                                0x19d (size before relaxing)
 .debug_str     0x000002c8        0xb e:/imt/tools/sdk/imt_sdk_win_64/winavr/bin/../lib/gcc/avr/4.3.3/avr5\libgcc.a(_unpack_sf.o)
                                0x17f (size before relaxing)
 .debug_str     0x000002d3       0x10 e:/imt/tools/sdk/imt_sdk_win_64/winavr/bin/../lib/gcc/avr/4.3.3/avr5\libgcc.a(_fpcmp_parts_sf.o)
                                0x163 (size before relaxing)
 .debug_str     0x00000000       0xf4 e:/imt/tools/sdk/imt_sdk_win_64/winavr/bin/../lib/gcc/avr/4.3.3/avr5\libgcc.a(_clz.o)

.debug_loc      0x00000000      0x956
 *(.debug_loc)
 .debug_loc     0x00000000       0x34 e:/imt/tools/sdk/imt_sdk_win_64/winavr/bin/../lib/gcc/avr/4.3.3/avr5\libgcc.a(_fixunssfsi.o)
 .debug_loc     0x00000034      0x32a e:/imt/tools/sdk/imt_sdk_win_64/winavr/bin/../lib/gcc/avr/4.3.3/avr5\libgcc.a(_addsub_sf.o)
 .debug_loc     0x0000035e      0x104 e:/imt/tools/sdk/imt_sdk_win_64/winavr/bin/../lib/gcc/avr/4.3.3/avr5\libgcc.a(_mul_sf.o)
 .debug_loc     0x00000462       0xc0 e:/imt/tools/sdk/imt_sdk_win_64/winavr/bin/../lib/gcc/avr/4.3.3/avr5\libgcc.a(_div_sf.o)
 .debug_loc     0x00000522       0x3c e:/imt/tools/sdk/imt_sdk_win_64/winavr/bin/../lib/gcc/avr/4.3.3/avr5\libgcc.a(_ge_sf.o)
 .debug_loc     0x0000055e       0xac e:/imt/tools/sdk/imt_sdk_win_64/winavr/bin/../lib/gcc/avr/4.3.3/avr5\libgcc.a(_si_to_sf.o)
 .debug_loc     0x0000060a       0x7e e:/imt/tools/sdk/imt_sdk_win_64/winavr/bin/../lib/gcc/avr/4.3.3/avr5\libgcc.a(_sf_to_si.o)
 .debug_loc     0x00000688       0x94 e:/imt/tools/sdk/imt_sdk_win_64/winavr/bin/../lib/gcc/avr/4.3.3/avr5\libgcc.a(_clzsi2.o)
 .debug_loc     0x0000071c      0x13e e:/imt/tools/sdk/imt_sdk_win_64/winavr/bin/../lib/gcc/avr/4.3.3/avr5\libgcc.a(_pack_sf.o)
 .debug_loc     0x0000085a       0xac e:/imt/tools/sdk/imt_sdk_win_64/winavr/bin/../lib/gcc/avr/4.3.3/avr5\libgcc.a(_unpack_sf.o)
 .debug_loc     0x00000906       0x50 e:/imt/tools/sdk/imt_sdk_win_64/winavr/bin/../lib/gcc/avr/4.3.3/avr5\libgcc.a(_fpcmp_parts_sf.o)

.debug_macinfo
 *(.debug_macinfo)
OUTPUT(Security_System_Scheduler.elf elf32-avr)
LOAD linker stubs

.debug_ranges   0x00000000       0x50
 .debug_ranges  0x00000000       0x50 e:/imt/tools/sdk/imt_sdk_win_64/winavr/bin/../lib/gcc/avr/4.3.3/avr5\libgcc.a(_mul_sf.o)
