Archive member included because of file (symbol)

e:/imt/tools/sdk/imt_sdk_win_64/winavr/bin/../lib/gcc/avr/4.3.3/avr5\libgcc.a(_exit.o)
                              e:/imt/tools/sdk/imt_sdk_win_64/winavr/bin/../lib/gcc/avr/4.3.3/../../../../avr/lib/avr5/crtm32.o (exit)
e:/imt/tools/sdk/imt_sdk_win_64/winavr/bin/../lib/gcc/avr/4.3.3/avr5\libgcc.a(_copy_data.o)
                              ./main.o (__do_copy_data)
e:/imt/tools/sdk/imt_sdk_win_64/winavr/bin/../lib/gcc/avr/4.3.3/avr5\libgcc.a(_clear_bss.o)
                              ./heap_1.o (__do_clear_bss)
e:/imt/tools/sdk/imt_sdk_win_64/winavr/bin/../lib/gcc/avr/4.3.3/avr5\libgcc.a(_fixunssfsi.o)
                              ./Lcd_prg.o (__fixunssfsi)
e:/imt/tools/sdk/imt_sdk_win_64/winavr/bin/../lib/gcc/avr/4.3.3/avr5\libgcc.a(_addsub_sf.o)
                              e:/imt/tools/sdk/imt_sdk_win_64/winavr/bin/../lib/gcc/avr/4.3.3/avr5\libgcc.a(_fixunssfsi.o) (__subsf3)
e:/imt/tools/sdk/imt_sdk_win_64/winavr/bin/../lib/gcc/avr/4.3.3/avr5\libgcc.a(_mul_sf.o)
                              ./Lcd_prg.o (__mulsf3)
e:/imt/tools/sdk/imt_sdk_win_64/winavr/bin/../lib/gcc/avr/4.3.3/avr5\libgcc.a(_gt_sf.o)
                              ./Lcd_prg.o (__gtsf2)
e:/imt/tools/sdk/imt_sdk_win_64/winavr/bin/../lib/gcc/avr/4.3.3/avr5\libgcc.a(_ge_sf.o)
                              e:/imt/tools/sdk/imt_sdk_win_64/winavr/bin/../lib/gcc/avr/4.3.3/avr5\libgcc.a(_fixunssfsi.o) (__gesf2)
e:/imt/tools/sdk/imt_sdk_win_64/winavr/bin/../lib/gcc/avr/4.3.3/avr5\libgcc.a(_lt_sf.o)
                              ./Lcd_prg.o (__ltsf2)
e:/imt/tools/sdk/imt_sdk_win_64/winavr/bin/../lib/gcc/avr/4.3.3/avr5\libgcc.a(_sf_to_si.o)
                              e:/imt/tools/sdk/imt_sdk_win_64/winavr/bin/../lib/gcc/avr/4.3.3/avr5\libgcc.a(_fixunssfsi.o) (__fixsfsi)
e:/imt/tools/sdk/imt_sdk_win_64/winavr/bin/../lib/gcc/avr/4.3.3/avr5\libgcc.a(_thenan_sf.o)
                              e:/imt/tools/sdk/imt_sdk_win_64/winavr/bin/../lib/gcc/avr/4.3.3/avr5\libgcc.a(_addsub_sf.o) (__thenan_sf)
e:/imt/tools/sdk/imt_sdk_win_64/winavr/bin/../lib/gcc/avr/4.3.3/avr5\libgcc.a(_prologue.o)
                              e:/imt/tools/sdk/imt_sdk_win_64/winavr/bin/../lib/gcc/avr/4.3.3/avr5\libgcc.a(_addsub_sf.o) (__prologue_saves__)
e:/imt/tools/sdk/imt_sdk_win_64/winavr/bin/../lib/gcc/avr/4.3.3/avr5\libgcc.a(_epilogue.o)
                              e:/imt/tools/sdk/imt_sdk_win_64/winavr/bin/../lib/gcc/avr/4.3.3/avr5\libgcc.a(_addsub_sf.o) (__epilogue_restores__)
e:/imt/tools/sdk/imt_sdk_win_64/winavr/bin/../lib/gcc/avr/4.3.3/avr5\libgcc.a(_pack_sf.o)
                              e:/imt/tools/sdk/imt_sdk_win_64/winavr/bin/../lib/gcc/avr/4.3.3/avr5\libgcc.a(_addsub_sf.o) (__pack_f)
e:/imt/tools/sdk/imt_sdk_win_64/winavr/bin/../lib/gcc/avr/4.3.3/avr5\libgcc.a(_unpack_sf.o)
                              e:/imt/tools/sdk/imt_sdk_win_64/winavr/bin/../lib/gcc/avr/4.3.3/avr5\libgcc.a(_addsub_sf.o) (__unpack_f)
e:/imt/tools/sdk/imt_sdk_win_64/winavr/bin/../lib/gcc/avr/4.3.3/avr5\libgcc.a(_fpcmp_parts_sf.o)
                              e:/imt/tools/sdk/imt_sdk_win_64/winavr/bin/../lib/gcc/avr/4.3.3/avr5\libgcc.a(_gt_sf.o) (__fpcmp_parts_f)
e:/imt/tools/sdk/imt_sdk_win_64/winavr/bin/../lib/gcc/avr/4.3.3/../../../../avr/lib/avr5\libc.a(memcpy.o)
                              ./queue.o (memcpy)
e:/imt/tools/sdk/imt_sdk_win_64/winavr/bin/../lib/gcc/avr/4.3.3/../../../../avr/lib/avr5\libc.a(memset.o)
                              ./stream_buffer.o (memset)

Memory Configuration

Name             Origin             Length             Attributes
text             0x00000000         0x00020000         xr
data             0x00800060         0x0000ffa0         rw !x
eeprom           0x00810000         0x00010000         rw !x
fuse             0x00820000         0x00000400         rw !x
lock             0x00830000         0x00000400         rw !x
signature        0x00840000         0x00000400         rw !x
*default*        0x00000000         0xffffffff

Linker script and memory map

LOAD e:/imt/tools/sdk/imt_sdk_win_64/winavr/bin/../lib/gcc/avr/4.3.3/../../../../avr/lib/avr5/crtm32.o
LOAD ./Dio_prg.o
LOAD ./Lcd_prg.o
LOAD ./croutine.o
LOAD ./event_groups.o
LOAD ./heap_1.o
LOAD ./list.o
LOAD ./main.o
LOAD ./port.o
LOAD ./queue.o
LOAD ./stream_buffer.o
LOAD ./tasks.o
LOAD ./timers.o
LOAD e:/imt/tools/sdk/imt_sdk_win_64/winavr/bin/../lib/gcc/avr/4.3.3/avr5\libgcc.a
LOAD e:/imt/tools/sdk/imt_sdk_win_64/winavr/bin/../lib/gcc/avr/4.3.3/../../../../avr/lib/avr5\libc.a
LOAD e:/imt/tools/sdk/imt_sdk_win_64/winavr/bin/../lib/gcc/avr/4.3.3/avr5\libgcc.a

.hash
 *(.hash)

.dynsym
 *(.dynsym)

.dynstr
 *(.dynstr)

.gnu.version
 *(.gnu.version)

.gnu.version_d
 *(.gnu.version_d)

.gnu.version_r
 *(.gnu.version_r)

.rel.init
 *(.rel.init)

.rela.init
 *(.rela.init)

.rel.text
 *(.rel.text)
 *(.rel.text.*)
 *(.rel.gnu.linkonce.t*)

.rela.text
 *(.rela.text)
 *(.rela.text.*)
 *(.rela.gnu.linkonce.t*)

.rel.fini
 *(.rel.fini)

.rela.fini
 *(.rela.fini)

.rel.rodata
 *(.rel.rodata)
 *(.rel.rodata.*)
 *(.rel.gnu.linkonce.r*)

.rela.rodata
 *(.rela.rodata)
 *(.rela.rodata.*)
 *(.rela.gnu.linkonce.r*)

.rel.data
 *(.rel.data)
 *(.rel.data.*)
 *(.rel.gnu.linkonce.d*)

.rela.data
 *(.rela.data)
 *(.rela.data.*)
 *(.rela.gnu.linkonce.d*)

.rel.ctors
 *(.rel.ctors)

.rela.ctors
 *(.rela.ctors)

.rel.dtors
 *(.rel.dtors)

.rela.dtors
 *(.rela.dtors)

.rel.got
 *(.rel.got)

.rela.got
 *(.rela.got)

.rel.bss
 *(.rel.bss)

.rela.bss
 *(.rela.bss)

.rel.plt
 *(.rel.plt)

.rela.plt
 *(.rela.plt)

.text           0x00000000     0x691c
 *(.vectors)
 .vectors       0x00000000       0x54 e:/imt/tools/sdk/imt_sdk_win_64/winavr/bin/../lib/gcc/avr/4.3.3/../../../../avr/lib/avr5/crtm32.o
                0x00000000                __vectors
                0x00000000                __vector_default
 *(.vectors)
 *(.progmem.gcc*)
 *(.progmem*)
                0x00000054                . = ALIGN (0x2)
                0x00000054                __trampolines_start = .
 *(.trampolines)
 .trampolines   0x00000054        0x0 linker stubs
 *(.trampolines*)
                0x00000054                __trampolines_end = .
 *(.jumptables)
 *(.jumptables*)
 *(.lowtext)
 *(.lowtext*)
                0x00000054                __ctors_start = .
 *(.ctors)
                0x00000054                __ctors_end = .
                0x00000054                __dtors_start = .
 *(.dtors)
                0x00000054                __dtors_end = .
 SORT(*)(.ctors)
 SORT(*)(.dtors)
 *(.init0)
 .init0         0x00000054        0x0 e:/imt/tools/sdk/imt_sdk_win_64/winavr/bin/../lib/gcc/avr/4.3.3/../../../../avr/lib/avr5/crtm32.o
                0x00000054                __init
 *(.init0)
 *(.init1)
 *(.init1)
 *(.init2)
 .init2         0x00000054        0xc e:/imt/tools/sdk/imt_sdk_win_64/winavr/bin/../lib/gcc/avr/4.3.3/../../../../avr/lib/avr5/crtm32.o
 *(.init2)
 *(.init3)
 *(.init3)
 *(.init4)
 .init4         0x00000060       0x16 e:/imt/tools/sdk/imt_sdk_win_64/winavr/bin/../lib/gcc/avr/4.3.3/avr5\libgcc.a(_copy_data.o)
                0x00000060                __do_copy_data
 .init4         0x00000076       0x10 e:/imt/tools/sdk/imt_sdk_win_64/winavr/bin/../lib/gcc/avr/4.3.3/avr5\libgcc.a(_clear_bss.o)
                0x00000076                __do_clear_bss
 *(.init4)
 *(.init5)
 *(.init5)
 *(.init6)
 *(.init6)
 *(.init7)
 *(.init7)
 *(.init8)
 *(.init8)
 *(.init9)
 .init9         0x00000086        0x8 e:/imt/tools/sdk/imt_sdk_win_64/winavr/bin/../lib/gcc/avr/4.3.3/../../../../avr/lib/avr5/crtm32.o
 *(.init9)
 *(.text)
 .text          0x0000008e        0x4 e:/imt/tools/sdk/imt_sdk_win_64/winavr/bin/../lib/gcc/avr/4.3.3/../../../../avr/lib/avr5/crtm32.o
                0x0000008e                __vector_1
                0x0000008e                __vector_12
                0x0000008e                __bad_interrupt
                0x0000008e                __vector_6
                0x0000008e                __vector_3
                0x0000008e                __vector_11
                0x0000008e                __vector_13
                0x0000008e                __vector_17
                0x0000008e                __vector_19
                0x0000008e                __vector_5
                0x0000008e                __vector_4
                0x0000008e                __vector_9
                0x0000008e                __vector_2
                0x0000008e                __vector_15
                0x0000008e                __vector_8
                0x0000008e                __vector_14
                0x0000008e                __vector_10
                0x0000008e                __vector_16
                0x0000008e                __vector_18
                0x0000008e                __vector_20
 .text          0x00000092        0x0 ./Dio_prg.o
 .text          0x00000092        0x0 ./Lcd_prg.o
 .text          0x00000092        0x0 ./croutine.o
 .text          0x00000092        0x0 ./event_groups.o
 .text          0x00000092        0x0 ./heap_1.o
 .text          0x00000092        0x0 ./list.o
 .text          0x00000092        0x0 ./main.o
 .text          0x00000092        0x0 ./port.o
 .text          0x00000092        0x0 ./queue.o
 .text          0x00000092        0x0 ./stream_buffer.o
 .text          0x00000092        0x0 ./tasks.o
 .text          0x00000092        0x0 ./timers.o
 .text          0x00000092        0x0 e:/imt/tools/sdk/imt_sdk_win_64/winavr/bin/../lib/gcc/avr/4.3.3/avr5\libgcc.a(_exit.o)
 .text          0x00000092        0x0 e:/imt/tools/sdk/imt_sdk_win_64/winavr/bin/../lib/gcc/avr/4.3.3/avr5\libgcc.a(_copy_data.o)
 .text          0x00000092        0x0 e:/imt/tools/sdk/imt_sdk_win_64/winavr/bin/../lib/gcc/avr/4.3.3/avr5\libgcc.a(_clear_bss.o)
 .text          0x00000092       0x58 e:/imt/tools/sdk/imt_sdk_win_64/winavr/bin/../lib/gcc/avr/4.3.3/avr5\libgcc.a(_fixunssfsi.o)
                0x00000092                __fixunssfsi
 .text          0x000000ea      0x354 e:/imt/tools/sdk/imt_sdk_win_64/winavr/bin/../lib/gcc/avr/4.3.3/avr5\libgcc.a(_addsub_sf.o)
                0x00000382                __subsf3
                0x000003e4                __addsf3
 .text          0x0000043e      0x1f4 e:/imt/tools/sdk/imt_sdk_win_64/winavr/bin/../lib/gcc/avr/4.3.3/avr5\libgcc.a(_mul_sf.o)
                0x0000043e                __mulsf3
 .text          0x00000632       0x60 e:/imt/tools/sdk/imt_sdk_win_64/winavr/bin/../lib/gcc/avr/4.3.3/avr5\libgcc.a(_gt_sf.o)
                0x00000632                __gtsf2
 .text          0x00000692       0x60 e:/imt/tools/sdk/imt_sdk_win_64/winavr/bin/../lib/gcc/avr/4.3.3/avr5\libgcc.a(_ge_sf.o)
                0x00000692                __gesf2
 .text          0x000006f2       0x60 e:/imt/tools/sdk/imt_sdk_win_64/winavr/bin/../lib/gcc/avr/4.3.3/avr5\libgcc.a(_lt_sf.o)
                0x000006f2                __ltsf2
 .text          0x00000752       0xa8 e:/imt/tools/sdk/imt_sdk_win_64/winavr/bin/../lib/gcc/avr/4.3.3/avr5\libgcc.a(_sf_to_si.o)
                0x00000752                __fixsfsi
 .text          0x000007fa        0x0 e:/imt/tools/sdk/imt_sdk_win_64/winavr/bin/../lib/gcc/avr/4.3.3/avr5\libgcc.a(_thenan_sf.o)
 .text          0x000007fa        0x0 e:/imt/tools/sdk/imt_sdk_win_64/winavr/bin/../lib/gcc/avr/4.3.3/avr5\libgcc.a(_prologue.o)
 .text          0x000007fa        0x0 e:/imt/tools/sdk/imt_sdk_win_64/winavr/bin/../lib/gcc/avr/4.3.3/avr5\libgcc.a(_epilogue.o)
 .text          0x000007fa      0x1aa e:/imt/tools/sdk/imt_sdk_win_64/winavr/bin/../lib/gcc/avr/4.3.3/avr5\libgcc.a(_pack_sf.o)
                0x000007fa                __pack_f
 .text          0x000009a4       0xf0 e:/imt/tools/sdk/imt_sdk_win_64/winavr/bin/../lib/gcc/avr/4.3.3/avr5\libgcc.a(_unpack_sf.o)
                0x000009a4                __unpack_f
 .text          0x00000a94       0xb2 e:/imt/tools/sdk/imt_sdk_win_64/winavr/bin/../lib/gcc/avr/4.3.3/avr5\libgcc.a(_fpcmp_parts_sf.o)
                0x00000a94                __fpcmp_parts_f
 .text          0x00000b46        0x0 e:/imt/tools/sdk/imt_sdk_win_64/winavr/bin/../lib/gcc/avr/4.3.3/../../../../avr/lib/avr5\libc.a(memcpy.o)
 .text          0x00000b46        0x0 e:/imt/tools/sdk/imt_sdk_win_64/winavr/bin/../lib/gcc/avr/4.3.3/../../../../avr/lib/avr5\libc.a(memset.o)
                0x00000b46                . = ALIGN (0x2)
 *(.text.*)
 .text.Dio_vidSetPinDir
                0x00000b46      0x6cc ./Dio_prg.o
                0x00000b46                Dio_vidSetPinDir
 .text.Dio_vidSetPinVal
                0x00001212      0x6cc ./Dio_prg.o
                0x00001212                Dio_vidSetPinVal
 .text.Lcd_vidSendCommand
                0x000018de      0x1be ./Lcd_prg.o
                0x000018de                Lcd_vidSendCommand
 .text.Lcd_vidInit
                0x00001a9c      0x33c ./Lcd_prg.o
                0x00001a9c                Lcd_vidInit
 .text.Lcd_vidWriteChar
                0x00001dd8      0x1be ./Lcd_prg.o
                0x00001dd8                Lcd_vidWriteChar
 .text.Lcd_vidWriteStr
                0x00001f96       0x38 ./Lcd_prg.o
                0x00001f96                Lcd_vidWriteStr
 .text.xEventGroupCreate
                0x00001fce       0x3e ./event_groups.o
                0x00001fce                xEventGroupCreate
 .text.xEventGroupSync
                0x0000200c      0x172 ./event_groups.o
                0x0000200c                xEventGroupSync
 .text.xEventGroupWaitBits
                0x0000217e      0x18c ./event_groups.o
                0x0000217e                xEventGroupWaitBits
 .text.xEventGroupClearBits
                0x0000230a       0x6c ./event_groups.o
                0x0000230a                xEventGroupClearBits
 .text.xEventGroupGetBitsFromISR
                0x00002376       0x44 ./event_groups.o
                0x00002376                xEventGroupGetBitsFromISR
 .text.xEventGroupSetBits
                0x000023ba      0x164 ./event_groups.o
                0x000023ba                xEventGroupSetBits
 .text.vEventGroupDelete
                0x0000251e       0x62 ./event_groups.o
                0x0000251e                vEventGroupDelete
 .text.vEventGroupSetBitsCallback
                0x00002580       0x3a ./event_groups.o
                0x00002580                vEventGroupSetBitsCallback
 .text.vEventGroupClearBitsCallback
                0x000025ba       0x3a ./event_groups.o
                0x000025ba                vEventGroupClearBitsCallback
 .text.prvTestWaitCondition
                0x000025f4       0x64 ./event_groups.o
 .text.pvPortMalloc
                0x00002658       0xac ./heap_1.o
                0x00002658                pvPortMalloc
 .text.vPortFree
                0x00002704       0x18 ./heap_1.o
                0x00002704                vPortFree
 .text.vPortInitialiseBlocks
                0x0000271c       0x16 ./heap_1.o
                0x0000271c                vPortInitialiseBlocks
 .text.xPortGetFreeHeapSize
                0x00002732       0x1e ./heap_1.o
                0x00002732                xPortGetFreeHeapSize
 .text.vListInitialise
                0x00002750       0x54 ./list.o
                0x00002750                vListInitialise
 .text.vListInitialiseItem
                0x000027a4       0x20 ./list.o
                0x000027a4                vListInitialiseItem
 .text.vListInsertEnd
                0x000027c4       0x88 ./list.o
                0x000027c4                vListInsertEnd
 .text.vListInsert
                0x0000284c       0xd8 ./list.o
                0x0000284c                vListInsert
 .text.uxListRemove
                0x00002924       0x98 ./list.o
                0x00002924                uxListRemove
 .text.main     0x000029bc       0x50 ./main.o
                0x000029bc                main
 .text.LCD_Task1_Func
                0x00002a0c       0x26 ./main.o
                0x00002a0c                LCD_Task1_Func
 .text.LCD_Task2_Func
                0x00002a32       0x2e ./main.o
                0x00002a32                LCD_Task2_Func
 .text.pxPortInitialiseStack
                0x00002a60      0x306 ./port.o
                0x00002a60                pxPortInitialiseStack
 .text.xPortStartScheduler
                0x00002d66       0x6a ./port.o
                0x00002d66                xPortStartScheduler
 .text.vPortEndScheduler
                0x00002dd0        0xe ./port.o
                0x00002dd0                vPortEndScheduler
 .text.vPortYield
                0x00002dde       0xb2 ./port.o
                0x00002dde                vPortYield
 .text.vPortYieldFromTick
                0x00002e90       0xba ./port.o
                0x00002e90                vPortYieldFromTick
 .text.prvSetupTimerInterrupt
                0x00002f4a       0xb8 ./port.o
 .text.__vector_7
                0x00003002        0x6 ./port.o
                0x00003002                __vector_7
 .text.xQueueGenericReset
                0x00003008      0x10c ./queue.o
                0x00003008                xQueueGenericReset
 .text.xQueueGenericCreate
                0x00003114       0xa2 ./queue.o
                0x00003114                xQueueGenericCreate
 .text.prvInitialiseNewQueue
                0x000031b6       0x76 ./queue.o
 .text.xQueueGenericSend
                0x0000322c      0x158 ./queue.o
                0x0000322c                xQueueGenericSend
 .text.xQueueGenericSendFromISR
                0x00003384       0xb0 ./queue.o
                0x00003384                xQueueGenericSendFromISR
 .text.xQueueGiveFromISR
                0x00003434       0xa2 ./queue.o
                0x00003434                xQueueGiveFromISR
 .text.xQueueReceive
                0x000034d6      0x156 ./queue.o
                0x000034d6                xQueueReceive
 .text.xQueueSemaphoreTake
                0x0000362c      0x144 ./queue.o
                0x0000362c                xQueueSemaphoreTake
 .text.xQueuePeek
                0x00003770      0x164 ./queue.o
                0x00003770                xQueuePeek
 .text.xQueueReceiveFromISR
                0x000038d4       0xae ./queue.o
                0x000038d4                xQueueReceiveFromISR
 .text.xQueuePeekFromISR
                0x00003982       0x72 ./queue.o
                0x00003982                xQueuePeekFromISR
 .text.uxQueueMessagesWaiting
                0x000039f4       0x30 ./queue.o
                0x000039f4                uxQueueMessagesWaiting
 .text.uxQueueSpacesAvailable
                0x00003a24       0x4a ./queue.o
                0x00003a24                uxQueueSpacesAvailable
 .text.uxQueueMessagesWaitingFromISR
                0x00003a6e       0x34 ./queue.o
                0x00003a6e                uxQueueMessagesWaitingFromISR
 .text.vQueueDelete
                0x00003aa2       0x2e ./queue.o
                0x00003aa2                vQueueDelete
 .text.prvCopyDataToQueue
                0x00003ad0      0x14c ./queue.o
 .text.prvCopyDataFromQueue
                0x00003c1c       0x8e ./queue.o
 .text.prvUnlockQueue
                0x00003caa       0xa6 ./queue.o
 .text.prvIsQueueEmpty
                0x00003d50       0x3a ./queue.o
 .text.xQueueIsQueueEmptyFromISR
                0x00003d8a       0x3e ./queue.o
                0x00003d8a                xQueueIsQueueEmptyFromISR
 .text.prvIsQueueFull
                0x00003dc8       0x40 ./queue.o
 .text.xQueueIsQueueFullFromISR
                0x00003e08       0x44 ./queue.o
                0x00003e08                xQueueIsQueueFullFromISR
 .text.xStreamBufferGenericCreate
                0x00003e4c       0x98 ./stream_buffer.o
                0x00003e4c                xStreamBufferGenericCreate
 .text.vStreamBufferDelete
                0x00003ee4       0x52 ./stream_buffer.o
                0x00003ee4                vStreamBufferDelete
 .text.xStreamBufferReset
                0x00003f36       0x84 ./stream_buffer.o
                0x00003f36                xStreamBufferReset
 .text.xStreamBufferSetTriggerLevel
                0x00003fba       0x6e ./stream_buffer.o
                0x00003fba                xStreamBufferSetTriggerLevel
 .text.xStreamBufferSpacesAvailable
                0x00004028       0x8c ./stream_buffer.o
                0x00004028                xStreamBufferSpacesAvailable
 .text.xStreamBufferBytesAvailable
                0x000040b4       0x3c ./stream_buffer.o
                0x000040b4                xStreamBufferBytesAvailable
 .text.xStreamBufferSend
                0x000040f0      0x190 ./stream_buffer.o
                0x000040f0                xStreamBufferSend
 .text.xStreamBufferSendFromISR
                0x00004280       0xfa ./stream_buffer.o
                0x00004280                xStreamBufferSendFromISR
 .text.prvWriteMessageToBuffer
                0x0000437a       0xe4 ./stream_buffer.o
 .text.xStreamBufferReceive
                0x0000445e      0x174 ./stream_buffer.o
                0x0000445e                xStreamBufferReceive
 .text.xStreamBufferNextMessageLengthBytes
                0x000045d2       0xa4 ./stream_buffer.o
                0x000045d2                xStreamBufferNextMessageLengthBytes
 .text.xStreamBufferReceiveFromISR
                0x00004676       0xf0 ./stream_buffer.o
                0x00004676                xStreamBufferReceiveFromISR
 .text.prvReadMessageFromBuffer
                0x00004766       0xd8 ./stream_buffer.o
 .text.xStreamBufferIsEmpty
                0x0000483e       0x5a ./stream_buffer.o
                0x0000483e                xStreamBufferIsEmpty
 .text.xStreamBufferIsFull
                0x00004898       0x70 ./stream_buffer.o
                0x00004898                xStreamBufferIsFull
 .text.xStreamBufferSendCompletedFromISR
                0x00004908       0x86 ./stream_buffer.o
                0x00004908                xStreamBufferSendCompletedFromISR
 .text.xStreamBufferReceiveCompletedFromISR
                0x0000498e       0x86 ./stream_buffer.o
                0x0000498e                xStreamBufferReceiveCompletedFromISR
 .text.prvWriteBytesToBuffer
                0x00004a14      0x11a ./stream_buffer.o
 .text.prvReadBytesFromBuffer
                0x00004b2e      0x15a ./stream_buffer.o
 .text.prvBytesInBuffer
                0x00004c88       0x74 ./stream_buffer.o
 .text.prvInitialiseNewStreamBuffer
                0x00004cfc       0x78 ./stream_buffer.o
 .text.xTaskCreate
                0x00004d74       0xf0 ./tasks.o
                0x00004d74                xTaskCreate
 .text.prvInitialiseNewTask
                0x00004e64      0x178 ./tasks.o
 .text.prvAddNewTaskToReadyList
                0x00004fdc       0xf0 ./tasks.o
 .text.vTaskDelete
                0x000050cc       0xe4 ./tasks.o
                0x000050cc                vTaskDelete
 .text.vTaskDelayUntil
                0x000051b0       0xe4 ./tasks.o
                0x000051b0                vTaskDelayUntil
 .text.vTaskDelay
                0x00005294       0x44 ./tasks.o
                0x00005294                vTaskDelay
 .text.vTaskSuspend
                0x000052d8       0xe8 ./tasks.o
                0x000052d8                vTaskSuspend
 .text.prvTaskIsTaskSuspended
                0x000053c0       0x5e ./tasks.o
 .text.vTaskResume
                0x0000541e       0xc8 ./tasks.o
                0x0000541e                vTaskResume
 .text.xTaskResumeFromISR
                0x000054e6       0xcc ./tasks.o
                0x000054e6                xTaskResumeFromISR
 .text.vTaskStartScheduler
                0x000055b2       0x64 ./tasks.o
                0x000055b2                vTaskStartScheduler
 .text.vTaskEndScheduler
                0x00005616       0x18 ./tasks.o
                0x00005616                vTaskEndScheduler
 .text.vTaskSuspendAll
                0x0000562e       0x18 ./tasks.o
                0x0000562e                vTaskSuspendAll
 .text.xTaskResumeAll
                0x00005646      0x126 ./tasks.o
                0x00005646                xTaskResumeAll
 .text.xTaskGetTickCount
                0x0000576c       0x2e ./tasks.o
                0x0000576c                xTaskGetTickCount
 .text.xTaskGetTickCountFromISR
                0x0000579a       0x2a ./tasks.o
                0x0000579a                xTaskGetTickCountFromISR
 .text.uxTaskGetNumberOfTasks
                0x000057c4       0x12 ./tasks.o
                0x000057c4                uxTaskGetNumberOfTasks
 .text.pcTaskGetName
                0x000057d6       0x50 ./tasks.o
                0x000057d6                pcTaskGetName
 .text.xTaskIncrementTick
                0x00005826      0x1ca ./tasks.o
                0x00005826                xTaskIncrementTick
 .text.vTaskSwitchContext
                0x000059f0       0xda ./tasks.o
                0x000059f0                vTaskSwitchContext
 .text.vTaskPlaceOnEventList
                0x00005aca       0x44 ./tasks.o
                0x00005aca                vTaskPlaceOnEventList
 .text.vTaskPlaceOnUnorderedEventList
                0x00005b0e       0x60 ./tasks.o
                0x00005b0e                vTaskPlaceOnUnorderedEventList
 .text.xTaskRemoveFromEventList
                0x00005b6e       0xd6 ./tasks.o
                0x00005b6e                xTaskRemoveFromEventList
 .text.vTaskRemoveFromUnorderedEventList
                0x00005c44       0xba ./tasks.o
                0x00005c44                vTaskRemoveFromUnorderedEventList
 .text.vTaskSetTimeOutState
                0x00005cfe       0x3c ./tasks.o
                0x00005cfe                vTaskSetTimeOutState
 .text.vTaskInternalSetTimeOutState
                0x00005d3a       0x32 ./tasks.o
                0x00005d3a                vTaskInternalSetTimeOutState
 .text.xTaskCheckForTimeOut
                0x00005d6c       0xda ./tasks.o
                0x00005d6c                xTaskCheckForTimeOut
 .text.vTaskMissedYield
                0x00005e46       0x14 ./tasks.o
                0x00005e46                vTaskMissedYield
 .text.prvIdleTask
                0x00005e5a       0x14 ./tasks.o
 .text.prvInitialiseTaskLists
                0x00005e6e       0x82 ./tasks.o
 .text.prvCheckTasksWaitingTermination
                0x00005ef0       0x5e ./tasks.o
 .text.prvDeleteTCB
                0x00005f4e       0x2c ./tasks.o
 .text.prvResetNextTaskUnblockTime
                0x00005f7a       0x56 ./tasks.o
 .text.xTaskGetCurrentTaskHandle
                0x00005fd0       0x24 ./tasks.o
                0x00005fd0                xTaskGetCurrentTaskHandle
 .text.uxTaskResetEventItemValue
                0x00005ff4       0x4e ./tasks.o
                0x00005ff4                uxTaskResetEventItemValue
 .text.ulTaskNotifyTake
                0x00006042       0xee ./tasks.o
                0x00006042                ulTaskNotifyTake
 .text.xTaskNotifyWait
                0x00006130      0x138 ./tasks.o
                0x00006130                xTaskNotifyWait
 .text.xTaskGenericNotify
                0x00006268      0x1ba ./tasks.o
                0x00006268                xTaskGenericNotify
 .text.xTaskGenericNotifyFromISR
                0x00006422      0x1f0 ./tasks.o
                0x00006422                xTaskGenericNotifyFromISR
 .text.vTaskNotifyGiveFromISR
                0x00006612      0x10c ./tasks.o
                0x00006612                vTaskNotifyGiveFromISR
 .text.xTaskNotifyStateClear
                0x0000671e       0x74 ./tasks.o
                0x0000671e                xTaskNotifyStateClear
 .text.prvAddCurrentTaskToDelayedList
                0x00006792       0xf8 ./tasks.o
 .text.libgcc   0x0000688a        0x0 e:/imt/tools/sdk/imt_sdk_win_64/winavr/bin/../lib/gcc/avr/4.3.3/avr5\libgcc.a(_exit.o)
 .text.libgcc   0x0000688a        0x0 e:/imt/tools/sdk/imt_sdk_win_64/winavr/bin/../lib/gcc/avr/4.3.3/avr5\libgcc.a(_copy_data.o)
 .text.libgcc   0x0000688a        0x0 e:/imt/tools/sdk/imt_sdk_win_64/winavr/bin/../lib/gcc/avr/4.3.3/avr5\libgcc.a(_clear_bss.o)
 .text.libgcc   0x0000688a       0x38 e:/imt/tools/sdk/imt_sdk_win_64/winavr/bin/../lib/gcc/avr/4.3.3/avr5\libgcc.a(_prologue.o)
                0x0000688a                __prologue_saves__
 .text.libgcc   0x000068c2       0x36 e:/imt/tools/sdk/imt_sdk_win_64/winavr/bin/../lib/gcc/avr/4.3.3/avr5\libgcc.a(_epilogue.o)
                0x000068c2                __epilogue_restores__
 .text.avr-libc
                0x000068f8       0x12 e:/imt/tools/sdk/imt_sdk_win_64/winavr/bin/../lib/gcc/avr/4.3.3/../../../../avr/lib/avr5\libc.a(memcpy.o)
                0x000068f8                memcpy
 .text.avr-libc
                0x0000690a        0xe e:/imt/tools/sdk/imt_sdk_win_64/winavr/bin/../lib/gcc/avr/4.3.3/../../../../avr/lib/avr5\libc.a(memset.o)
                0x0000690a                memset
                0x00006918                . = ALIGN (0x2)
 *(.fini9)
 .fini9         0x00006918        0x0 e:/imt/tools/sdk/imt_sdk_win_64/winavr/bin/../lib/gcc/avr/4.3.3/avr5\libgcc.a(_exit.o)
                0x00006918                exit
                0x00006918                _exit
 *(.fini9)
 *(.fini8)
 *(.fini8)
 *(.fini7)
 *(.fini7)
 *(.fini6)
 *(.fini6)
 *(.fini5)
 *(.fini5)
 *(.fini4)
 *(.fini4)
 *(.fini3)
 *(.fini3)
 *(.fini2)
 *(.fini2)
 *(.fini1)
 *(.fini1)
 *(.fini0)
 .fini0         0x00006918        0x4 e:/imt/tools/sdk/imt_sdk_win_64/winavr/bin/../lib/gcc/avr/4.3.3/avr5\libgcc.a(_exit.o)
 *(.fini0)
                0x0000691c                _etext = .

.data           0x00800060       0x3c load address 0x0000691c
                0x00800060                PROVIDE (__data_start, .)
 *(.data)
 .data          0x00800060        0x0 e:/imt/tools/sdk/imt_sdk_win_64/winavr/bin/../lib/gcc/avr/4.3.3/../../../../avr/lib/avr5/crtm32.o
 .data          0x00800060        0x0 ./Dio_prg.o
 .data          0x00800060        0x0 ./Lcd_prg.o
 .data          0x00800060        0x0 ./croutine.o
 .data          0x00800060        0x0 ./event_groups.o
 .data          0x00800060        0x0 ./heap_1.o
 .data          0x00800060        0x0 ./list.o
 .data          0x00800060       0x2e ./main.o
 .data          0x0080008e        0x0 ./port.o
 .data          0x0080008e        0x0 ./queue.o
 .data          0x0080008e        0x0 ./stream_buffer.o
 .data          0x0080008e        0x5 ./tasks.o
 .data          0x00800093        0x0 ./timers.o
 .data          0x00800093        0x0 e:/imt/tools/sdk/imt_sdk_win_64/winavr/bin/../lib/gcc/avr/4.3.3/avr5\libgcc.a(_exit.o)
 .data          0x00800093        0x0 e:/imt/tools/sdk/imt_sdk_win_64/winavr/bin/../lib/gcc/avr/4.3.3/avr5\libgcc.a(_copy_data.o)
 .data          0x00800093        0x0 e:/imt/tools/sdk/imt_sdk_win_64/winavr/bin/../lib/gcc/avr/4.3.3/avr5\libgcc.a(_clear_bss.o)
 .data          0x00800093        0x0 e:/imt/tools/sdk/imt_sdk_win_64/winavr/bin/../lib/gcc/avr/4.3.3/avr5\libgcc.a(_fixunssfsi.o)
 .data          0x00800093        0x0 e:/imt/tools/sdk/imt_sdk_win_64/winavr/bin/../lib/gcc/avr/4.3.3/avr5\libgcc.a(_addsub_sf.o)
 .data          0x00800093        0x0 e:/imt/tools/sdk/imt_sdk_win_64/winavr/bin/../lib/gcc/avr/4.3.3/avr5\libgcc.a(_mul_sf.o)
 .data          0x00800093        0x0 e:/imt/tools/sdk/imt_sdk_win_64/winavr/bin/../lib/gcc/avr/4.3.3/avr5\libgcc.a(_gt_sf.o)
 .data          0x00800093        0x0 e:/imt/tools/sdk/imt_sdk_win_64/winavr/bin/../lib/gcc/avr/4.3.3/avr5\libgcc.a(_ge_sf.o)
 .data          0x00800093        0x0 e:/imt/tools/sdk/imt_sdk_win_64/winavr/bin/../lib/gcc/avr/4.3.3/avr5\libgcc.a(_lt_sf.o)
 .data          0x00800093        0x0 e:/imt/tools/sdk/imt_sdk_win_64/winavr/bin/../lib/gcc/avr/4.3.3/avr5\libgcc.a(_sf_to_si.o)
 .data          0x00800093        0x8 e:/imt/tools/sdk/imt_sdk_win_64/winavr/bin/../lib/gcc/avr/4.3.3/avr5\libgcc.a(_thenan_sf.o)
                0x00800093                __thenan_sf
 .data          0x0080009b        0x0 e:/imt/tools/sdk/imt_sdk_win_64/winavr/bin/../lib/gcc/avr/4.3.3/avr5\libgcc.a(_prologue.o)
 .data          0x0080009b        0x0 e:/imt/tools/sdk/imt_sdk_win_64/winavr/bin/../lib/gcc/avr/4.3.3/avr5\libgcc.a(_epilogue.o)
 .data          0x0080009b        0x0 e:/imt/tools/sdk/imt_sdk_win_64/winavr/bin/../lib/gcc/avr/4.3.3/avr5\libgcc.a(_pack_sf.o)
 .data          0x0080009b        0x0 e:/imt/tools/sdk/imt_sdk_win_64/winavr/bin/../lib/gcc/avr/4.3.3/avr5\libgcc.a(_unpack_sf.o)
 .data          0x0080009b        0x0 e:/imt/tools/sdk/imt_sdk_win_64/winavr/bin/../lib/gcc/avr/4.3.3/avr5\libgcc.a(_fpcmp_parts_sf.o)
 .data          0x0080009b        0x0 e:/imt/tools/sdk/imt_sdk_win_64/winavr/bin/../lib/gcc/avr/4.3.3/../../../../avr/lib/avr5\libc.a(memcpy.o)
 .data          0x0080009b        0x0 e:/imt/tools/sdk/imt_sdk_win_64/winavr/bin/../lib/gcc/avr/4.3.3/../../../../avr/lib/avr5\libc.a(memset.o)
 *(.data*)
 *(.rodata)
 *(.rodata*)
 *(.gnu.linkonce.d*)
                0x0080009c                . = ALIGN (0x2)
 *fill*         0x0080009b        0x1 00
                0x0080009c                _edata = .
                0x0080009c                PROVIDE (__data_end, .)

.bss            0x0080009c      0x646
                0x0080009c                PROVIDE (__bss_start, .)
 *(.bss)
 .bss           0x0080009c        0x0 e:/imt/tools/sdk/imt_sdk_win_64/winavr/bin/../lib/gcc/avr/4.3.3/../../../../avr/lib/avr5/crtm32.o
 .bss           0x0080009c        0x0 ./Dio_prg.o
 .bss           0x0080009c        0x0 ./Lcd_prg.o
 .bss           0x0080009c        0x0 ./croutine.o
 .bss           0x0080009c        0x0 ./event_groups.o
 .bss           0x0080009c        0x0 ./heap_1.o
 .bss           0x0080009c        0x0 ./list.o
 .bss           0x0080009c        0x0 ./main.o
 .bss           0x0080009c        0x0 ./port.o
 .bss           0x0080009c        0x0 ./queue.o
 .bss           0x0080009c        0x0 ./stream_buffer.o
 .bss           0x0080009c        0x0 ./tasks.o
 .bss           0x0080009c        0x0 ./timers.o
 .bss           0x0080009c        0x0 e:/imt/tools/sdk/imt_sdk_win_64/winavr/bin/../lib/gcc/avr/4.3.3/avr5\libgcc.a(_exit.o)
 .bss           0x0080009c        0x0 e:/imt/tools/sdk/imt_sdk_win_64/winavr/bin/../lib/gcc/avr/4.3.3/avr5\libgcc.a(_copy_data.o)
 .bss           0x0080009c        0x0 e:/imt/tools/sdk/imt_sdk_win_64/winavr/bin/../lib/gcc/avr/4.3.3/avr5\libgcc.a(_clear_bss.o)
 .bss           0x0080009c        0x0 e:/imt/tools/sdk/imt_sdk_win_64/winavr/bin/../lib/gcc/avr/4.3.3/avr5\libgcc.a(_fixunssfsi.o)
 .bss           0x0080009c        0x0 e:/imt/tools/sdk/imt_sdk_win_64/winavr/bin/../lib/gcc/avr/4.3.3/avr5\libgcc.a(_addsub_sf.o)
 .bss           0x0080009c        0x0 e:/imt/tools/sdk/imt_sdk_win_64/winavr/bin/../lib/gcc/avr/4.3.3/avr5\libgcc.a(_mul_sf.o)
 .bss           0x0080009c        0x0 e:/imt/tools/sdk/imt_sdk_win_64/winavr/bin/../lib/gcc/avr/4.3.3/avr5\libgcc.a(_gt_sf.o)
 .bss           0x0080009c        0x0 e:/imt/tools/sdk/imt_sdk_win_64/winavr/bin/../lib/gcc/avr/4.3.3/avr5\libgcc.a(_ge_sf.o)
 .bss           0x0080009c        0x0 e:/imt/tools/sdk/imt_sdk_win_64/winavr/bin/../lib/gcc/avr/4.3.3/avr5\libgcc.a(_lt_sf.o)
 .bss           0x0080009c        0x0 e:/imt/tools/sdk/imt_sdk_win_64/winavr/bin/../lib/gcc/avr/4.3.3/avr5\libgcc.a(_sf_to_si.o)
 .bss           0x0080009c        0x0 e:/imt/tools/sdk/imt_sdk_win_64/winavr/bin/../lib/gcc/avr/4.3.3/avr5\libgcc.a(_thenan_sf.o)
 .bss           0x0080009c        0x0 e:/imt/tools/sdk/imt_sdk_win_64/winavr/bin/../lib/gcc/avr/4.3.3/avr5\libgcc.a(_prologue.o)
 .bss           0x0080009c        0x0 e:/imt/tools/sdk/imt_sdk_win_64/winavr/bin/../lib/gcc/avr/4.3.3/avr5\libgcc.a(_epilogue.o)
 .bss           0x0080009c        0x0 e:/imt/tools/sdk/imt_sdk_win_64/winavr/bin/../lib/gcc/avr/4.3.3/avr5\libgcc.a(_pack_sf.o)
 .bss           0x0080009c        0x0 e:/imt/tools/sdk/imt_sdk_win_64/winavr/bin/../lib/gcc/avr/4.3.3/avr5\libgcc.a(_unpack_sf.o)
 .bss           0x0080009c        0x0 e:/imt/tools/sdk/imt_sdk_win_64/winavr/bin/../lib/gcc/avr/4.3.3/avr5\libgcc.a(_fpcmp_parts_sf.o)
 .bss           0x0080009c        0x0 e:/imt/tools/sdk/imt_sdk_win_64/winavr/bin/../lib/gcc/avr/4.3.3/../../../../avr/lib/avr5\libc.a(memcpy.o)
 .bss           0x0080009c        0x0 e:/imt/tools/sdk/imt_sdk_win_64/winavr/bin/../lib/gcc/avr/4.3.3/../../../../avr/lib/avr5\libc.a(memset.o)
 *(.bss*)
 .bss.xNextFreeByte
                0x0080009c        0x2 ./heap_1.o
 .bss.pucAlignedHeap.1647
                0x0080009e        0x2 ./heap_1.o
 .bss.ucHeap    0x008000a0      0x5dc ./heap_1.o
 .bss.pxCurrentTCB
                0x0080067c        0x2 ./tasks.o
                0x0080067c                pxCurrentTCB
 .bss.uxDeletedTasksWaitingCleanUp
                0x0080067e        0x1 ./tasks.o
 .bss.uxCurrentNumberOfTasks
                0x0080067f        0x1 ./tasks.o
 .bss.xTickCount
                0x00800680        0x2 ./tasks.o
 .bss.uxTopReadyPriority
                0x00800682        0x1 ./tasks.o
 .bss.xSchedulerRunning
                0x00800683        0x1 ./tasks.o
 .bss.uxPendedTicks
                0x00800684        0x1 ./tasks.o
 .bss.xYieldPending
                0x00800685        0x1 ./tasks.o
 .bss.xNumOfOverflows
                0x00800686        0x1 ./tasks.o
 .bss.uxTaskNumber
                0x00800687        0x1 ./tasks.o
 .bss.xNextTaskUnblockTime
                0x00800688        0x2 ./tasks.o
 .bss.xIdleTaskHandle
                0x0080068a        0x2 ./tasks.o
 .bss.uxSchedulerSuspended
                0x0080068c        0x1 ./tasks.o
 .bss.pxReadyTasksLists
                0x0080068d       0x24 ./tasks.o
 .bss.xDelayedTaskList1
                0x008006b1        0x9 ./tasks.o
 .bss.xDelayedTaskList2
                0x008006ba        0x9 ./tasks.o
 .bss.pxDelayedTaskList
                0x008006c3        0x2 ./tasks.o
 .bss.pxOverflowDelayedTaskList
                0x008006c5        0x2 ./tasks.o
 .bss.xPendingReadyList
                0x008006c7        0x9 ./tasks.o
 .bss.xTasksWaitingTermination
                0x008006d0        0x9 ./tasks.o
 .bss.xSuspendedTaskList
                0x008006d9        0x9 ./tasks.o
 *(COMMON)
                0x008006e2                PROVIDE (__bss_end, .)
                0x0000691c                __data_load_start = LOADADDR (.data)
                0x00006958                __data_load_end = (__data_load_start + SIZEOF (.data))

.noinit         0x008006e2        0x0
                0x008006e2                PROVIDE (__noinit_start, .)
 *(.noinit*)
                0x008006e2                PROVIDE (__noinit_end, .)
                0x008006e2                _end = .
                0x008006e2                PROVIDE (__heap_start, .)

.eeprom         0x00810000        0x0
 *(.eeprom*)
                0x00810000                __eeprom_end = .

.fuse
 *(.fuse)
 *(.lfuse)
 *(.hfuse)
 *(.efuse)

.lock
 *(.lock*)

.signature
 *(.signature*)

.stab           0x00000000     0x8be0
 *(.stab)
 .stab          0x00000000      0x9cc ./Dio_prg.o
 .stab          0x000009cc      0x8b8 ./Lcd_prg.o
                                0x930 (size before relaxing)
 .stab          0x00001284      0x450 ./croutine.o
                                0x624 (size before relaxing)
 .stab          0x000016d4      0xdbc ./event_groups.o
                               0x1110 (size before relaxing)
 .stab          0x00002490      0x2e8 ./heap_1.o
                                0x7b0 (size before relaxing)
 .stab          0x00002778      0x450 ./list.o
                                0x84c (size before relaxing)
 .stab          0x00002bc8      0x228 ./main.o
                                0x6a8 (size before relaxing)
 .stab          0x00002df0      0x804 ./port.o
                                0xcc0 (size before relaxing)
 .stab          0x000035f4     0x1a64 ./queue.o
                               0x1f2c (size before relaxing)
 .stab          0x00005058     0x15e4 ./stream_buffer.o
                               0x1a40 (size before relaxing)
 .stab          0x0000663c     0x2424 ./tasks.o
                               0x291c (size before relaxing)
 .stab          0x00008a60      0x180 ./timers.o
                                0x6a8 (size before relaxing)

.stabstr        0x00000000     0x4603
 *(.stabstr)
 .stabstr       0x00000000     0x4603 ./Dio_prg.o

.stab.excl
 *(.stab.excl)

.stab.exclstr
 *(.stab.exclstr)

.stab.index
 *(.stab.index)

.stab.indexstr
 *(.stab.indexstr)

.comment
 *(.comment)

.debug
 *(.debug)

.line
 *(.line)

.debug_srcinfo
 *(.debug_srcinfo)

.debug_sfnames
 *(.debug_sfnames)

.debug_aranges  0x00000000      0x140
 *(.debug_aranges)
 .debug_aranges
                0x00000000       0x20 e:/imt/tools/sdk/imt_sdk_win_64/winavr/bin/../lib/gcc/avr/4.3.3/avr5\libgcc.a(_fixunssfsi.o)
 .debug_aranges
                0x00000020       0x20 e:/imt/tools/sdk/imt_sdk_win_64/winavr/bin/../lib/gcc/avr/4.3.3/avr5\libgcc.a(_addsub_sf.o)
 .debug_aranges
                0x00000040       0x20 e:/imt/tools/sdk/imt_sdk_win_64/winavr/bin/../lib/gcc/avr/4.3.3/avr5\libgcc.a(_mul_sf.o)
 .debug_aranges
                0x00000060       0x20 e:/imt/tools/sdk/imt_sdk_win_64/winavr/bin/../lib/gcc/avr/4.3.3/avr5\libgcc.a(_gt_sf.o)
 .debug_aranges
                0x00000080       0x20 e:/imt/tools/sdk/imt_sdk_win_64/winavr/bin/../lib/gcc/avr/4.3.3/avr5\libgcc.a(_ge_sf.o)
 .debug_aranges
                0x000000a0       0x20 e:/imt/tools/sdk/imt_sdk_win_64/winavr/bin/../lib/gcc/avr/4.3.3/avr5\libgcc.a(_lt_sf.o)
 .debug_aranges
                0x000000c0       0x20 e:/imt/tools/sdk/imt_sdk_win_64/winavr/bin/../lib/gcc/avr/4.3.3/avr5\libgcc.a(_sf_to_si.o)
 .debug_aranges
                0x000000e0       0x20 e:/imt/tools/sdk/imt_sdk_win_64/winavr/bin/../lib/gcc/avr/4.3.3/avr5\libgcc.a(_pack_sf.o)
 .debug_aranges
                0x00000100       0x20 e:/imt/tools/sdk/imt_sdk_win_64/winavr/bin/../lib/gcc/avr/4.3.3/avr5\libgcc.a(_unpack_sf.o)
 .debug_aranges
                0x00000120       0x20 e:/imt/tools/sdk/imt_sdk_win_64/winavr/bin/../lib/gcc/avr/4.3.3/avr5\libgcc.a(_fpcmp_parts_sf.o)

.debug_pubnames
                0x00000000      0x170
 *(.debug_pubnames)
 .debug_pubnames
                0x00000000       0x23 e:/imt/tools/sdk/imt_sdk_win_64/winavr/bin/../lib/gcc/avr/4.3.3/avr5\libgcc.a(_fixunssfsi.o)
 .debug_pubnames
                0x00000023       0x2c e:/imt/tools/sdk/imt_sdk_win_64/winavr/bin/../lib/gcc/avr/4.3.3/avr5\libgcc.a(_addsub_sf.o)
 .debug_pubnames
                0x0000004f       0x1f e:/imt/tools/sdk/imt_sdk_win_64/winavr/bin/../lib/gcc/avr/4.3.3/avr5\libgcc.a(_mul_sf.o)
 .debug_pubnames
                0x0000006e       0x1e e:/imt/tools/sdk/imt_sdk_win_64/winavr/bin/../lib/gcc/avr/4.3.3/avr5\libgcc.a(_gt_sf.o)
 .debug_pubnames
                0x0000008c       0x1e e:/imt/tools/sdk/imt_sdk_win_64/winavr/bin/../lib/gcc/avr/4.3.3/avr5\libgcc.a(_ge_sf.o)
 .debug_pubnames
                0x000000aa       0x1e e:/imt/tools/sdk/imt_sdk_win_64/winavr/bin/../lib/gcc/avr/4.3.3/avr5\libgcc.a(_lt_sf.o)
 .debug_pubnames
                0x000000c8       0x20 e:/imt/tools/sdk/imt_sdk_win_64/winavr/bin/../lib/gcc/avr/4.3.3/avr5\libgcc.a(_sf_to_si.o)
 .debug_pubnames
                0x000000e8       0x22 e:/imt/tools/sdk/imt_sdk_win_64/winavr/bin/../lib/gcc/avr/4.3.3/avr5\libgcc.a(_thenan_sf.o)
 .debug_pubnames
                0x0000010a       0x1f e:/imt/tools/sdk/imt_sdk_win_64/winavr/bin/../lib/gcc/avr/4.3.3/avr5\libgcc.a(_pack_sf.o)
 .debug_pubnames
                0x00000129       0x21 e:/imt/tools/sdk/imt_sdk_win_64/winavr/bin/../lib/gcc/avr/4.3.3/avr5\libgcc.a(_unpack_sf.o)
 .debug_pubnames
                0x0000014a       0x26 e:/imt/tools/sdk/imt_sdk_win_64/winavr/bin/../lib/gcc/avr/4.3.3/avr5\libgcc.a(_fpcmp_parts_sf.o)

.debug_info     0x00000000     0x1c49
 *(.debug_info)
 .debug_info    0x00000000       0xb1 e:/imt/tools/sdk/imt_sdk_win_64/winavr/bin/../lib/gcc/avr/4.3.3/avr5\libgcc.a(_fixunssfsi.o)
 .debug_info    0x000000b1      0x47a e:/imt/tools/sdk/imt_sdk_win_64/winavr/bin/../lib/gcc/avr/4.3.3/avr5\libgcc.a(_addsub_sf.o)
 .debug_info    0x0000052b      0x485 e:/imt/tools/sdk/imt_sdk_win_64/winavr/bin/../lib/gcc/avr/4.3.3/avr5\libgcc.a(_mul_sf.o)
 .debug_info    0x000009b0      0x27f e:/imt/tools/sdk/imt_sdk_win_64/winavr/bin/../lib/gcc/avr/4.3.3/avr5\libgcc.a(_gt_sf.o)
 .debug_info    0x00000c2f      0x27f e:/imt/tools/sdk/imt_sdk_win_64/winavr/bin/../lib/gcc/avr/4.3.3/avr5\libgcc.a(_ge_sf.o)
 .debug_info    0x00000eae      0x27f e:/imt/tools/sdk/imt_sdk_win_64/winavr/bin/../lib/gcc/avr/4.3.3/avr5\libgcc.a(_lt_sf.o)
 .debug_info    0x0000112d      0x2b0 e:/imt/tools/sdk/imt_sdk_win_64/winavr/bin/../lib/gcc/avr/4.3.3/avr5\libgcc.a(_sf_to_si.o)
 .debug_info    0x000013dd      0x12c e:/imt/tools/sdk/imt_sdk_win_64/winavr/bin/../lib/gcc/avr/4.3.3/avr5\libgcc.a(_thenan_sf.o)
 .debug_info    0x00001509      0x2df e:/imt/tools/sdk/imt_sdk_win_64/winavr/bin/../lib/gcc/avr/4.3.3/avr5\libgcc.a(_pack_sf.o)
 .debug_info    0x000017e8      0x251 e:/imt/tools/sdk/imt_sdk_win_64/winavr/bin/../lib/gcc/avr/4.3.3/avr5\libgcc.a(_unpack_sf.o)
 .debug_info    0x00001a39      0x210 e:/imt/tools/sdk/imt_sdk_win_64/winavr/bin/../lib/gcc/avr/4.3.3/avr5\libgcc.a(_fpcmp_parts_sf.o)
 *(.gnu.linkonce.wi.*)

.debug_abbrev   0x00000000      0xeeb
 *(.debug_abbrev)
 .debug_abbrev  0x00000000       0x5d e:/imt/tools/sdk/imt_sdk_win_64/winavr/bin/../lib/gcc/avr/4.3.3/avr5\libgcc.a(_fixunssfsi.o)
 .debug_abbrev  0x0000005d      0x1ea e:/imt/tools/sdk/imt_sdk_win_64/winavr/bin/../lib/gcc/avr/4.3.3/avr5\libgcc.a(_addsub_sf.o)
 .debug_abbrev  0x00000247      0x21b e:/imt/tools/sdk/imt_sdk_win_64/winavr/bin/../lib/gcc/avr/4.3.3/avr5\libgcc.a(_mul_sf.o)
 .debug_abbrev  0x00000462      0x15a e:/imt/tools/sdk/imt_sdk_win_64/winavr/bin/../lib/gcc/avr/4.3.3/avr5\libgcc.a(_gt_sf.o)
 .debug_abbrev  0x000005bc      0x15a e:/imt/tools/sdk/imt_sdk_win_64/winavr/bin/../lib/gcc/avr/4.3.3/avr5\libgcc.a(_ge_sf.o)
 .debug_abbrev  0x00000716      0x15a e:/imt/tools/sdk/imt_sdk_win_64/winavr/bin/../lib/gcc/avr/4.3.3/avr5\libgcc.a(_lt_sf.o)
 .debug_abbrev  0x00000870      0x17f e:/imt/tools/sdk/imt_sdk_win_64/winavr/bin/../lib/gcc/avr/4.3.3/avr5\libgcc.a(_sf_to_si.o)
 .debug_abbrev  0x000009ef       0xad e:/imt/tools/sdk/imt_sdk_win_64/winavr/bin/../lib/gcc/avr/4.3.3/avr5\libgcc.a(_thenan_sf.o)
 .debug_abbrev  0x00000a9c      0x1c0 e:/imt/tools/sdk/imt_sdk_win_64/winavr/bin/../lib/gcc/avr/4.3.3/avr5\libgcc.a(_pack_sf.o)
 .debug_abbrev  0x00000c5c      0x154 e:/imt/tools/sdk/imt_sdk_win_64/winavr/bin/../lib/gcc/avr/4.3.3/avr5\libgcc.a(_unpack_sf.o)
 .debug_abbrev  0x00000db0      0x13b e:/imt/tools/sdk/imt_sdk_win_64/winavr/bin/../lib/gcc/avr/4.3.3/avr5\libgcc.a(_fpcmp_parts_sf.o)

.debug_line     0x00000000      0xdad
 *(.debug_line)
 .debug_line    0x00000000       0xa7 e:/imt/tools/sdk/imt_sdk_win_64/winavr/bin/../lib/gcc/avr/4.3.3/avr5\libgcc.a(_fixunssfsi.o)
 .debug_line    0x000000a7      0x2af e:/imt/tools/sdk/imt_sdk_win_64/winavr/bin/../lib/gcc/avr/4.3.3/avr5\libgcc.a(_addsub_sf.o)
 .debug_line    0x00000356      0x239 e:/imt/tools/sdk/imt_sdk_win_64/winavr/bin/../lib/gcc/avr/4.3.3/avr5\libgcc.a(_mul_sf.o)
 .debug_line    0x0000058f       0xd3 e:/imt/tools/sdk/imt_sdk_win_64/winavr/bin/../lib/gcc/avr/4.3.3/avr5\libgcc.a(_gt_sf.o)
 .debug_line    0x00000662       0xd3 e:/imt/tools/sdk/imt_sdk_win_64/winavr/bin/../lib/gcc/avr/4.3.3/avr5\libgcc.a(_ge_sf.o)
 .debug_line    0x00000735       0xd3 e:/imt/tools/sdk/imt_sdk_win_64/winavr/bin/../lib/gcc/avr/4.3.3/avr5\libgcc.a(_lt_sf.o)
 .debug_line    0x00000808      0x109 e:/imt/tools/sdk/imt_sdk_win_64/winavr/bin/../lib/gcc/avr/4.3.3/avr5\libgcc.a(_sf_to_si.o)
 .debug_line    0x00000911       0x90 e:/imt/tools/sdk/imt_sdk_win_64/winavr/bin/../lib/gcc/avr/4.3.3/avr5\libgcc.a(_thenan_sf.o)
 .debug_line    0x000009a1      0x18a e:/imt/tools/sdk/imt_sdk_win_64/winavr/bin/../lib/gcc/avr/4.3.3/avr5\libgcc.a(_pack_sf.o)
 .debug_line    0x00000b2b      0x14b e:/imt/tools/sdk/imt_sdk_win_64/winavr/bin/../lib/gcc/avr/4.3.3/avr5\libgcc.a(_unpack_sf.o)
 .debug_line    0x00000c76      0x137 e:/imt/tools/sdk/imt_sdk_win_64/winavr/bin/../lib/gcc/avr/4.3.3/avr5\libgcc.a(_fpcmp_parts_sf.o)

.debug_frame    0x00000000      0x160
 *(.debug_frame)
 .debug_frame   0x00000000       0x20 e:/imt/tools/sdk/imt_sdk_win_64/winavr/bin/../lib/gcc/avr/4.3.3/avr5\libgcc.a(_fixunssfsi.o)
 .debug_frame   0x00000020       0x40 e:/imt/tools/sdk/imt_sdk_win_64/winavr/bin/../lib/gcc/avr/4.3.3/avr5\libgcc.a(_addsub_sf.o)
 .debug_frame   0x00000060       0x20 e:/imt/tools/sdk/imt_sdk_win_64/winavr/bin/../lib/gcc/avr/4.3.3/avr5\libgcc.a(_mul_sf.o)
 .debug_frame   0x00000080       0x20 e:/imt/tools/sdk/imt_sdk_win_64/winavr/bin/../lib/gcc/avr/4.3.3/avr5\libgcc.a(_gt_sf.o)
 .debug_frame   0x000000a0       0x20 e:/imt/tools/sdk/imt_sdk_win_64/winavr/bin/../lib/gcc/avr/4.3.3/avr5\libgcc.a(_ge_sf.o)
 .debug_frame   0x000000c0       0x20 e:/imt/tools/sdk/imt_sdk_win_64/winavr/bin/../lib/gcc/avr/4.3.3/avr5\libgcc.a(_lt_sf.o)
 .debug_frame   0x000000e0       0x20 e:/imt/tools/sdk/imt_sdk_win_64/winavr/bin/../lib/gcc/avr/4.3.3/avr5\libgcc.a(_sf_to_si.o)
 .debug_frame   0x00000100       0x20 e:/imt/tools/sdk/imt_sdk_win_64/winavr/bin/../lib/gcc/avr/4.3.3/avr5\libgcc.a(_pack_sf.o)
 .debug_frame   0x00000120       0x20 e:/imt/tools/sdk/imt_sdk_win_64/winavr/bin/../lib/gcc/avr/4.3.3/avr5\libgcc.a(_unpack_sf.o)
 .debug_frame   0x00000140       0x20 e:/imt/tools/sdk/imt_sdk_win_64/winavr/bin/../lib/gcc/avr/4.3.3/avr5\libgcc.a(_fpcmp_parts_sf.o)

.debug_str      0x00000000      0x28d
 *(.debug_str)
 .debug_str     0x00000000       0xbf e:/imt/tools/sdk/imt_sdk_win_64/winavr/bin/../lib/gcc/avr/4.3.3/avr5\libgcc.a(_fixunssfsi.o)
                                 0xfe (size before relaxing)
 .debug_str     0x000000bf      0x14d e:/imt/tools/sdk/imt_sdk_win_64/winavr/bin/../lib/gcc/avr/4.3.3/avr5\libgcc.a(_addsub_sf.o)
                                0x206 (size before relaxing)
 .debug_str     0x0000020c       0x27 e:/imt/tools/sdk/imt_sdk_win_64/winavr/bin/../lib/gcc/avr/4.3.3/avr5\libgcc.a(_mul_sf.o)
                                0x1bf (size before relaxing)
 .debug_str     0x00000233        0xf e:/imt/tools/sdk/imt_sdk_win_64/winavr/bin/../lib/gcc/avr/4.3.3/avr5\libgcc.a(_gt_sf.o)
                                0x195 (size before relaxing)
 .debug_str     0x00000242        0x8 e:/imt/tools/sdk/imt_sdk_win_64/winavr/bin/../lib/gcc/avr/4.3.3/avr5\libgcc.a(_ge_sf.o)
                                0x195 (size before relaxing)
 .debug_str     0x0000024a        0x8 e:/imt/tools/sdk/imt_sdk_win_64/winavr/bin/../lib/gcc/avr/4.3.3/avr5\libgcc.a(_lt_sf.o)
                                0x195 (size before relaxing)
 .debug_str     0x00000252        0xa e:/imt/tools/sdk/imt_sdk_win_64/winavr/bin/../lib/gcc/avr/4.3.3/avr5\libgcc.a(_sf_to_si.o)
                                0x19e (size before relaxing)
 .debug_str     0x00000000      0x103 e:/imt/tools/sdk/imt_sdk_win_64/winavr/bin/../lib/gcc/avr/4.3.3/avr5\libgcc.a(_thenan_sf.o)
 .debug_str     0x0000025c       0x16 e:/imt/tools/sdk/imt_sdk_win_64/winavr/bin/../lib/gcc/avr/4.3.3/avr5\libgcc.a(_pack_sf.o)
                                0x19d (size before relaxing)
 .debug_str     0x00000272        0xb e:/imt/tools/sdk/imt_sdk_win_64/winavr/bin/../lib/gcc/avr/4.3.3/avr5\libgcc.a(_unpack_sf.o)
                                0x17f (size before relaxing)
 .debug_str     0x0000027d       0x10 e:/imt/tools/sdk/imt_sdk_win_64/winavr/bin/../lib/gcc/avr/4.3.3/avr5\libgcc.a(_fpcmp_parts_sf.o)
                                0x163 (size before relaxing)

.debug_loc      0x00000000      0x7ce
 *(.debug_loc)
 .debug_loc     0x00000000       0x34 e:/imt/tools/sdk/imt_sdk_win_64/winavr/bin/../lib/gcc/avr/4.3.3/avr5\libgcc.a(_fixunssfsi.o)
 .debug_loc     0x00000034      0x32a e:/imt/tools/sdk/imt_sdk_win_64/winavr/bin/../lib/gcc/avr/4.3.3/avr5\libgcc.a(_addsub_sf.o)
 .debug_loc     0x0000035e      0x104 e:/imt/tools/sdk/imt_sdk_win_64/winavr/bin/../lib/gcc/avr/4.3.3/avr5\libgcc.a(_mul_sf.o)
 .debug_loc     0x00000462       0x3c e:/imt/tools/sdk/imt_sdk_win_64/winavr/bin/../lib/gcc/avr/4.3.3/avr5\libgcc.a(_gt_sf.o)
 .debug_loc     0x0000049e       0x3c e:/imt/tools/sdk/imt_sdk_win_64/winavr/bin/../lib/gcc/avr/4.3.3/avr5\libgcc.a(_ge_sf.o)
 .debug_loc     0x000004da       0x3c e:/imt/tools/sdk/imt_sdk_win_64/winavr/bin/../lib/gcc/avr/4.3.3/avr5\libgcc.a(_lt_sf.o)
 .debug_loc     0x00000516       0x7e e:/imt/tools/sdk/imt_sdk_win_64/winavr/bin/../lib/gcc/avr/4.3.3/avr5\libgcc.a(_sf_to_si.o)
 .debug_loc     0x00000594      0x13e e:/imt/tools/sdk/imt_sdk_win_64/winavr/bin/../lib/gcc/avr/4.3.3/avr5\libgcc.a(_pack_sf.o)
 .debug_loc     0x000006d2       0xac e:/imt/tools/sdk/imt_sdk_win_64/winavr/bin/../lib/gcc/avr/4.3.3/avr5\libgcc.a(_unpack_sf.o)
 .debug_loc     0x0000077e       0x50 e:/imt/tools/sdk/imt_sdk_win_64/winavr/bin/../lib/gcc/avr/4.3.3/avr5\libgcc.a(_fpcmp_parts_sf.o)

.debug_macinfo
 *(.debug_macinfo)
OUTPUT(FreeRTOS_LCD.elf elf32-avr)
LOAD linker stubs

.debug_ranges   0x00000000       0x50
 .debug_ranges  0x00000000       0x50 e:/imt/tools/sdk/imt_sdk_win_64/winavr/bin/../lib/gcc/avr/4.3.3/avr5\libgcc.a(_mul_sf.o)
