Archive member included because of file (symbol)

e:/imt/tools/sdk/imt_sdk_win_64/winavr/bin/../lib/gcc/avr/4.3.3/avr5\libgcc.a(_exit.o)
                              e:/imt/tools/sdk/imt_sdk_win_64/winavr/bin/../lib/gcc/avr/4.3.3/../../../../avr/lib/avr5/crtm32.o (exit)
e:/imt/tools/sdk/imt_sdk_win_64/winavr/bin/../lib/gcc/avr/4.3.3/avr5\libgcc.a(_copy_data.o)
                              ./main.o (__do_copy_data)
e:/imt/tools/sdk/imt_sdk_win_64/winavr/bin/../lib/gcc/avr/4.3.3/avr5\libgcc.a(_clear_bss.o)
                              ./heap_1.o (__do_clear_bss)
e:/imt/tools/sdk/imt_sdk_win_64/winavr/bin/../lib/gcc/avr/4.3.3/../../../../avr/lib/avr5\libc.a(memcpy.o)
                              ./queue.o (memcpy)
e:/imt/tools/sdk/imt_sdk_win_64/winavr/bin/../lib/gcc/avr/4.3.3/../../../../avr/lib/avr5\libc.a(memset.o)
                              ./stream_buffer.o (memset)

Memory Configuration

Name             Origin             Length             Attributes
text             0x00000000         0x00020000         xr
data             0x00800060         0x0000ffa0         rw !x
eeprom           0x00810000         0x00010000         rw !x
fuse             0x00820000         0x00000400         rw !x
lock             0x00830000         0x00000400         rw !x
signature        0x00840000         0x00000400         rw !x
*default*        0x00000000         0xffffffff

Linker script and memory map

LOAD e:/imt/tools/sdk/imt_sdk_win_64/winavr/bin/../lib/gcc/avr/4.3.3/../../../../avr/lib/avr5/crtm32.o
LOAD ./DIO_Program.o
LOAD ./Dio_prg.o
LOAD ./Led_prg.o
LOAD ./croutine.o
LOAD ./event_groups.o
LOAD ./heap_1.o
LOAD ./list.o
LOAD ./main.o
LOAD ./port.o
LOAD ./queue.o
LOAD ./stream_buffer.o
LOAD ./tasks.o
LOAD ./timers.o
LOAD e:/imt/tools/sdk/imt_sdk_win_64/winavr/bin/../lib/gcc/avr/4.3.3/avr5\libgcc.a
LOAD e:/imt/tools/sdk/imt_sdk_win_64/winavr/bin/../lib/gcc/avr/4.3.3/../../../../avr/lib/avr5\libc.a
LOAD e:/imt/tools/sdk/imt_sdk_win_64/winavr/bin/../lib/gcc/avr/4.3.3/avr5\libgcc.a

.hash
 *(.hash)

.dynsym
 *(.dynsym)

.dynstr
 *(.dynstr)

.gnu.version
 *(.gnu.version)

.gnu.version_d
 *(.gnu.version_d)

.gnu.version_r
 *(.gnu.version_r)

.rel.init
 *(.rel.init)

.rela.init
 *(.rela.init)

.rel.text
 *(.rel.text)
 *(.rel.text.*)
 *(.rel.gnu.linkonce.t*)

.rela.text
 *(.rela.text)
 *(.rela.text.*)
 *(.rela.gnu.linkonce.t*)

.rel.fini
 *(.rel.fini)

.rela.fini
 *(.rela.fini)

.rel.rodata
 *(.rel.rodata)
 *(.rel.rodata.*)
 *(.rel.gnu.linkonce.r*)

.rela.rodata
 *(.rela.rodata)
 *(.rela.rodata.*)
 *(.rela.gnu.linkonce.r*)

.rel.data
 *(.rel.data)
 *(.rel.data.*)
 *(.rel.gnu.linkonce.d*)

.rela.data
 *(.rela.data)
 *(.rela.data.*)
 *(.rela.gnu.linkonce.d*)

.rel.ctors
 *(.rel.ctors)

.rela.ctors
 *(.rela.ctors)

.rel.dtors
 *(.rel.dtors)

.rela.dtors
 *(.rela.dtors)

.rel.got
 *(.rel.got)

.rela.got
 *(.rela.got)

.rel.bss
 *(.rel.bss)

.rela.bss
 *(.rela.bss)

.rel.plt
 *(.rel.plt)

.rela.plt
 *(.rela.plt)

.text           0x00000000     0x60de
 *(.vectors)
 .vectors       0x00000000       0x54 e:/imt/tools/sdk/imt_sdk_win_64/winavr/bin/../lib/gcc/avr/4.3.3/../../../../avr/lib/avr5/crtm32.o
                0x00000000                __vectors
                0x00000000                __vector_default
 *(.vectors)
 *(.progmem.gcc*)
 *(.progmem*)
                0x00000054                . = ALIGN (0x2)
                0x00000054                __trampolines_start = .
 *(.trampolines)
 .trampolines   0x00000054        0x0 linker stubs
 *(.trampolines*)
                0x00000054                __trampolines_end = .
 *(.jumptables)
 *(.jumptables*)
 *(.lowtext)
 *(.lowtext*)
                0x00000054                __ctors_start = .
 *(.ctors)
                0x00000054                __ctors_end = .
                0x00000054                __dtors_start = .
 *(.dtors)
                0x00000054                __dtors_end = .
 SORT(*)(.ctors)
 SORT(*)(.dtors)
 *(.init0)
 .init0         0x00000054        0x0 e:/imt/tools/sdk/imt_sdk_win_64/winavr/bin/../lib/gcc/avr/4.3.3/../../../../avr/lib/avr5/crtm32.o
                0x00000054                __init
 *(.init0)
 *(.init1)
 *(.init1)
 *(.init2)
 .init2         0x00000054        0xc e:/imt/tools/sdk/imt_sdk_win_64/winavr/bin/../lib/gcc/avr/4.3.3/../../../../avr/lib/avr5/crtm32.o
 *(.init2)
 *(.init3)
 *(.init3)
 *(.init4)
 .init4         0x00000060       0x16 e:/imt/tools/sdk/imt_sdk_win_64/winavr/bin/../lib/gcc/avr/4.3.3/avr5\libgcc.a(_copy_data.o)
                0x00000060                __do_copy_data
 .init4         0x00000076       0x10 e:/imt/tools/sdk/imt_sdk_win_64/winavr/bin/../lib/gcc/avr/4.3.3/avr5\libgcc.a(_clear_bss.o)
                0x00000076                __do_clear_bss
 *(.init4)
 *(.init5)
 *(.init5)
 *(.init6)
 *(.init6)
 *(.init7)
 *(.init7)
 *(.init8)
 *(.init8)
 *(.init9)
 .init9         0x00000086        0x8 e:/imt/tools/sdk/imt_sdk_win_64/winavr/bin/../lib/gcc/avr/4.3.3/../../../../avr/lib/avr5/crtm32.o
 *(.init9)
 *(.text)
 .text          0x0000008e        0x4 e:/imt/tools/sdk/imt_sdk_win_64/winavr/bin/../lib/gcc/avr/4.3.3/../../../../avr/lib/avr5/crtm32.o
                0x0000008e                __vector_1
                0x0000008e                __vector_12
                0x0000008e                __bad_interrupt
                0x0000008e                __vector_6
                0x0000008e                __vector_3
                0x0000008e                __vector_11
                0x0000008e                __vector_13
                0x0000008e                __vector_17
                0x0000008e                __vector_19
                0x0000008e                __vector_5
                0x0000008e                __vector_4
                0x0000008e                __vector_9
                0x0000008e                __vector_2
                0x0000008e                __vector_15
                0x0000008e                __vector_8
                0x0000008e                __vector_14
                0x0000008e                __vector_10
                0x0000008e                __vector_16
                0x0000008e                __vector_18
                0x0000008e                __vector_20
 .text          0x00000092        0x0 ./DIO_Program.o
 .text          0x00000092        0x0 ./Dio_prg.o
 .text          0x00000092        0x0 ./Led_prg.o
 .text          0x00000092        0x0 ./croutine.o
 .text          0x00000092        0x0 ./event_groups.o
 .text          0x00000092        0x0 ./heap_1.o
 .text          0x00000092        0x0 ./list.o
 .text          0x00000092        0x0 ./main.o
 .text          0x00000092        0x0 ./port.o
 .text          0x00000092        0x0 ./queue.o
 .text          0x00000092        0x0 ./stream_buffer.o
 .text          0x00000092        0x0 ./tasks.o
 .text          0x00000092        0x0 ./timers.o
 .text          0x00000092        0x0 e:/imt/tools/sdk/imt_sdk_win_64/winavr/bin/../lib/gcc/avr/4.3.3/avr5\libgcc.a(_exit.o)
 .text          0x00000092        0x0 e:/imt/tools/sdk/imt_sdk_win_64/winavr/bin/../lib/gcc/avr/4.3.3/avr5\libgcc.a(_copy_data.o)
 .text          0x00000092        0x0 e:/imt/tools/sdk/imt_sdk_win_64/winavr/bin/../lib/gcc/avr/4.3.3/avr5\libgcc.a(_clear_bss.o)
 .text          0x00000092        0x0 e:/imt/tools/sdk/imt_sdk_win_64/winavr/bin/../lib/gcc/avr/4.3.3/../../../../avr/lib/avr5\libc.a(memcpy.o)
 .text          0x00000092        0x0 e:/imt/tools/sdk/imt_sdk_win_64/winavr/bin/../lib/gcc/avr/4.3.3/../../../../avr/lib/avr5\libc.a(memset.o)
                0x00000092                . = ALIGN (0x2)
 *(.text.*)
 .text.DIO_vidSetPinDirection
                0x00000092      0x200 ./DIO_Program.o
                0x00000092                DIO_vidSetPinDirection
 .text.DIO_vidSetPinValue
                0x00000292      0x200 ./DIO_Program.o
                0x00000292                DIO_vidSetPinValue
 .text.DIO_u8GetPinValue
                0x00000492       0xf4 ./DIO_Program.o
                0x00000492                DIO_u8GetPinValue
 .text.DIO_vidTogglePin
                0x00000586       0xfa ./DIO_Program.o
                0x00000586                DIO_vidTogglePin
 .text.DIO_vidSetPortDirection
                0x00000680       0x82 ./DIO_Program.o
                0x00000680                DIO_vidSetPortDirection
 .text.DIO_vidSetPortValue
                0x00000702       0x82 ./DIO_Program.o
                0x00000702                DIO_vidSetPortValue
 .text.Dio_vidSetPinDir
                0x00000784      0x6cc ./Dio_prg.o
                0x00000784                Dio_vidSetPinDir
 .text.Dio_vidSetPinVal
                0x00000e50      0x6cc ./Dio_prg.o
                0x00000e50                Dio_vidSetPinVal
 .text.Led_vidInit
                0x0000151c       0xd0 ./Led_prg.o
                0x0000151c                Led_vidInit
 .text.Led_vidTurnOn
                0x000015ec       0xd0 ./Led_prg.o
                0x000015ec                Led_vidTurnOn
 .text.Led_vidTurnOff
                0x000016bc       0xd0 ./Led_prg.o
                0x000016bc                Led_vidTurnOff
 .text.xEventGroupCreate
                0x0000178c       0x3e ./event_groups.o
                0x0000178c                xEventGroupCreate
 .text.xEventGroupSync
                0x000017ca      0x172 ./event_groups.o
                0x000017ca                xEventGroupSync
 .text.xEventGroupWaitBits
                0x0000193c      0x18c ./event_groups.o
                0x0000193c                xEventGroupWaitBits
 .text.xEventGroupClearBits
                0x00001ac8       0x6c ./event_groups.o
                0x00001ac8                xEventGroupClearBits
 .text.xEventGroupGetBitsFromISR
                0x00001b34       0x44 ./event_groups.o
                0x00001b34                xEventGroupGetBitsFromISR
 .text.xEventGroupSetBits
                0x00001b78      0x164 ./event_groups.o
                0x00001b78                xEventGroupSetBits
 .text.vEventGroupDelete
                0x00001cdc       0x62 ./event_groups.o
                0x00001cdc                vEventGroupDelete
 .text.vEventGroupSetBitsCallback
                0x00001d3e       0x3a ./event_groups.o
                0x00001d3e                vEventGroupSetBitsCallback
 .text.vEventGroupClearBitsCallback
                0x00001d78       0x3a ./event_groups.o
                0x00001d78                vEventGroupClearBitsCallback
 .text.prvTestWaitCondition
                0x00001db2       0x64 ./event_groups.o
 .text.pvPortMalloc
                0x00001e16       0xac ./heap_1.o
                0x00001e16                pvPortMalloc
 .text.vPortFree
                0x00001ec2       0x18 ./heap_1.o
                0x00001ec2                vPortFree
 .text.vPortInitialiseBlocks
                0x00001eda       0x16 ./heap_1.o
                0x00001eda                vPortInitialiseBlocks
 .text.xPortGetFreeHeapSize
                0x00001ef0       0x1e ./heap_1.o
                0x00001ef0                xPortGetFreeHeapSize
 .text.vListInitialise
                0x00001f0e       0x54 ./list.o
                0x00001f0e                vListInitialise
 .text.vListInitialiseItem
                0x00001f62       0x20 ./list.o
                0x00001f62                vListInitialiseItem
 .text.vListInsertEnd
                0x00001f82       0x88 ./list.o
                0x00001f82                vListInsertEnd
 .text.vListInsert
                0x0000200a       0xd8 ./list.o
                0x0000200a                vListInsert
 .text.uxListRemove
                0x000020e2       0x98 ./list.o
                0x000020e2                uxListRemove
 .text.main     0x0000217a       0x66 ./main.o
                0x0000217a                main
 .text.Task_1_Func
                0x000021e0       0x38 ./main.o
                0x000021e0                Task_1_Func
 .text.Task_2_Func
                0x00002218       0x38 ./main.o
                0x00002218                Task_2_Func
 .text.pxPortInitialiseStack
                0x00002250      0x306 ./port.o
                0x00002250                pxPortInitialiseStack
 .text.xPortStartScheduler
                0x00002556       0x6a ./port.o
                0x00002556                xPortStartScheduler
 .text.vPortEndScheduler
                0x000025c0        0xe ./port.o
                0x000025c0                vPortEndScheduler
 .text.vPortYield
                0x000025ce       0xb2 ./port.o
                0x000025ce                vPortYield
 .text.vPortYieldFromTick
                0x00002680       0xba ./port.o
                0x00002680                vPortYieldFromTick
 .text.prvSetupTimerInterrupt
                0x0000273a       0xb8 ./port.o
 .text.__vector_7
                0x000027f2        0x6 ./port.o
                0x000027f2                __vector_7
 .text.xQueueGenericReset
                0x000027f8      0x10c ./queue.o
                0x000027f8                xQueueGenericReset
 .text.xQueueGenericCreate
                0x00002904       0xa2 ./queue.o
                0x00002904                xQueueGenericCreate
 .text.prvInitialiseNewQueue
                0x000029a6       0x76 ./queue.o
 .text.xQueueCreateCountingSemaphore
                0x00002a1c       0x40 ./queue.o
                0x00002a1c                xQueueCreateCountingSemaphore
 .text.xQueueGenericSend
                0x00002a5c      0x158 ./queue.o
                0x00002a5c                xQueueGenericSend
 .text.xQueueGenericSendFromISR
                0x00002bb4       0xb0 ./queue.o
                0x00002bb4                xQueueGenericSendFromISR
 .text.xQueueGiveFromISR
                0x00002c64       0xa2 ./queue.o
                0x00002c64                xQueueGiveFromISR
 .text.xQueueReceive
                0x00002d06      0x156 ./queue.o
                0x00002d06                xQueueReceive
 .text.xQueueSemaphoreTake
                0x00002e5c      0x144 ./queue.o
                0x00002e5c                xQueueSemaphoreTake
 .text.xQueuePeek
                0x00002fa0      0x164 ./queue.o
                0x00002fa0                xQueuePeek
 .text.xQueueReceiveFromISR
                0x00003104       0xae ./queue.o
                0x00003104                xQueueReceiveFromISR
 .text.xQueuePeekFromISR
                0x000031b2       0x72 ./queue.o
                0x000031b2                xQueuePeekFromISR
 .text.uxQueueMessagesWaiting
                0x00003224       0x30 ./queue.o
                0x00003224                uxQueueMessagesWaiting
 .text.uxQueueSpacesAvailable
                0x00003254       0x4a ./queue.o
                0x00003254                uxQueueSpacesAvailable
 .text.uxQueueMessagesWaitingFromISR
                0x0000329e       0x34 ./queue.o
                0x0000329e                uxQueueMessagesWaitingFromISR
 .text.vQueueDelete
                0x000032d2       0x2e ./queue.o
                0x000032d2                vQueueDelete
 .text.prvCopyDataToQueue
                0x00003300      0x14c ./queue.o
 .text.prvCopyDataFromQueue
                0x0000344c       0x8e ./queue.o
 .text.prvUnlockQueue
                0x000034da       0xa6 ./queue.o
 .text.prvIsQueueEmpty
                0x00003580       0x3a ./queue.o
 .text.xQueueIsQueueEmptyFromISR
                0x000035ba       0x3e ./queue.o
                0x000035ba                xQueueIsQueueEmptyFromISR
 .text.prvIsQueueFull
                0x000035f8       0x40 ./queue.o
 .text.xQueueIsQueueFullFromISR
                0x00003638       0x44 ./queue.o
                0x00003638                xQueueIsQueueFullFromISR
 .text.xStreamBufferGenericCreate
                0x0000367c       0x98 ./stream_buffer.o
                0x0000367c                xStreamBufferGenericCreate
 .text.vStreamBufferDelete
                0x00003714       0x52 ./stream_buffer.o
                0x00003714                vStreamBufferDelete
 .text.xStreamBufferReset
                0x00003766       0x84 ./stream_buffer.o
                0x00003766                xStreamBufferReset
 .text.xStreamBufferSetTriggerLevel
                0x000037ea       0x6e ./stream_buffer.o
                0x000037ea                xStreamBufferSetTriggerLevel
 .text.xStreamBufferSpacesAvailable
                0x00003858       0x8c ./stream_buffer.o
                0x00003858                xStreamBufferSpacesAvailable
 .text.xStreamBufferBytesAvailable
                0x000038e4       0x3c ./stream_buffer.o
                0x000038e4                xStreamBufferBytesAvailable
 .text.xStreamBufferSend
                0x00003920      0x190 ./stream_buffer.o
                0x00003920                xStreamBufferSend
 .text.xStreamBufferSendFromISR
                0x00003ab0       0xfa ./stream_buffer.o
                0x00003ab0                xStreamBufferSendFromISR
 .text.prvWriteMessageToBuffer
                0x00003baa       0xe4 ./stream_buffer.o
 .text.xStreamBufferReceive
                0x00003c8e      0x174 ./stream_buffer.o
                0x00003c8e                xStreamBufferReceive
 .text.xStreamBufferNextMessageLengthBytes
                0x00003e02       0xa4 ./stream_buffer.o
                0x00003e02                xStreamBufferNextMessageLengthBytes
 .text.xStreamBufferReceiveFromISR
                0x00003ea6       0xf0 ./stream_buffer.o
                0x00003ea6                xStreamBufferReceiveFromISR
 .text.prvReadMessageFromBuffer
                0x00003f96       0xd8 ./stream_buffer.o
 .text.xStreamBufferIsEmpty
                0x0000406e       0x5a ./stream_buffer.o
                0x0000406e                xStreamBufferIsEmpty
 .text.xStreamBufferIsFull
                0x000040c8       0x70 ./stream_buffer.o
                0x000040c8                xStreamBufferIsFull
 .text.xStreamBufferSendCompletedFromISR
                0x00004138       0x86 ./stream_buffer.o
                0x00004138                xStreamBufferSendCompletedFromISR
 .text.xStreamBufferReceiveCompletedFromISR
                0x000041be       0x86 ./stream_buffer.o
                0x000041be                xStreamBufferReceiveCompletedFromISR
 .text.prvWriteBytesToBuffer
                0x00004244      0x11a ./stream_buffer.o
 .text.prvReadBytesFromBuffer
                0x0000435e      0x15a ./stream_buffer.o
 .text.prvBytesInBuffer
                0x000044b8       0x74 ./stream_buffer.o
 .text.prvInitialiseNewStreamBuffer
                0x0000452c       0x78 ./stream_buffer.o
 .text.xTaskCreate
                0x000045a4       0xf0 ./tasks.o
                0x000045a4                xTaskCreate
 .text.prvInitialiseNewTask
                0x00004694      0x178 ./tasks.o
 .text.prvAddNewTaskToReadyList
                0x0000480c       0xf0 ./tasks.o
 .text.vTaskDelete
                0x000048fc       0xe4 ./tasks.o
                0x000048fc                vTaskDelete
 .text.vTaskDelayUntil
                0x000049e0       0xe4 ./tasks.o
                0x000049e0                vTaskDelayUntil
 .text.vTaskDelay
                0x00004ac4       0x44 ./tasks.o
                0x00004ac4                vTaskDelay
 .text.vTaskSuspend
                0x00004b08       0xe8 ./tasks.o
                0x00004b08                vTaskSuspend
 .text.prvTaskIsTaskSuspended
                0x00004bf0       0x5e ./tasks.o
 .text.vTaskResume
                0x00004c4e       0xc8 ./tasks.o
                0x00004c4e                vTaskResume
 .text.xTaskResumeFromISR
                0x00004d16       0xcc ./tasks.o
                0x00004d16                xTaskResumeFromISR
 .text.vTaskStartScheduler
                0x00004de2       0x64 ./tasks.o
                0x00004de2                vTaskStartScheduler
 .text.vTaskEndScheduler
                0x00004e46       0x18 ./tasks.o
                0x00004e46                vTaskEndScheduler
 .text.vTaskSuspendAll
                0x00004e5e       0x18 ./tasks.o
                0x00004e5e                vTaskSuspendAll
 .text.xTaskResumeAll
                0x00004e76      0x126 ./tasks.o
                0x00004e76                xTaskResumeAll
 .text.xTaskGetTickCount
                0x00004f9c       0x2e ./tasks.o
                0x00004f9c                xTaskGetTickCount
 .text.xTaskGetTickCountFromISR
                0x00004fca       0x2a ./tasks.o
                0x00004fca                xTaskGetTickCountFromISR
 .text.uxTaskGetNumberOfTasks
                0x00004ff4       0x12 ./tasks.o
                0x00004ff4                uxTaskGetNumberOfTasks
 .text.pcTaskGetName
                0x00005006       0x50 ./tasks.o
                0x00005006                pcTaskGetName
 .text.xTaskIncrementTick
                0x00005056      0x1ca ./tasks.o
                0x00005056                xTaskIncrementTick
 .text.vTaskSwitchContext
                0x00005220       0xda ./tasks.o
                0x00005220                vTaskSwitchContext
 .text.vTaskPlaceOnEventList
                0x000052fa       0x44 ./tasks.o
                0x000052fa                vTaskPlaceOnEventList
 .text.vTaskPlaceOnUnorderedEventList
                0x0000533e       0x60 ./tasks.o
                0x0000533e                vTaskPlaceOnUnorderedEventList
 .text.xTaskRemoveFromEventList
                0x0000539e       0xd6 ./tasks.o
                0x0000539e                xTaskRemoveFromEventList
 .text.vTaskRemoveFromUnorderedEventList
                0x00005474       0xba ./tasks.o
                0x00005474                vTaskRemoveFromUnorderedEventList
 .text.vTaskSetTimeOutState
                0x0000552e       0x3c ./tasks.o
                0x0000552e                vTaskSetTimeOutState
 .text.vTaskInternalSetTimeOutState
                0x0000556a       0x32 ./tasks.o
                0x0000556a                vTaskInternalSetTimeOutState
 .text.xTaskCheckForTimeOut
                0x0000559c       0xda ./tasks.o
                0x0000559c                xTaskCheckForTimeOut
 .text.vTaskMissedYield
                0x00005676       0x14 ./tasks.o
                0x00005676                vTaskMissedYield
 .text.prvIdleTask
                0x0000568a       0x14 ./tasks.o
 .text.prvInitialiseTaskLists
                0x0000569e       0x82 ./tasks.o
 .text.prvCheckTasksWaitingTermination
                0x00005720       0x5e ./tasks.o
 .text.prvDeleteTCB
                0x0000577e       0x2c ./tasks.o
 .text.prvResetNextTaskUnblockTime
                0x000057aa       0x56 ./tasks.o
 .text.xTaskGetCurrentTaskHandle
                0x00005800       0x24 ./tasks.o
                0x00005800                xTaskGetCurrentTaskHandle
 .text.uxTaskResetEventItemValue
                0x00005824       0x4e ./tasks.o
                0x00005824                uxTaskResetEventItemValue
 .text.ulTaskNotifyTake
                0x00005872       0xee ./tasks.o
                0x00005872                ulTaskNotifyTake
 .text.xTaskNotifyWait
                0x00005960      0x138 ./tasks.o
                0x00005960                xTaskNotifyWait
 .text.xTaskGenericNotify
                0x00005a98      0x1ba ./tasks.o
                0x00005a98                xTaskGenericNotify
 .text.xTaskGenericNotifyFromISR
                0x00005c52      0x1f0 ./tasks.o
                0x00005c52                xTaskGenericNotifyFromISR
 .text.vTaskNotifyGiveFromISR
                0x00005e42      0x10c ./tasks.o
                0x00005e42                vTaskNotifyGiveFromISR
 .text.xTaskNotifyStateClear
                0x00005f4e       0x74 ./tasks.o
                0x00005f4e                xTaskNotifyStateClear
 .text.prvAddCurrentTaskToDelayedList
                0x00005fc2       0xf8 ./tasks.o
 .text.libgcc   0x000060ba        0x0 e:/imt/tools/sdk/imt_sdk_win_64/winavr/bin/../lib/gcc/avr/4.3.3/avr5\libgcc.a(_exit.o)
 .text.libgcc   0x000060ba        0x0 e:/imt/tools/sdk/imt_sdk_win_64/winavr/bin/../lib/gcc/avr/4.3.3/avr5\libgcc.a(_copy_data.o)
 .text.libgcc   0x000060ba        0x0 e:/imt/tools/sdk/imt_sdk_win_64/winavr/bin/../lib/gcc/avr/4.3.3/avr5\libgcc.a(_clear_bss.o)
 .text.avr-libc
                0x000060ba       0x12 e:/imt/tools/sdk/imt_sdk_win_64/winavr/bin/../lib/gcc/avr/4.3.3/../../../../avr/lib/avr5\libc.a(memcpy.o)
                0x000060ba                memcpy
 .text.avr-libc
                0x000060cc        0xe e:/imt/tools/sdk/imt_sdk_win_64/winavr/bin/../lib/gcc/avr/4.3.3/../../../../avr/lib/avr5\libc.a(memset.o)
                0x000060cc                memset
                0x000060da                . = ALIGN (0x2)
 *(.fini9)
 .fini9         0x000060da        0x0 e:/imt/tools/sdk/imt_sdk_win_64/winavr/bin/../lib/gcc/avr/4.3.3/avr5\libgcc.a(_exit.o)
                0x000060da                exit
                0x000060da                _exit
 *(.fini9)
 *(.fini8)
 *(.fini8)
 *(.fini7)
 *(.fini7)
 *(.fini6)
 *(.fini6)
 *(.fini5)
 *(.fini5)
 *(.fini4)
 *(.fini4)
 *(.fini3)
 *(.fini3)
 *(.fini2)
 *(.fini2)
 *(.fini1)
 *(.fini1)
 *(.fini0)
 .fini0         0x000060da        0x4 e:/imt/tools/sdk/imt_sdk_win_64/winavr/bin/../lib/gcc/avr/4.3.3/avr5\libgcc.a(_exit.o)
 *(.fini0)
                0x000060de                _etext = .

.data           0x00800060       0x14 load address 0x000060de
                0x00800060                PROVIDE (__data_start, .)
 *(.data)
 .data          0x00800060        0x0 e:/imt/tools/sdk/imt_sdk_win_64/winavr/bin/../lib/gcc/avr/4.3.3/../../../../avr/lib/avr5/crtm32.o
 .data          0x00800060        0x0 ./DIO_Program.o
 .data          0x00800060        0x0 ./Dio_prg.o
 .data          0x00800060        0x0 ./Led_prg.o
 .data          0x00800060        0x0 ./croutine.o
 .data          0x00800060        0x0 ./event_groups.o
 .data          0x00800060        0x0 ./heap_1.o
 .data          0x00800060        0x0 ./list.o
 .data          0x00800060        0xe ./main.o
 .data          0x0080006e        0x0 ./port.o
 .data          0x0080006e        0x0 ./queue.o
 .data          0x0080006e        0x0 ./stream_buffer.o
 .data          0x0080006e        0x5 ./tasks.o
 .data          0x00800073        0x0 ./timers.o
 .data          0x00800073        0x0 e:/imt/tools/sdk/imt_sdk_win_64/winavr/bin/../lib/gcc/avr/4.3.3/avr5\libgcc.a(_exit.o)
 .data          0x00800073        0x0 e:/imt/tools/sdk/imt_sdk_win_64/winavr/bin/../lib/gcc/avr/4.3.3/avr5\libgcc.a(_copy_data.o)
 .data          0x00800073        0x0 e:/imt/tools/sdk/imt_sdk_win_64/winavr/bin/../lib/gcc/avr/4.3.3/avr5\libgcc.a(_clear_bss.o)
 .data          0x00800073        0x0 e:/imt/tools/sdk/imt_sdk_win_64/winavr/bin/../lib/gcc/avr/4.3.3/../../../../avr/lib/avr5\libc.a(memcpy.o)
 .data          0x00800073        0x0 e:/imt/tools/sdk/imt_sdk_win_64/winavr/bin/../lib/gcc/avr/4.3.3/../../../../avr/lib/avr5\libc.a(memset.o)
 *(.data*)
 *(.rodata)
 *(.rodata*)
 *(.gnu.linkonce.d*)
                0x00800074                . = ALIGN (0x2)
 *fill*         0x00800073        0x1 00
                0x00800074                _edata = .
                0x00800074                PROVIDE (__data_end, .)

.bss            0x00800074      0x648
                0x00800074                PROVIDE (__bss_start, .)
 *(.bss)
 .bss           0x00800074        0x0 e:/imt/tools/sdk/imt_sdk_win_64/winavr/bin/../lib/gcc/avr/4.3.3/../../../../avr/lib/avr5/crtm32.o
 .bss           0x00800074        0x0 ./DIO_Program.o
 .bss           0x00800074        0x0 ./Dio_prg.o
 .bss           0x00800074        0x0 ./Led_prg.o
 .bss           0x00800074        0x0 ./croutine.o
 .bss           0x00800074        0x0 ./event_groups.o
 .bss           0x00800074        0x0 ./heap_1.o
 .bss           0x00800074        0x0 ./list.o
 .bss           0x00800074        0x0 ./main.o
 .bss           0x00800074        0x0 ./port.o
 .bss           0x00800074        0x0 ./queue.o
 .bss           0x00800074        0x0 ./stream_buffer.o
 .bss           0x00800074        0x0 ./tasks.o
 .bss           0x00800074        0x0 ./timers.o
 .bss           0x00800074        0x0 e:/imt/tools/sdk/imt_sdk_win_64/winavr/bin/../lib/gcc/avr/4.3.3/avr5\libgcc.a(_exit.o)
 .bss           0x00800074        0x0 e:/imt/tools/sdk/imt_sdk_win_64/winavr/bin/../lib/gcc/avr/4.3.3/avr5\libgcc.a(_copy_data.o)
 .bss           0x00800074        0x0 e:/imt/tools/sdk/imt_sdk_win_64/winavr/bin/../lib/gcc/avr/4.3.3/avr5\libgcc.a(_clear_bss.o)
 .bss           0x00800074        0x0 e:/imt/tools/sdk/imt_sdk_win_64/winavr/bin/../lib/gcc/avr/4.3.3/../../../../avr/lib/avr5\libc.a(memcpy.o)
 .bss           0x00800074        0x0 e:/imt/tools/sdk/imt_sdk_win_64/winavr/bin/../lib/gcc/avr/4.3.3/../../../../avr/lib/avr5\libc.a(memset.o)
 *(.bss*)
 .bss.xNextFreeByte
                0x00800074        0x2 ./heap_1.o
 .bss.pucAlignedHeap.1647
                0x00800076        0x2 ./heap_1.o
 .bss.ucHeap    0x00800078      0x5dc ./heap_1.o
 .bss.Flag.1553
                0x00800654        0x1 ./main.o
 .bss.Flag.1562
                0x00800655        0x1 ./main.o
 .bss.pxCurrentTCB
                0x00800656        0x2 ./tasks.o
                0x00800656                pxCurrentTCB
 .bss.uxDeletedTasksWaitingCleanUp
                0x00800658        0x1 ./tasks.o
 .bss.uxCurrentNumberOfTasks
                0x00800659        0x1 ./tasks.o
 .bss.xTickCount
                0x0080065a        0x2 ./tasks.o
 .bss.uxTopReadyPriority
                0x0080065c        0x1 ./tasks.o
 .bss.xSchedulerRunning
                0x0080065d        0x1 ./tasks.o
 .bss.uxPendedTicks
                0x0080065e        0x1 ./tasks.o
 .bss.xYieldPending
                0x0080065f        0x1 ./tasks.o
 .bss.xNumOfOverflows
                0x00800660        0x1 ./tasks.o
 .bss.uxTaskNumber
                0x00800661        0x1 ./tasks.o
 .bss.xNextTaskUnblockTime
                0x00800662        0x2 ./tasks.o
 .bss.xIdleTaskHandle
                0x00800664        0x2 ./tasks.o
 .bss.uxSchedulerSuspended
                0x00800666        0x1 ./tasks.o
 .bss.pxReadyTasksLists
                0x00800667       0x24 ./tasks.o
 .bss.xDelayedTaskList1
                0x0080068b        0x9 ./tasks.o
 .bss.xDelayedTaskList2
                0x00800694        0x9 ./tasks.o
 .bss.pxDelayedTaskList
                0x0080069d        0x2 ./tasks.o
 .bss.pxOverflowDelayedTaskList
                0x0080069f        0x2 ./tasks.o
 .bss.xPendingReadyList
                0x008006a1        0x9 ./tasks.o
 .bss.xTasksWaitingTermination
                0x008006aa        0x9 ./tasks.o
 .bss.xSuspendedTaskList
                0x008006b3        0x9 ./tasks.o
 *(COMMON)
                0x008006bc                PROVIDE (__bss_end, .)
                0x000060de                __data_load_start = LOADADDR (.data)
                0x000060f2                __data_load_end = (__data_load_start + SIZEOF (.data))

.noinit         0x008006bc        0x0
                0x008006bc                PROVIDE (__noinit_start, .)
 *(.noinit*)
                0x008006bc                PROVIDE (__noinit_end, .)
                0x008006bc                _end = .
                0x008006bc                PROVIDE (__heap_start, .)

.eeprom         0x00810000        0x0
 *(.eeprom*)
                0x00810000                __eeprom_end = .

.fuse
 *(.fuse)
 *(.lfuse)
 *(.hfuse)
 *(.efuse)

.lock
 *(.lock*)

.signature
 *(.signature*)

.stab           0x00000000     0x8da8
 *(.stab)
 .stab          0x00000000      0x528 ./DIO_Program.o
 .stab          0x00000528      0x9c0 ./Dio_prg.o
                                0x9cc (size before relaxing)
 .stab          0x00000ee8      0x2b8 ./Led_prg.o
                                0x330 (size before relaxing)
 .stab          0x000011a0      0x5ac ./croutine.o
                                0x624 (size before relaxing)
 .stab          0x0000174c      0xdbc ./event_groups.o
                               0x1110 (size before relaxing)
 .stab          0x00002508      0x2e8 ./heap_1.o
                                0x7b0 (size before relaxing)
 .stab          0x000027f0      0x450 ./list.o
                                0x84c (size before relaxing)
 .stab          0x00002c40      0x2e8 ./main.o
                                0x768 (size before relaxing)
 .stab          0x00002f28      0x804 ./port.o
                                0xcc0 (size before relaxing)
 .stab          0x0000372c     0x1af4 ./queue.o
                               0x1fbc (size before relaxing)
 .stab          0x00005220     0x15e4 ./stream_buffer.o
                               0x1a40 (size before relaxing)
 .stab          0x00006804     0x2424 ./tasks.o
                               0x291c (size before relaxing)
 .stab          0x00008c28      0x180 ./timers.o
                                0x6a8 (size before relaxing)

.stabstr        0x00000000     0x463b
 *(.stabstr)
 .stabstr       0x00000000     0x463b ./DIO_Program.o

.stab.excl
 *(.stab.excl)

.stab.exclstr
 *(.stab.exclstr)

.stab.index
 *(.stab.index)

.stab.indexstr
 *(.stab.indexstr)

.comment
 *(.comment)

.debug
 *(.debug)

.line
 *(.line)

.debug_srcinfo
 *(.debug_srcinfo)

.debug_sfnames
 *(.debug_sfnames)

.debug_aranges
 *(.debug_aranges)

.debug_pubnames
 *(.debug_pubnames)

.debug_info
 *(.debug_info)
 *(.gnu.linkonce.wi.*)

.debug_abbrev
 *(.debug_abbrev)

.debug_line
 *(.debug_line)

.debug_frame
 *(.debug_frame)

.debug_str
 *(.debug_str)

.debug_loc
 *(.debug_loc)

.debug_macinfo
 *(.debug_macinfo)
OUTPUT(FreeRTOS_Led.elf elf32-avr)
LOAD linker stubs
